### Starting TaskPrologue of job 1806482 on tg090 at Tue Sep  8 03:51:40 PM CEST 2026
Running on cores 32-63 with governor ondemand
Tue Sep  8 15:51:40 2026       
+-----------------------------------------------------------------------------------------+
| NVIDIA-SMI 610.57.04              KMD Version: 610.57.04     CUDA UMD Version: 13.3     |
+-----------------------------------------+------------------------+----------------------+
| GPU  Name                 Persistence-M | Bus-Id          Disp.A | Volatile Uncorr. ECC |
| Fan  Temp   Perf          Pwr:Usage/Cap |           Memory-Usage | GPU-Util  Compute M. |
|                                         |                        |               MIG M. |
|=========================================+========================+======================|
|   0  NVIDIA A100-SXM4-40GB          On  |   00000000:41:00.0 Off |                    0 |
| N/A   43C    P0             74W /  400W |       0MiB /  40960MiB |      0%      Default |
|                                         |                        |             Disabled |
+-----------------------------------------+------------------------+----------------------+

+-----------------------------------------------------------------------------------------+
| Processes:                                                                              |
|  GPU   GI   CI              PID   Type   Process name                        GPU Memory |
|        ID   ID                                                               Usage      |
|=========================================================================================|
|  No running processes found                                                             |
+-----------------------------------------------------------------------------------------+
### Finished TaskPrologue

Automatically selected 20 features for class 36
Feature IDs: [6805, 7121, 12628, 13179, 13563, 25022, 32573, 37156, 45935, 46602, 51568, 52990, 61410, 63600, 64947, 70221, 73561, 75646, 76415, 79244]
Device: cuda

Loading feature statistics...
Loading k-SAE...
k-SAE k: 32
k-SAE n_features: 81920

Loading dataset...
Target class: 36 yorkshire_terrier
Selected target-class images: 64
First indices: [8, 71, 208, 259, 277, 283, 344, 347, 380, 452, 455, 459, 484, 493, 530, 542, 547, 608, 631, 633]

Loading DiffC model...
Loaded DiffC checkpoint epoch: 88
Loaded DiffC checkpoint test accuracy: 0.8828018533660398
Batch 0: target_counts=[1, 0, 0, 0, 0, 0, 0, 0]
Batch 1: target_counts=[0, 1, 1, 0, 1, 0, 0, 0]
Batch 2: target_counts=[0, 1, 0, 0, 0, 0, 0, 0]
Batch 3: target_counts=[0, 1, 0, 0, 0, 0, 1, 1]
Batch 4: target_counts=[0, 2, 0, 1, 1, 1, 1, 1]
Batch 5: target_counts=[2, 0, 1, 1, 0, 0, 0, 3]
Batch 6: target_counts=[0, 0, 1, 1, 1, 0, 0, 1]
Batch 7: target_counts=[0, 0, 2, 1, 0, 0, 0, 0]

{
    "config": {
        "work_dir": "/home/woody/rlvl/rlvl172v",
        "sd_ksae_dir": "/home/woody/rlvl/rlvl172v/revelio/SD-kSAE",
        "diffc_dir": "/home/woody/rlvl/rlvl172v/revelio/diffc_image_classification",
        "dataset_flag": "timm/oxford-iiit-pet",
        "target_class": 36,
        "num_classes": 37,
        "split": "test",
        "model_name": "runwayml/stable-diffusion-v1-5",
        "diffusion_timestep": 25,
        "diffusion_layer": "up_ft:1",
        "input_channels": 1280,
        "dropout_rate": 0.0,
        "prompt_type": "empty",
        "pooling_strategy": "GAP",
        "diffusion_step_type": "onestep",
        "feature_dir": "/home/woody/rlvl/rlvl172v/revelio/SD-kSAE/features/oxfordpet/SDv1-5/step25_upft1/image512",
        "diffc_checkpoint_path": "/home/woody/rlvl/rlvl172v/revelio/DiffC_outputs/image512/timm-oxford-iiit-pet/runwayml-stable-diffusion-v1-5/diffusion_step_25/layer_up_ft:1/prompt_empty/pool_GAP/dropout_0.0/best_classifier.pt",
        "ksae_checkpoint_path": "/home/woody/rlvl/rlvl172v/revelio/SD-kSAE/Checkpoints/image512/ihny7k5a/final_k_sparse_autoencoder_/home/woody/rlvl/rlvl172v/revelio/SD-kSAE/oxfordpet/SDv1-5/timestep_25/up_blocks_1/image512_10_up_blocks_1_81920.pt",
        "output_path": "/home/woody/rlvl/rlvl172v/revelio/causal_results/image512/active_oxford_upft1_ablation.json",
        "min_purity": 0.8,
        "min_valid": 10,
        "max_ablate_per_image": 5,
        "active_feature_ranking": "purity_actual_activation",
        "max_images": 64,
        "batch_size": 8,
        "random_seed": 42,
        "feature_summary_path": "/home/woody/rlvl/rlvl172v/revelio/SD-kSAE/features/oxfordpet/SDv1-5/step25_upft1/image512/feature_summary_top10.csv",
        "target_feature_ids": [
            6805,
            7121,
            12628,
            13179,
            13563,
            25022,
            32573,
            37156,
            45935,
            46602,
            51568,
            52990,
            61410,
            63600,
            64947,
            70221,
            73561,
            75646,
            76415,
            79244
        ],
        "target_class_name": "yorkshire_terrier"
    },
    "metrics": {
        "original": {
            "accuracy": 0.96875,
            "cross_entropy": 0.09346311712579336,
            "true_class_confidence": 0.9576950818300247,
            "target_class_confidence": 0.9576950818300247,
            "total": 64
        },
        "sae_reconstruction": {
            "accuracy": 0.90625,
            "cross_entropy": 0.20621685410151258,
            "true_class_confidence": 0.8788259327411652,
            "target_class_confidence": 0.8788259327411652,
            "total": 64
        },
        "active_targeted_ablation": {
            "accuracy": 0.96875,
            "cross_entropy": 0.10893428054987453,
            "true_class_confidence": 0.9545784443616867,
            "target_class_confidence": 0.9545784443616867,
            "total": 64
        },
        "active_random_ablation": {
            "accuracy": 0.96875,
            "cross_entropy": 0.08948137689731084,
            "true_class_confidence": 0.9583490863442421,
            "target_class_confidence": 0.9583490863442421,
            "total": 64
        }
    },
    "confidence_drop_from_original": {
        "sae_reconstruction": 0.07886914908885956,
        "active_targeted_ablation": 0.0031166374683380127,
        "active_random_ablation": -0.0006540045142173767
    },
    "activation_summary": {
        "total_images": 64,
        "ksae_k": 32,
        "total_active_features_seen": 2048,
        "total_target_ablated": 29,
        "total_random_ablated": 29,
        "images_with_target_features": 24,
        "fraction_images_with_target_features": 0.375,
        "avg_target_ablated_per_image": 0.453125,
        "avg_random_ablated_per_image": 0.453125,
        "random_control": "active non-target-class features matched without replacement on absolute activation magnitude"
    },
    "treated_images_summary": {
        "total_treated_images": 24,
        "fraction_treated": 0.375,
        "mean_targeted_confidence_drop": 0.008311058821467062,
        "mean_random_confidence_drop": -0.001744055577243368,
        "targeted_minus_random_drop": 0.01005511439871043,
        "mean_targeted_minus_random_logit_drop": 0.4697084228197734,
        "median_targeted_minus_random_logit_drop": 0.3356761932373047,
        "fraction_targeted_drop_greater_than_random": 1.0
    },
    "top_target_ablated_features": [
        {
            "feature_id": 45935,
            "count": 10,
            "activation_sum": 38.97099018096924,
            "avg_activation_when_selected": 3.897099018096924,
            "purity": 0.8999999761581421,
            "majority_label": 36,
            "valid_count": 10,
            "mean_activation": 5.102014541625977,
            "sparsity": 0.04483695328235626
        },
        {
            "feature_id": 37156,
            "count": 4,
            "activation_sum": 12.82702112197876,
            "avg_activation_when_selected": 3.20675528049469,
            "purity": 0.8999999761581421,
            "majority_label": 36,
            "valid_count": 10,
            "mean_activation": 4.758112907409668,
            "sparsity": 0.011956521309912205
        },
        {
            "feature_id": 25022,
            "count": 4,
            "activation_sum": 8.201465129852295,
            "avg_activation_when_selected": 2.0503662824630737,
            "purity": 1.0,
            "majority_label": 36,
            "valid_count": 10,
            "mean_activation": 6.133644104003906,
            "sparsity": 0.013858694583177567
        },
        {
            "feature_id": 73561,
            "count": 2,
            "activation_sum": 3.8821645975112915,
            "avg_activation_when_selected": 1.9410822987556458,
            "purity": 0.8999999761581421,
            "majority_label": 36,
            "valid_count": 10,
            "mean_activation": 6.280498027801514,
            "sparsity": 0.004076086916029453
        },
        {
            "feature_id": 79244,
            "count": 2,
            "activation_sum": 3.470539689064026,
            "avg_activation_when_selected": 1.735269844532013,
            "purity": 0.8999999761581421,
            "majority_label": 36,
            "valid_count": 10,
            "mean_activation": 5.374425411224365,
            "sparsity": 0.004891304299235344
        },
        {
            "feature_id": 32573,
            "count": 1,
            "activation_sum": 3.8565831184387207,
            "avg_activation_when_selected": 3.8565831184387207,
            "purity": 0.800000011920929,
            "majority_label": 36,
            "valid_count": 10,
            "mean_activation": 5.344656467437744,
            "sparsity": 0.01168478187173605
        },
        {
            "feature_id": 51568,
            "count": 1,
            "activation_sum": 2.446258783340454,
            "avg_activation_when_selected": 2.446258783340454,
            "purity": 0.8999999761581421,
            "majority_label": 36,
            "valid_count": 10,
            "mean_activation": 6.193418979644775,
            "sparsity": 0.0032608695328235626
        },
        {
            "feature_id": 52990,
            "count": 1,
            "activation_sum": 2.1114771366119385,
            "avg_activation_when_selected": 2.1114771366119385,
            "purity": 1.0,
            "majority_label": 36,
            "valid_count": 10,
            "mean_activation": 5.998112201690674,
            "sparsity": 0.004076086916029453
        },
        {
            "feature_id": 64947,
            "count": 1,
            "activation_sum": 1.7883354425430298,
            "avg_activation_when_selected": 1.7883354425430298,
            "purity": 1.0,
            "majority_label": 36,
            "valid_count": 10,
            "mean_activation": 4.533626556396484,
            "sparsity": 0.004347825888544321
        },
        {
            "feature_id": 12628,
            "count": 1,
            "activation_sum": 1.590378999710083,
            "avg_activation_when_selected": 1.590378999710083,
            "purity": 1.0,
            "majority_label": 36,
            "valid_count": 10,
            "mean_activation": 6.562910079956055,
            "sparsity": 0.004619564861059189
        },
        {
            "feature_id": 13563,
            "count": 1,
            "activation_sum": 1.3644386529922485,
            "avg_activation_when_selected": 1.3644386529922485,
            "purity": 0.8999999761581421,
            "majority_label": 36,
            "valid_count": 10,
            "mean_activation": 6.377439975738525,
            "sparsity": 0.0027173911221325397
        },
        {
            "feature_id": 63600,
            "count": 1,
            "activation_sum": 1.3178819417953491,
            "avg_activation_when_selected": 1.3178819417953491,
            "purity": 0.8999999761581421,
            "majority_label": 36,
            "valid_count": 10,
            "mean_activation": 6.318172454833984,
            "sparsity": 0.0032608695328235626
        }
    ],
    "top_random_ablated_features": [
        {
            "feature_id": 51932,
            "count": 1
        },
        {
            "feature_id": 39723,
            "count": 1
        },
        {
            "feature_id": 17232,
            "count": 1
        },
        {
            "feature_id": 51899,
            "count": 1
        },
        {
            "feature_id": 31211,
            "count": 1
        },
        {
            "feature_id": 46872,
            "count": 1
        },
        {
            "feature_id": 10953,
            "count": 1
        },
        {
            "feature_id": 66019,
            "count": 1
        },
        {
            "feature_id": 57528,
            "count": 1
        },
        {
            "feature_id": 56065,
            "count": 1
        },
        {
            "feature_id": 45495,
            "count": 1
        },
        {
            "feature_id": 10286,
            "count": 1
        },
        {
            "feature_id": 35832,
            "count": 1
        },
        {
            "feature_id": 41011,
            "count": 1
        },
        {
            "feature_id": 74788,
            "count": 1
        },
        {
            "feature_id": 15713,
            "count": 1
        },
        {
            "feature_id": 66389,
            "count": 1
        },
        {
            "feature_id": 27102,
            "count": 1
        },
        {
            "feature_id": 81037,
            "count": 1
        },
        {
            "feature_id": 57015,
            "count": 1
        },
        {
            "feature_id": 8965,
            "count": 1
        },
        {
            "feature_id": 37166,
            "count": 1
        },
        {
            "feature_id": 65845,
            "count": 1
        },
        {
            "feature_id": 27180,
            "count": 1
        },
        {
            "feature_id": 50138,
            "count": 1
        },
        {
            "feature_id": 15334,
            "count": 1
        },
        {
            "feature_id": 5248,
            "count": 1
        },
        {
            "feature_id": 10274,
            "count": 1
        },
        {
            "feature_id": 11430,
            "count": 1
        }
    ],
    "per_image_results": [
        {
            "image_index": 8,
            "true_label": 36,
            "original_confidence": 0.8842827677726746,
            "targeted_confidence": 0.7195597887039185,
            "random_confidence": 0.9061071872711182,
            "targeted_drop": 0.1647229790687561,
            "random_drop": -0.021824419498443604,
            "number_target_neurons_ablated": 1,
            "number_random_neurons_ablated": 1,
            "target_neuron_ids": [
                45935
            ],
            "random_neuron_ids": [
                51932
            ],
            "sum_target_activation": 4.332523345947266,
            "original_true_logit": 6.309358596801758,
            "targeted_true_logit": 5.379979133605957,
            "random_true_logit": 6.266892910003662,
            "targeted_logit_drop": 0.9293794631958008,
            "random_logit_drop": 0.0424656867980957,
            "logit_drop_difference": 0.8869137763977051
        },
        {
            "image_index": 71,
            "true_label": 36,
            "original_confidence": 0.9995799660682678,
            "targeted_confidence": 0.9995799660682678,
            "random_confidence": 0.9995799660682678,
            "targeted_drop": 0.0,
            "random_drop": 0.0,
            "number_target_neurons_ablated": 0,
            "number_random_neurons_ablated": 0,
            "target_neuron_ids": [],
            "random_neuron_ids": [],
            "sum_target_activation": 0.0,
            "original_true_logit": 6.856932163238525,
            "targeted_true_logit": 6.856932163238525,
            "random_true_logit": 6.856932163238525,
            "targeted_logit_drop": 0.0,
            "random_logit_drop": 0.0,
            "logit_drop_difference": 0.0
        },
        {
            "image_index": 208,
            "true_label": 36,
            "original_confidence": 0.8874869346618652,
            "targeted_confidence": 0.8874869346618652,
            "random_confidence": 0.8874869346618652,
            "targeted_drop": 0.0,
            "random_drop": 0.0,
            "number_target_neurons_ablated": 0,
            "number_random_neurons_ablated": 0,
            "target_neuron_ids": [],
            "random_neuron_ids": [],
            "sum_target_activation": 0.0,
            "original_true_logit": 3.9731712341308594,
            "targeted_true_logit": 3.9731712341308594,
            "random_true_logit": 3.9731712341308594,
            "targeted_logit_drop": 0.0,
            "random_logit_drop": 0.0,
            "logit_drop_difference": 0.0
        },
        {
            "image_index": 259,
            "true_label": 36,
            "original_confidence": 0.9999897480010986,
            "targeted_confidence": 0.9999897480010986,
            "random_confidence": 0.9999897480010986,
            "targeted_drop": 0.0,
            "random_drop": 0.0,
            "number_target_neurons_ablated": 0,
            "number_random_neurons_ablated": 0,
            "target_neuron_ids": [],
            "random_neuron_ids": [],
            "sum_target_activation": 0.0,
            "original_true_logit": 10.357516288757324,
            "targeted_true_logit": 10.357516288757324,
            "random_true_logit": 10.357516288757324,
            "targeted_logit_drop": 0.0,
            "random_logit_drop": 0.0,
            "logit_drop_difference": 0.0
        },
        {
            "image_index": 277,
            "true_label": 36,
            "original_confidence": 0.9999282360076904,
            "targeted_confidence": 0.9999282360076904,
            "random_confidence": 0.9999282360076904,
            "targeted_drop": 0.0,
            "random_drop": 0.0,
            "number_target_neurons_ablated": 0,
            "number_random_neurons_ablated": 0,
            "target_neuron_ids": [],
            "random_neuron_ids": [],
            "sum_target_activation": 0.0,
            "original_true_logit": 9.311859130859375,
            "targeted_true_logit": 9.311859130859375,
            "random_true_logit": 9.311859130859375,
            "targeted_logit_drop": 0.0,
            "random_logit_drop": 0.0,
            "logit_drop_difference": 0.0
        },
        {
            "image_index": 283,
            "true_label": 36,
            "original_confidence": 0.9939729571342468,
            "targeted_confidence": 0.9939729571342468,
            "random_confidence": 0.9939729571342468,
            "targeted_drop": 0.0,
            "random_drop": 0.0,
            "number_target_neurons_ablated": 0,
            "number_random_neurons_ablated": 0,
            "target_neuron_ids": [],
            "random_neuron_ids": [],
            "sum_target_activation": 0.0,
            "original_true_logit": 5.581809997558594,
            "targeted_true_logit": 5.581809997558594,
            "random_true_logit": 5.581809997558594,
            "targeted_logit_drop": 0.0,
            "random_logit_drop": 0.0,
            "logit_drop_difference": 0.0
        },
        {
            "image_index": 344,
            "true_label": 36,
            "original_confidence": 0.9999963045120239,
            "targeted_confidence": 0.9999963045120239,
            "random_confidence": 0.9999963045120239,
            "targeted_drop": 0.0,
            "random_drop": 0.0,
            "number_target_neurons_ablated": 0,
            "number_random_neurons_ablated": 0,
            "target_neuron_ids": [],
            "random_neuron_ids": [],
            "sum_target_activation": 0.0,
            "original_true_logit": 12.322141647338867,
            "targeted_true_logit": 12.322141647338867,
            "random_true_logit": 12.322141647338867,
            "targeted_logit_drop": 0.0,
            "random_logit_drop": 0.0,
            "logit_drop_difference": 0.0
        },
        {
            "image_index": 347,
            "true_label": 36,
            "original_confidence": 0.9821667671203613,
            "targeted_confidence": 0.9821667671203613,
            "random_confidence": 0.9821667671203613,
            "targeted_drop": 0.0,
            "random_drop": 0.0,
            "number_target_neurons_ablated": 0,
            "number_random_neurons_ablated": 0,
            "target_neuron_ids": [],
            "random_neuron_ids": [],
            "sum_target_activation": 0.0,
            "original_true_logit": 5.396010875701904,
            "targeted_true_logit": 5.396010875701904,
            "random_true_logit": 5.396010875701904,
            "targeted_logit_drop": 0.0,
            "random_logit_drop": 0.0,
            "logit_drop_difference": 0.0
        },
        {
            "image_index": 380,
            "true_label": 36,
            "original_confidence": 0.9870377779006958,
            "targeted_confidence": 0.9870377779006958,
            "random_confidence": 0.9870377779006958,
            "targeted_drop": 0.0,
            "random_drop": 0.0,
            "number_target_neurons_ablated": 0,
            "number_random_neurons_ablated": 0,
            "target_neuron_ids": [],
            "random_neuron_ids": [],
            "sum_target_activation": 0.0,
            "original_true_logit": 8.372846603393555,
            "targeted_true_logit": 8.372846603393555,
            "random_true_logit": 8.372846603393555,
            "targeted_logit_drop": 0.0,
            "random_logit_drop": 0.0,
            "logit_drop_difference": 0.0
        },
        {
            "image_index": 452,
            "true_label": 36,
            "original_confidence": 0.989716112613678,
            "targeted_confidence": 0.968117356300354,
            "random_confidence": 0.9891923069953918,
            "targeted_drop": 0.021598756313323975,
            "random_drop": 0.0005238056182861328,
            "number_target_neurons_ablated": 1,
            "number_random_neurons_ablated": 1,
            "target_neuron_ids": [
                45935
            ],
            "random_neuron_ids": [
                39723
            ],
            "sum_target_activation": 4.359011650085449,
            "original_true_logit": 7.974065780639648,
            "targeted_true_logit": 7.155502796173096,
            "random_true_logit": 7.831639766693115,
            "targeted_logit_drop": 0.8185629844665527,
            "random_logit_drop": 0.1424260139465332,
            "logit_drop_difference": 0.6761369705200195
        },
        {
            "image_index": 455,
            "true_label": 36,
            "original_confidence": 0.9989526271820068,
            "targeted_confidence": 0.9986000657081604,
            "random_confidence": 0.9994117021560669,
            "targeted_drop": 0.00035256147384643555,
            "random_drop": -0.0004590749740600586,
            "number_target_neurons_ablated": 1,
            "number_random_neurons_ablated": 1,
            "target_neuron_ids": [
                25022
            ],
            "random_neuron_ids": [
                17232
            ],
            "sum_target_activation": 2.948256254196167,
            "original_true_logit": 8.568513870239258,
            "targeted_true_logit": 8.286294937133789,
            "random_true_logit": 8.821431159973145,
            "targeted_logit_drop": 0.28221893310546875,
            "random_logit_drop": -0.2529172897338867,
            "logit_drop_difference": 0.5351362228393555
        },
        {
            "image_index": 459,
            "true_label": 36,
            "original_confidence": 0.997822642326355,
            "targeted_confidence": 0.997822642326355,
            "random_confidence": 0.997822642326355,
            "targeted_drop": 0.0,
            "random_drop": 0.0,
            "number_target_neurons_ablated": 0,
            "number_random_neurons_ablated": 0,
            "target_neuron_ids": [],
            "random_neuron_ids": [],
            "sum_target_activation": 0.0,
            "original_true_logit": 5.388155937194824,
            "targeted_true_logit": 5.388155937194824,
            "random_true_logit": 5.388155937194824,
            "targeted_logit_drop": 0.0,
            "random_logit_drop": 0.0,
            "logit_drop_difference": 0.0
        },
        {
            "image_index": 484,
            "true_label": 36,
            "original_confidence": 0.9999905824661255,
            "targeted_confidence": 0.9999635219573975,
            "random_confidence": 0.9999891519546509,
            "targeted_drop": 2.7060508728027344e-05,
            "random_drop": 1.430511474609375e-06,
            "number_target_neurons_ablated": 1,
            "number_random_neurons_ablated": 1,
            "target_neuron_ids": [
                45935
            ],
            "random_neuron_ids": [
                51899
            ],
            "sum_target_activation": 5.696658134460449,
            "original_true_logit": 11.696279525756836,
            "targeted_true_logit": 10.495370864868164,
            "random_true_logit": 11.678709030151367,
            "targeted_logit_drop": 1.2009086608886719,
            "random_logit_drop": 0.01757049560546875,
            "logit_drop_difference": 1.1833381652832031
        },
        {
            "image_index": 493,
            "true_label": 36,
            "original_confidence": 0.8161601424217224,
            "targeted_confidence": 0.8161601424217224,
            "random_confidence": 0.8161601424217224,
            "targeted_drop": 0.0,
            "random_drop": 0.0,
            "number_target_neurons_ablated": 0,
            "number_random_neurons_ablated": 0,
            "target_neuron_ids": [],
            "random_neuron_ids": [],
            "sum_target_activation": 0.0,
            "original_true_logit": 1.6781758069992065,
            "targeted_true_logit": 1.6781758069992065,
            "random_true_logit": 1.6781758069992065,
            "targeted_logit_drop": 0.0,
            "random_logit_drop": 0.0,
            "logit_drop_difference": 0.0
        },
        {
            "image_index": 530,
            "true_label": 36,
            "original_confidence": 1.0,
            "targeted_confidence": 1.0,
            "random_confidence": 1.0,
            "targeted_drop": 0.0,
            "random_drop": 0.0,
            "number_target_neurons_ablated": 0,
            "number_random_neurons_ablated": 0,
            "target_neuron_ids": [],
            "random_neuron_ids": [],
            "sum_target_activation": 0.0,
            "original_true_logit": 15.648679733276367,
            "targeted_true_logit": 15.648679733276367,
            "random_true_logit": 15.648679733276367,
            "targeted_logit_drop": 0.0,
            "random_logit_drop": 0.0,
            "logit_drop_difference": 0.0
        },
        {
            "image_index": 542,
            "true_label": 36,
            "original_confidence": 0.99886155128479,
            "targeted_confidence": 0.99886155128479,
            "random_confidence": 0.99886155128479,
            "targeted_drop": 0.0,
            "random_drop": 0.0,
            "number_target_neurons_ablated": 0,
            "number_random_neurons_ablated": 0,
            "target_neuron_ids": [],
            "random_neuron_ids": [],
            "sum_target_activation": 0.0,
            "original_true_logit": 6.222341060638428,
            "targeted_true_logit": 6.222341060638428,
            "random_true_logit": 6.222341060638428,
            "targeted_logit_drop": 0.0,
            "random_logit_drop": 0.0,
            "logit_drop_difference": 0.0
        },
        {
            "image_index": 547,
            "true_label": 36,
            "original_confidence": 0.9996960163116455,
            "targeted_confidence": 0.9996960163116455,
            "random_confidence": 0.9996960163116455,
            "targeted_drop": 0.0,
            "random_drop": 0.0,
            "number_target_neurons_ablated": 0,
            "number_random_neurons_ablated": 0,
            "target_neuron_ids": [],
            "random_neuron_ids": [],
            "sum_target_activation": 0.0,
            "original_true_logit": 8.65471363067627,
            "targeted_true_logit": 8.65471363067627,
            "random_true_logit": 8.65471363067627,
            "targeted_logit_drop": 0.0,
            "random_logit_drop": 0.0,
            "logit_drop_difference": 0.0
        },
        {
            "image_index": 608,
            "true_label": 36,
            "original_confidence": 0.9998082518577576,
            "targeted_confidence": 0.9997510313987732,
            "random_confidence": 0.9997733235359192,
            "targeted_drop": 5.7220458984375e-05,
            "random_drop": 3.4928321838378906e-05,
            "number_target_neurons_ablated": 1,
            "number_random_neurons_ablated": 1,
            "target_neuron_ids": [
                37156
            ],
            "random_neuron_ids": [
                31211
            ],
            "sum_target_activation": 5.136387825012207,
            "original_true_logit": 8.442100524902344,
            "targeted_true_logit": 8.17894172668457,
            "random_true_logit": 8.40568733215332,
            "targeted_logit_drop": 0.26315879821777344,
            "random_logit_drop": 0.03641319274902344,
            "logit_drop_difference": 0.22674560546875
        },
        {
            "image_index": 631,
            "true_label": 36,
            "original_confidence": 0.9991881251335144,
            "targeted_confidence": 0.9991881251335144,
            "random_confidence": 0.9991881251335144,
            "targeted_drop": 0.0,
            "random_drop": 0.0,
            "number_target_neurons_ablated": 0,
            "number_random_neurons_ablated": 0,
            "target_neuron_ids": [],
            "random_neuron_ids": [],
            "sum_target_activation": 0.0,
            "original_true_logit": 6.444503307342529,
            "targeted_true_logit": 6.444503307342529,
            "random_true_logit": 6.444503307342529,
            "targeted_logit_drop": 0.0,
            "random_logit_drop": 0.0,
            "logit_drop_difference": 0.0
        },
        {
            "image_index": 633,
            "true_label": 36,
            "original_confidence": 0.9999758005142212,
            "targeted_confidence": 0.9999758005142212,
            "random_confidence": 0.9999758005142212,
            "targeted_drop": 0.0,
            "random_drop": 0.0,
            "number_target_neurons_ablated": 0,
            "number_random_neurons_ablated": 0,
            "target_neuron_ids": [],
            "random_neuron_ids": [],
            "sum_target_activation": 0.0,
            "original_true_logit": 9.607827186584473,
            "targeted_true_logit": 9.607827186584473,
            "random_true_logit": 9.607827186584473,
            "targeted_logit_drop": 0.0,
            "random_logit_drop": 0.0,
            "logit_drop_difference": 0.0
        },
        {
            "image_index": 649,
            "true_label": 36,
            "original_confidence": 0.9201709628105164,
            "targeted_confidence": 0.9201709628105164,
            "random_confidence": 0.9201709628105164,
            "targeted_drop": 0.0,
            "random_drop": 0.0,
            "number_target_neurons_ablated": 0,
            "number_random_neurons_ablated": 0,
            "target_neuron_ids": [],
            "random_neuron_ids": [],
            "sum_target_activation": 0.0,
            "original_true_logit": 5.798556327819824,
            "targeted_true_logit": 5.798556327819824,
            "random_true_logit": 5.798556327819824,
            "targeted_logit_drop": 0.0,
            "random_logit_drop": 0.0,
            "logit_drop_difference": 0.0
        },
        {
            "image_index": 671,
            "true_label": 36,
            "original_confidence": 0.9998063445091248,
            "targeted_confidence": 0.9998063445091248,
            "random_confidence": 0.9998063445091248,
            "targeted_drop": 0.0,
            "random_drop": 0.0,
            "number_target_neurons_ablated": 0,
            "number_random_neurons_ablated": 0,
            "target_neuron_ids": [],
            "random_neuron_ids": [],
            "sum_target_activation": 0.0,
            "original_true_logit": 8.966035842895508,
            "targeted_true_logit": 8.966035842895508,
            "random_true_logit": 8.966035842895508,
            "targeted_logit_drop": 0.0,
            "random_logit_drop": 0.0,
            "logit_drop_difference": 0.0
        },
        {
            "image_index": 693,
            "true_label": 36,
            "original_confidence": 0.9999872446060181,
            "targeted_confidence": 0.9999872446060181,
            "random_confidence": 0.9999872446060181,
            "targeted_drop": 0.0,
            "random_drop": 0.0,
            "number_target_neurons_ablated": 0,
            "number_random_neurons_ablated": 0,
            "target_neuron_ids": [],
            "random_neuron_ids": [],
            "sum_target_activation": 0.0,
            "original_true_logit": 10.613699913024902,
            "targeted_true_logit": 10.613699913024902,
            "random_true_logit": 10.613699913024902,
            "targeted_logit_drop": 0.0,
            "random_logit_drop": 0.0,
            "logit_drop_difference": 0.0
        },
        {
            "image_index": 727,
            "true_label": 36,
            "original_confidence": 0.997380793094635,
            "targeted_confidence": 0.997380793094635,
            "random_confidence": 0.997380793094635,
            "targeted_drop": 0.0,
            "random_drop": 0.0,
            "number_target_neurons_ablated": 0,
            "number_random_neurons_ablated": 0,
            "target_neuron_ids": [],
            "random_neuron_ids": [],
            "sum_target_activation": 0.0,
            "original_true_logit": 7.992871284484863,
            "targeted_true_logit": 7.992871284484863,
            "random_true_logit": 7.992871284484863,
            "targeted_logit_drop": 0.0,
            "random_logit_drop": 0.0,
            "logit_drop_difference": 0.0
        },
        {
            "image_index": 780,
            "true_label": 36,
            "original_confidence": 0.9999997615814209,
            "targeted_confidence": 0.9999997615814209,
            "random_confidence": 0.9999997615814209,
            "targeted_drop": 0.0,
            "random_drop": 0.0,
            "number_target_neurons_ablated": 0,
            "number_random_neurons_ablated": 0,
            "target_neuron_ids": [],
            "random_neuron_ids": [],
            "sum_target_activation": 0.0,
            "original_true_logit": 13.764056205749512,
            "targeted_true_logit": 13.764056205749512,
            "random_true_logit": 13.764056205749512,
            "targeted_logit_drop": 0.0,
            "random_logit_drop": 0.0,
            "logit_drop_difference": 0.0
        },
        {
            "image_index": 827,
            "true_label": 36,
            "original_confidence": 0.9999508857727051,
            "targeted_confidence": 0.9999262094497681,
            "random_confidence": 0.9999480247497559,
            "targeted_drop": 2.467632293701172e-05,
            "random_drop": 2.86102294921875e-06,
            "number_target_neurons_ablated": 1,
            "number_random_neurons_ablated": 1,
            "target_neuron_ids": [
                25022
            ],
            "random_neuron_ids": [
                46872
            ],
            "sum_target_activation": 2.117072820663452,
            "original_true_logit": 8.69078254699707,
            "targeted_true_logit": 8.328359603881836,
            "random_true_logit": 8.641298294067383,
            "targeted_logit_drop": 0.3624229431152344,
            "random_logit_drop": 0.0494842529296875,
            "logit_drop_difference": 0.3129386901855469
        },
        {
            "image_index": 877,
            "true_label": 36,
            "original_confidence": 0.9999780654907227,
            "targeted_confidence": 0.9999780654907227,
            "random_confidence": 0.9999780654907227,
            "targeted_drop": 0.0,
            "random_drop": 0.0,
            "number_target_neurons_ablated": 0,
            "number_random_neurons_ablated": 0,
            "target_neuron_ids": [],
            "random_neuron_ids": [],
            "sum_target_activation": 0.0,
            "original_true_logit": 9.35827350616455,
            "targeted_true_logit": 9.35827350616455,
            "random_true_logit": 9.35827350616455,
            "targeted_logit_drop": 0.0,
            "random_logit_drop": 0.0,
            "logit_drop_difference": 0.0
        },
        {
            "image_index": 882,
            "true_label": 36,
            "original_confidence": 0.7901768088340759,
            "targeted_confidence": 0.7901768088340759,
            "random_confidence": 0.7901768088340759,
            "targeted_drop": 0.0,
            "random_drop": 0.0,
            "number_target_neurons_ablated": 0,
            "number_random_neurons_ablated": 0,
            "target_neuron_ids": [],
            "random_neuron_ids": [],
            "sum_target_activation": 0.0,
            "original_true_logit": 3.189976930618286,
            "targeted_true_logit": 3.189976930618286,
            "random_true_logit": 3.189976930618286,
            "targeted_logit_drop": 0.0,
            "random_logit_drop": 0.0,
            "logit_drop_difference": 0.0
        },
        {
            "image_index": 887,
            "true_label": 36,
            "original_confidence": 0.9872323274612427,
            "targeted_confidence": 0.9872323274612427,
            "random_confidence": 0.9872323274612427,
            "targeted_drop": 0.0,
            "random_drop": 0.0,
            "number_target_neurons_ablated": 0,
            "number_random_neurons_ablated": 0,
            "target_neuron_ids": [],
            "random_neuron_ids": [],
            "sum_target_activation": 0.0,
            "original_true_logit": 7.941958904266357,
            "targeted_true_logit": 7.941958904266357,
            "random_true_logit": 7.941958904266357,
            "targeted_logit_drop": 0.0,
            "random_logit_drop": 0.0,
            "logit_drop_difference": 0.0
        },
        {
            "image_index": 906,
            "true_label": 36,
            "original_confidence": 0.9997287392616272,
            "targeted_confidence": 0.9997287392616272,
            "random_confidence": 0.9997287392616272,
            "targeted_drop": 0.0,
            "random_drop": 0.0,
            "number_target_neurons_ablated": 0,
            "number_random_neurons_ablated": 0,
            "target_neuron_ids": [],
            "random_neuron_ids": [],
            "sum_target_activation": 0.0,
            "original_true_logit": 8.80762767791748,
            "targeted_true_logit": 8.80762767791748,
            "random_true_logit": 8.80762767791748,
            "targeted_logit_drop": 0.0,
            "random_logit_drop": 0.0,
            "logit_drop_difference": 0.0
        },
        {
            "image_index": 1004,
            "true_label": 36,
            "original_confidence": 0.9998356103897095,
            "targeted_confidence": 0.999774158000946,
            "random_confidence": 0.9998175501823425,
            "targeted_drop": 6.145238876342773e-05,
            "random_drop": 1.806020736694336e-05,
            "number_target_neurons_ablated": 1,
            "number_random_neurons_ablated": 1,
            "target_neuron_ids": [
                37156
            ],
            "random_neuron_ids": [
                10953
            ],
            "sum_target_activation": 2.444542646408081,
            "original_true_logit": 8.411608695983887,
            "targeted_true_logit": 8.166763305664062,
            "random_true_logit": 8.384012222290039,
            "targeted_logit_drop": 0.24484539031982422,
            "random_logit_drop": 0.027596473693847656,
            "logit_drop_difference": 0.21724891662597656
        },
        {
            "image_index": 1008,
            "true_label": 36,
            "original_confidence": 0.9998372793197632,
            "targeted_confidence": 0.9995496869087219,
            "random_confidence": 0.9998968839645386,
            "targeted_drop": 0.00028759241104125977,
            "random_drop": -5.9604644775390625e-05,
            "number_target_neurons_ablated": 1,
            "number_random_neurons_ablated": 1,
            "target_neuron_ids": [
                45935
            ],
            "random_neuron_ids": [
                66019
            ],
            "sum_target_activation": 6.500025749206543,
            "original_true_logit": 8.591350555419922,
            "targeted_true_logit": 7.597621917724609,
            "random_true_logit": 8.894794464111328,
            "targeted_logit_drop": 0.9937286376953125,
            "random_logit_drop": -0.30344390869140625,
            "logit_drop_difference": 1.2971725463867188
        },
        {
            "image_index": 1011,
            "true_label": 36,
            "original_confidence": 0.9577867984771729,
            "targeted_confidence": 0.9577867984771729,
            "random_confidence": 0.9577867984771729,
            "targeted_drop": 0.0,
            "random_drop": 0.0,
            "number_target_neurons_ablated": 0,
            "number_random_neurons_ablated": 0,
            "target_neuron_ids": [],
            "random_neuron_ids": [],
            "sum_target_activation": 0.0,
            "original_true_logit": 6.691976547241211,
            "targeted_true_logit": 6.691976547241211,
            "random_true_logit": 6.691976547241211,
            "targeted_logit_drop": 0.0,
            "random_logit_drop": 0.0,
            "logit_drop_difference": 0.0
        },
        {
            "image_index": 1014,
            "true_label": 36,
            "original_confidence": 0.9999985694885254,
            "targeted_confidence": 0.9999969005584717,
            "random_confidence": 0.9999991655349731,
            "targeted_drop": 1.6689300537109375e-06,
            "random_drop": -5.960464477539062e-07,
            "number_target_neurons_ablated": 2,
            "number_random_neurons_ablated": 2,
            "target_neuron_ids": [
                32573,
                37156
            ],
            "random_neuron_ids": [
                57528,
                56065
            ],
            "sum_target_activation": 7.473198413848877,
            "original_true_logit": 12.539145469665527,
            "targeted_true_logit": 11.995641708374023,
            "random_true_logit": 12.898191452026367,
            "targeted_logit_drop": 0.5435037612915039,
            "random_logit_drop": -0.35904598236083984,
            "logit_drop_difference": 0.9025497436523438
        },
        {
            "image_index": 1033,
            "true_label": 36,
            "original_confidence": 0.9999116659164429,
            "targeted_confidence": 0.9999116659164429,
            "random_confidence": 0.9999116659164429,
            "targeted_drop": 0.0,
            "random_drop": 0.0,
            "number_target_neurons_ablated": 0,
            "number_random_neurons_ablated": 0,
            "target_neuron_ids": [],
            "random_neuron_ids": [],
            "sum_target_activation": 0.0,
            "original_true_logit": 8.161402702331543,
            "targeted_true_logit": 8.161402702331543,
            "random_true_logit": 8.161402702331543,
            "targeted_logit_drop": 0.0,
            "random_logit_drop": 0.0,
            "logit_drop_difference": 0.0
        },
        {
            "image_index": 1077,
            "true_label": 36,
            "original_confidence": 0.9998750686645508,
            "targeted_confidence": 0.9998558759689331,
            "random_confidence": 0.9998879432678223,
            "targeted_drop": 1.919269561767578e-05,
            "random_drop": -1.2874603271484375e-05,
            "number_target_neurons_ablated": 1,
            "number_random_neurons_ablated": 1,
            "target_neuron_ids": [
                37156
            ],
            "random_neuron_ids": [
                45495
            ],
            "sum_target_activation": 1.6294753551483154,
            "original_true_logit": 9.567749977111816,
            "targeted_true_logit": 9.420700073242188,
            "random_true_logit": 9.67648983001709,
            "targeted_logit_drop": 0.1470499038696289,
            "random_logit_drop": -0.10873985290527344,
            "logit_drop_difference": 0.25578975677490234
        },
        {
            "image_index": 1113,
            "true_label": 36,
            "original_confidence": 0.9992542862892151,
            "targeted_confidence": 0.9991071820259094,
            "random_confidence": 0.9993175268173218,
            "targeted_drop": 0.00014710426330566406,
            "random_drop": -6.324052810668945e-05,
            "number_target_neurons_ablated": 1,
            "number_random_neurons_ablated": 1,
            "target_neuron_ids": [
                25022
            ],
            "random_neuron_ids": [
                10286
            ],
            "sum_target_activation": 1.217695713043213,
            "original_true_logit": 7.768167495727539,
            "targeted_true_logit": 7.575599193572998,
            "random_true_logit": 7.792355537414551,
            "targeted_logit_drop": 0.19256830215454102,
            "random_logit_drop": -0.02418804168701172,
            "logit_drop_difference": 0.21675634384155273
        },
        {
            "image_index": 1117,
            "true_label": 36,
            "original_confidence": 0.9075958728790283,
            "targeted_confidence": 0.915858268737793,
            "random_confidence": 0.9221364259719849,
            "targeted_drop": -0.008262395858764648,
            "random_drop": -0.014540553092956543,
            "number_target_neurons_ablated": 1,
            "number_random_neurons_ablated": 1,
            "target_neuron_ids": [
                79244
            ],
            "random_neuron_ids": [
                35832
            ],
            "sum_target_activation": 1.7417436838150024,
            "original_true_logit": 6.7942986488342285,
            "targeted_true_logit": 6.795726299285889,
            "random_true_logit": 6.859929084777832,
            "targeted_logit_drop": -0.0014276504516601562,
            "random_logit_drop": -0.06563043594360352,
            "logit_drop_difference": 0.06420278549194336
        },
        {
            "image_index": 1225,
            "true_label": 36,
            "original_confidence": 0.02444468066096306,
            "targeted_confidence": 0.011402987875044346,
            "random_confidence": 0.030305994674563408,
            "targeted_drop": 0.013041692785918713,
            "random_drop": -0.005861314013600349,
            "number_target_neurons_ablated": 1,
            "number_random_neurons_ablated": 1,
            "target_neuron_ids": [
                45935
            ],
            "random_neuron_ids": [
                41011
            ],
            "sum_target_activation": 2.1859607696533203,
            "original_true_logit": 6.383608818054199,
            "targeted_true_logit": 5.841338634490967,
            "random_true_logit": 6.428334712982178,
            "targeted_logit_drop": 0.5422701835632324,
            "random_logit_drop": -0.044725894927978516,
            "logit_drop_difference": 0.5869960784912109
        },
        {
            "image_index": 1228,
            "true_label": 36,
            "original_confidence": 0.9996544122695923,
            "targeted_confidence": 0.9995585083961487,
            "random_confidence": 0.9996843338012695,
            "targeted_drop": 9.590387344360352e-05,
            "random_drop": -2.9921531677246094e-05,
            "number_target_neurons_ablated": 1,
            "number_random_neurons_ablated": 1,
            "target_neuron_ids": [
                13563
            ],
            "random_neuron_ids": [
                74788
            ],
            "sum_target_activation": 1.3644386529922485,
            "original_true_logit": 8.08109188079834,
            "targeted_true_logit": 7.859818935394287,
            "random_true_logit": 8.162784576416016,
            "targeted_logit_drop": 0.22127294540405273,
            "random_logit_drop": -0.08169269561767578,
            "logit_drop_difference": 0.3029656410217285
        },
        {
            "image_index": 1262,
            "true_label": 36,
            "original_confidence": 0.9999943971633911,
            "targeted_confidence": 0.9999903440475464,
            "random_confidence": 0.9999942779541016,
            "targeted_drop": 4.0531158447265625e-06,
            "random_drop": 1.1920928955078125e-07,
            "number_target_neurons_ablated": 2,
            "number_random_neurons_ablated": 2,
            "target_neuron_ids": [
                45935,
                63600
            ],
            "random_neuron_ids": [
                15713,
                66389
            ],
            "sum_target_activation": 3.5393075942993164,
            "original_true_logit": 12.062786102294922,
            "targeted_true_logit": 11.627357482910156,
            "random_true_logit": 12.085609436035156,
            "targeted_logit_drop": 0.4354286193847656,
            "random_logit_drop": -0.022823333740234375,
            "logit_drop_difference": 0.458251953125
        },
        {
            "image_index": 1349,
            "true_label": 36,
            "original_confidence": 0.9996238946914673,
            "targeted_confidence": 0.9996238946914673,
            "random_confidence": 0.9996238946914673,
            "targeted_drop": 0.0,
            "random_drop": 0.0,
            "number_target_neurons_ablated": 0,
            "number_random_neurons_ablated": 0,
            "target_neuron_ids": [],
            "random_neuron_ids": [],
            "sum_target_activation": 0.0,
            "original_true_logit": 8.081847190856934,
            "targeted_true_logit": 8.081847190856934,
            "random_true_logit": 8.081847190856934,
            "targeted_logit_drop": 0.0,
            "random_logit_drop": 0.0,
            "logit_drop_difference": 0.0
        },
        {
            "image_index": 1360,
            "true_label": 36,
            "original_confidence": 0.9802575707435608,
            "targeted_confidence": 0.9788154363632202,
            "random_confidence": 0.9804070591926575,
            "targeted_drop": 0.0014421343803405762,
            "random_drop": -0.0001494884490966797,
            "number_target_neurons_ablated": 1,
            "number_random_neurons_ablated": 1,
            "target_neuron_ids": [
                12628
            ],
            "random_neuron_ids": [
                27102
            ],
            "sum_target_activation": 1.590378999710083,
            "original_true_logit": 4.5555419921875,
            "targeted_true_logit": 4.430880069732666,
            "random_true_logit": 4.555424690246582,
            "targeted_logit_drop": 0.12466192245483398,
            "random_logit_drop": 0.00011730194091796875,
            "logit_drop_difference": 0.12454462051391602
        },
        {
            "image_index": 1376,
            "true_label": 36,
            "original_confidence": 0.9999960660934448,
            "targeted_confidence": 0.9999932050704956,
            "random_confidence": 0.9999963045120239,
            "targeted_drop": 2.86102294921875e-06,
            "random_drop": -2.384185791015625e-07,
            "number_target_neurons_ablated": 1,
            "number_random_neurons_ablated": 1,
            "target_neuron_ids": [
                45935
            ],
            "random_neuron_ids": [
                81037
            ],
            "sum_target_activation": 3.224595785140991,
            "original_true_logit": 11.235503196716309,
            "targeted_true_logit": 10.771581649780273,
            "random_true_logit": 11.293353080749512,
            "targeted_logit_drop": 0.46392154693603516,
            "random_logit_drop": -0.057849884033203125,
            "logit_drop_difference": 0.5217714309692383
        },
        {
            "image_index": 1382,
            "true_label": 36,
            "original_confidence": 0.9998928308486938,
            "targeted_confidence": 0.9998928308486938,
            "random_confidence": 0.9998928308486938,
            "targeted_drop": 0.0,
            "random_drop": 0.0,
            "number_target_neurons_ablated": 0,
            "number_random_neurons_ablated": 0,
            "target_neuron_ids": [],
            "random_neuron_ids": [],
            "sum_target_activation": 0.0,
            "original_true_logit": 8.93065071105957,
            "targeted_true_logit": 8.93065071105957,
            "random_true_logit": 8.93065071105957,
            "targeted_logit_drop": 0.0,
            "random_logit_drop": 0.0,
            "logit_drop_difference": 0.0
        },
        {
            "image_index": 1491,
            "true_label": 36,
            "original_confidence": 0.9999899864196777,
            "targeted_confidence": 0.9999899864196777,
            "random_confidence": 0.9999899864196777,
            "targeted_drop": 0.0,
            "random_drop": 0.0,
            "number_target_neurons_ablated": 0,
            "number_random_neurons_ablated": 0,
            "target_neuron_ids": [],
            "random_neuron_ids": [],
            "sum_target_activation": 0.0,
            "original_true_logit": 11.631959915161133,
            "targeted_true_logit": 11.631959915161133,
            "random_true_logit": 11.631959915161133,
            "targeted_logit_drop": 0.0,
            "random_logit_drop": 0.0,
            "logit_drop_difference": 0.0
        },
        {
            "image_index": 1599,
            "true_label": 36,
            "original_confidence": 0.9996602535247803,
            "targeted_confidence": 0.9996602535247803,
            "random_confidence": 0.9996602535247803,
            "targeted_drop": 0.0,
            "random_drop": 0.0,
            "number_target_neurons_ablated": 0,
            "number_random_neurons_ablated": 0,
            "target_neuron_ids": [],
            "random_neuron_ids": [],
            "sum_target_activation": 0.0,
            "original_true_logit": 9.661826133728027,
            "targeted_true_logit": 9.661826133728027,
            "random_true_logit": 9.661826133728027,
            "targeted_logit_drop": 0.0,
            "random_logit_drop": 0.0,
            "logit_drop_difference": 0.0
        },
        {
            "image_index": 1660,
            "true_label": 36,
            "original_confidence": 0.9999903440475464,
            "targeted_confidence": 0.9999876022338867,
            "random_confidence": 0.9999895095825195,
            "targeted_drop": 2.7418136596679688e-06,
            "random_drop": 8.344650268554688e-07,
            "number_target_neurons_ablated": 3,
            "number_random_neurons_ablated": 3,
            "target_neuron_ids": [
                52990,
                64947,
                73561
            ],
            "random_neuron_ids": [
                57015,
                8965,
                37166
            ],
            "sum_target_activation": 5.979419231414795,
            "original_true_logit": 10.297441482543945,
            "targeted_true_logit": 10.008965492248535,
            "random_true_logit": 10.149039268493652,
            "targeted_logit_drop": 0.28847599029541016,
            "random_logit_drop": 0.14840221405029297,
            "logit_drop_difference": 0.1400737762451172
        },
        {
            "image_index": 1676,
            "true_label": 36,
            "original_confidence": 0.9981970191001892,
            "targeted_confidence": 0.9981970191001892,
            "random_confidence": 0.9981970191001892,
            "targeted_drop": 0.0,
            "random_drop": 0.0,
            "number_target_neurons_ablated": 0,
            "number_random_neurons_ablated": 0,
            "target_neuron_ids": [],
            "random_neuron_ids": [],
            "sum_target_activation": 0.0,
            "original_true_logit": 7.081600666046143,
            "targeted_true_logit": 7.081600666046143,
            "random_true_logit": 7.081600666046143,
            "targeted_logit_drop": 0.0,
            "random_logit_drop": 0.0,
            "logit_drop_difference": 0.0
        },
        {
            "image_index": 1689,
            "true_label": 36,
            "original_confidence": 0.9996540546417236,
            "targeted_confidence": 0.9996540546417236,
            "random_confidence": 0.9996540546417236,
            "targeted_drop": 0.0,
            "random_drop": 0.0,
            "number_target_neurons_ablated": 0,
            "number_random_neurons_ablated": 0,
            "target_neuron_ids": [],
            "random_neuron_ids": [],
            "sum_target_activation": 0.0,
            "original_true_logit": 7.430644989013672,
            "targeted_true_logit": 7.430644989013672,
            "random_true_logit": 7.430644989013672,
            "targeted_logit_drop": 0.0,
            "random_logit_drop": 0.0,
            "logit_drop_difference": 0.0
        },
        {
            "image_index": 1691,
            "true_label": 36,
            "original_confidence": 1.0,
            "targeted_confidence": 1.0,
            "random_confidence": 1.0,
            "targeted_drop": 0.0,
            "random_drop": 0.0,
            "number_target_neurons_ablated": 1,
            "number_random_neurons_ablated": 1,
            "target_neuron_ids": [
                45935
            ],
            "random_neuron_ids": [
                65845
            ],
            "sum_target_activation": 3.0136067867279053,
            "original_true_logit": 16.112321853637695,
            "targeted_true_logit": 15.484167098999023,
            "random_true_logit": 16.198022842407227,
            "targeted_logit_drop": 0.6281547546386719,
            "random_logit_drop": -0.08570098876953125,
            "logit_drop_difference": 0.7138557434082031
        },
        {
            "image_index": 1727,
            "true_label": 36,
            "original_confidence": 0.9999223947525024,
            "targeted_confidence": 0.9998444318771362,
            "random_confidence": 0.9999125003814697,
            "targeted_drop": 7.796287536621094e-05,
            "random_drop": 9.894371032714844e-06,
            "number_target_neurons_ablated": 1,
            "number_random_neurons_ablated": 1,
            "target_neuron_ids": [
                45935
            ],
            "random_neuron_ids": [
                27180
            ],
            "sum_target_activation": 2.9441640377044678,
            "original_true_logit": 8.935770988464355,
            "targeted_true_logit": 8.356006622314453,
            "random_true_logit": 8.714420318603516,
            "targeted_logit_drop": 0.5797643661499023,
            "random_logit_drop": 0.22135066986083984,
            "logit_drop_difference": 0.3584136962890625
        },
        {
            "image_index": 1734,
            "true_label": 36,
            "original_confidence": 0.9997269511222839,
            "targeted_confidence": 0.999323844909668,
            "random_confidence": 0.9997596144676208,
            "targeted_drop": 0.0004031062126159668,
            "random_drop": -3.266334533691406e-05,
            "number_target_neurons_ablated": 1,
            "number_random_neurons_ablated": 1,
            "target_neuron_ids": [
                45935
            ],
            "random_neuron_ids": [
                50138
            ],
            "sum_target_activation": 4.49301815032959,
            "original_true_logit": 9.097831726074219,
            "targeted_true_logit": 8.450812339782715,
            "random_true_logit": 9.212985038757324,
            "targeted_logit_drop": 0.6470193862915039,
            "random_logit_drop": -0.11515331268310547,
            "logit_drop_difference": 0.7621726989746094
        },
        {
            "image_index": 1775,
            "true_label": 36,
            "original_confidence": 0.9998307228088379,
            "targeted_confidence": 0.9998307228088379,
            "random_confidence": 0.9998307228088379,
            "targeted_drop": 0.0,
            "random_drop": 0.0,
            "number_target_neurons_ablated": 0,
            "number_random_neurons_ablated": 0,
            "target_neuron_ids": [],
            "random_neuron_ids": [],
            "sum_target_activation": 0.0,
            "original_true_logit": 9.331759452819824,
            "targeted_true_logit": 9.331759452819824,
            "random_true_logit": 9.331759452819824,
            "targeted_logit_drop": 0.0,
            "random_logit_drop": 0.0,
            "logit_drop_difference": 0.0
        },
        {
            "image_index": 1780,
            "true_label": 36,
            "original_confidence": 0.9936618804931641,
            "targeted_confidence": 0.9936618804931641,
            "random_confidence": 0.9936618804931641,
            "targeted_drop": 0.0,
            "random_drop": 0.0,
            "number_target_neurons_ablated": 0,
            "number_random_neurons_ablated": 0,
            "target_neuron_ids": [],
            "random_neuron_ids": [],
            "sum_target_activation": 0.0,
            "original_true_logit": 5.178646087646484,
            "targeted_true_logit": 5.178646087646484,
            "random_true_logit": 5.178646087646484,
            "targeted_logit_drop": 0.0,
            "random_logit_drop": 0.0,
            "logit_drop_difference": 0.0
        },
        {
            "image_index": 1825,
            "true_label": 36,
            "original_confidence": 0.9968060255050659,
            "targeted_confidence": 0.9964234232902527,
            "random_confidence": 0.9965201616287231,
            "targeted_drop": 0.0003826022148132324,
            "random_drop": 0.00028586387634277344,
            "number_target_neurons_ablated": 1,
            "number_random_neurons_ablated": 1,
            "target_neuron_ids": [
                25022
            ],
            "random_neuron_ids": [
                15334
            ],
            "sum_target_activation": 1.918440341949463,
            "original_true_logit": 6.418785095214844,
            "targeted_true_logit": 6.199850559234619,
            "random_true_logit": 6.390504837036133,
            "targeted_logit_drop": 0.2189345359802246,
            "random_logit_drop": 0.028280258178710938,
            "logit_drop_difference": 0.19065427780151367
        },
        {
            "image_index": 1856,
            "true_label": 36,
            "original_confidence": 0.9730387330055237,
            "targeted_confidence": 0.9730387330055237,
            "random_confidence": 0.9730387330055237,
            "targeted_drop": 0.0,
            "random_drop": 0.0,
            "number_target_neurons_ablated": 0,
            "number_random_neurons_ablated": 0,
            "target_neuron_ids": [],
            "random_neuron_ids": [],
            "sum_target_activation": 0.0,
            "original_true_logit": 6.944085121154785,
            "targeted_true_logit": 6.944085121154785,
            "random_true_logit": 6.944085121154785,
            "targeted_logit_drop": 0.0,
            "random_logit_drop": 0.0,
            "logit_drop_difference": 0.0
        },
        {
            "image_index": 1913,
            "true_label": 36,
            "original_confidence": 0.9999996423721313,
            "targeted_confidence": 0.9999996423721313,
            "random_confidence": 0.9999996423721313,
            "targeted_drop": 0.0,
            "random_drop": 0.0,
            "number_target_neurons_ablated": 0,
            "number_random_neurons_ablated": 0,
            "target_neuron_ids": [],
            "random_neuron_ids": [],
            "sum_target_activation": 0.0,
            "original_true_logit": 14.67798137664795,
            "targeted_true_logit": 14.67798137664795,
            "random_true_logit": 14.67798137664795,
            "targeted_logit_drop": 0.0,
            "random_logit_drop": 0.0,
            "logit_drop_difference": 0.0
        },
        {
            "image_index": 1950,
            "true_label": 36,
            "original_confidence": 0.9999960660934448,
            "targeted_confidence": 0.9999953508377075,
            "random_confidence": 0.9999959468841553,
            "targeted_drop": 7.152557373046875e-07,
            "random_drop": 1.1920928955078125e-07,
            "number_target_neurons_ablated": 2,
            "number_random_neurons_ablated": 2,
            "target_neuron_ids": [
                51568,
                79244
            ],
            "random_neuron_ids": [
                5248,
                10274
            ],
            "sum_target_activation": 4.175054550170898,
            "original_true_logit": 11.498315811157227,
            "targeted_true_logit": 11.306328773498535,
            "random_true_logit": 11.435450553894043,
            "targeted_logit_drop": 0.1919870376586914,
            "random_logit_drop": 0.0628652572631836,
            "logit_drop_difference": 0.1291217803955078
        },
        {
            "image_index": 1956,
            "true_label": 36,
            "original_confidence": 0.9864500164985657,
            "targeted_confidence": 0.9814762473106384,
            "random_confidence": 0.9861512780189514,
            "targeted_drop": 0.004973769187927246,
            "random_drop": 0.0002987384796142578,
            "number_target_neurons_ablated": 1,
            "number_random_neurons_ablated": 1,
            "target_neuron_ids": [
                73561
            ],
            "random_neuron_ids": [
                11430
            ],
            "sum_target_activation": 1.8025575876235962,
            "original_true_logit": 7.966158866882324,
            "targeted_true_logit": 7.696702480316162,
            "random_true_logit": 7.905953407287598,
            "targeted_logit_drop": 0.2694563865661621,
            "random_logit_drop": 0.06020545959472656,
            "logit_drop_difference": 0.20925092697143555
        },
        {
            "image_index": 2034,
            "true_label": 36,
            "original_confidence": 0.31602853536605835,
            "targeted_confidence": 0.31602853536605835,
            "random_confidence": 0.31602853536605835,
            "targeted_drop": 0.0,
            "random_drop": 0.0,
            "number_target_neurons_ablated": 0,
            "number_random_neurons_ablated": 0,
            "target_neuron_ids": [],
            "random_neuron_ids": [],
            "sum_target_activation": 0.0,
            "original_true_logit": 2.6095449924468994,
            "targeted_true_logit": 2.6095449924468994,
            "random_true_logit": 2.6095449924468994,
            "targeted_logit_drop": 0.0,
            "random_logit_drop": 0.0,
            "logit_drop_difference": 0.0
        },
        {
            "image_index": 2081,
            "true_label": 36,
            "original_confidence": 0.9525015950202942,
            "targeted_confidence": 0.9525015950202942,
            "random_confidence": 0.9525015950202942,
            "targeted_drop": 0.0,
            "random_drop": 0.0,
            "number_target_neurons_ablated": 0,
            "number_random_neurons_ablated": 0,
            "target_neuron_ids": [],
            "random_neuron_ids": [],
            "sum_target_activation": 0.0,
            "original_true_logit": 4.845981121063232,
            "targeted_true_logit": 4.845981121063232,
            "random_true_logit": 4.845981121063232,
            "targeted_logit_drop": 0.0,
            "random_logit_drop": 0.0,
            "logit_drop_difference": 0.0
        },
        {
            "image_index": 2119,
            "true_label": 36,
            "original_confidence": 0.9801243543624878,
            "targeted_confidence": 0.9801243543624878,
            "random_confidence": 0.9801243543624878,
            "targeted_drop": 0.0,
            "random_drop": 0.0,
            "number_target_neurons_ablated": 0,
            "number_random_neurons_ablated": 0,
            "target_neuron_ids": [],
            "random_neuron_ids": [],
            "sum_target_activation": 0.0,
            "original_true_logit": 7.394926071166992,
            "targeted_true_logit": 7.394926071166992,
            "random_true_logit": 7.394926071166992,
            "targeted_logit_drop": 0.0,
            "random_logit_drop": 0.0,
            "logit_drop_difference": 0.0
        },
        {
            "image_index": 2129,
            "true_label": 36,
            "original_confidence": 0.9999215602874756,
            "targeted_confidence": 0.9999215602874756,
            "random_confidence": 0.9999215602874756,
            "targeted_drop": 0.0,
            "random_drop": 0.0,
            "number_target_neurons_ablated": 0,
            "number_random_neurons_ablated": 0,
            "target_neuron_ids": [],
            "random_neuron_ids": [],
            "sum_target_activation": 0.0,
            "original_true_logit": 9.879551887512207,
            "targeted_true_logit": 9.879551887512207,
            "random_true_logit": 9.879551887512207,
            "targeted_logit_drop": 0.0,
            "random_logit_drop": 0.0,
            "logit_drop_difference": 0.0
        }
    ]
}

Saved results to: /home/woody/rlvl/rlvl172v/revelio/causal_results/image512/active_oxford_upft1_ablation_20260908_155227.json
=== JOB_STATISTICS ===
=== current date     : Tue Sep  8 03:52:29 PM CEST 2026
= Job-ID             : 1806482 on tinygpu
= Job-Name           : active_causal
= Job-Command        : /home/woody/rlvl/rlvl172v/revelio/diffc_image_classification/run_active_causal_ablation.sh
= Initial workdir    : /home/woody/rlvl/rlvl172v/revelio/diffc_image_classification
= Queue/Partition    : a100
= Slurm account      : rlvl with QOS=normal
= Requested resources:  for 00:10:00
= Elapsed runtime    : 00:00:50
= Total RAM usage    : 10.2 GiB of requested  GiB (%)   
= Node list          : tg090
= Subm/Elig/Start/End: 2026-09-08T15:32:58 / 2026-09-08T15:32:58 / 2026-09-08T15:51:39 / 2026-09-08T15:52:29
======================
=== Quota infos ======
    Path                 Used     SoftQ    HardQ    Gracetime  Filec    FileQ    FiHaQ    FileGrace    
    /home/woody           356.0G  1000.0G  1500.0G        N/A   1,249K   5,000K   7,500K        N/A    
    /home/hpc              26.8G   104.9G   209.7G        N/A   3,222      500K   1,000K        N/A    
======================
=== GPU utilization ==
gpu_name, gpu_bus_id, pid, gpu_utilization [%], mem_utilization [%], max_memory_usage [MiB], time [ms]
NVIDIA A100-SXM4-40GB, 00000000:41:00.0, 926713, 12 %, 4 %, 17118 MiB, 32123 ms
