### Starting TaskPrologue of job 1806609 on tg090 at Tue Sep  8 05:38:29 PM CEST 2026
Running on cores 32-63 with governor ondemand
Tue Sep  8 17:38:29 2026       
+-----------------------------------------------------------------------------------------+
| NVIDIA-SMI 610.57.04              KMD Version: 610.57.04     CUDA UMD Version: 13.3     |
+-----------------------------------------+------------------------+----------------------+
| GPU  Name                 Persistence-M | Bus-Id          Disp.A | Volatile Uncorr. ECC |
| Fan  Temp   Perf          Pwr:Usage/Cap |           Memory-Usage | GPU-Util  Compute M. |
|                                         |                        |               MIG M. |
|=========================================+========================+======================|
|   0  NVIDIA A100-SXM4-40GB          On  |   00000000:41:00.0 Off |                    0 |
| N/A   43C    P0             59W /  400W |       0MiB /  40960MiB |      0%      Default |
|                                         |                        |             Disabled |
+-----------------------------------------+------------------------+----------------------+

+-----------------------------------------------------------------------------------------+
| Processes:                                                                              |
|  GPU   GI   CI              PID   Type   Process name                        GPU Memory |
|        ID   ID                                                               Usage      |
|=========================================================================================|
|  No running processes found                                                             |
+-----------------------------------------------------------------------------------------+
### Finished TaskPrologue

Automatically selected 16 features for class 15
Feature IDs: [3631, 5705, 6691, 10267, 21698, 31010, 32062, 36186, 39707, 43153, 56474, 57497, 58379, 64354, 67158, 81177]
Device: cuda

Loading feature statistics...
Loading k-SAE...
k-SAE k: 32
k-SAE n_features: 81920

Loading dataset...
Target class: 15 great_pyrenees
Selected target-class images: 64
First indices: [3, 48, 86, 119, 134, 177, 203, 216, 231, 234, 289, 384, 398, 401, 445, 472, 473, 477, 490, 561]

Loading DiffC model...
Loaded DiffC checkpoint epoch: 88
Loaded DiffC checkpoint test accuracy: 0.8828018533660398
Batch 0: target_counts=[0, 0, 0, 0, 0, 1, 0, 0]
Batch 1: target_counts=[0, 0, 0, 0, 1, 1, 3, 0]
Batch 2: target_counts=[0, 1, 1, 0, 0, 2, 0, 0]
Batch 3: target_counts=[0, 0, 0, 0, 0, 1, 0, 0]
Batch 4: target_counts=[1, 0, 1, 1, 0, 0, 1, 0]
Batch 5: target_counts=[3, 0, 0, 0, 0, 0, 3, 0]
Batch 6: target_counts=[0, 0, 0, 0, 0, 0, 1, 0]
Batch 7: target_counts=[0, 0, 1, 1, 2, 1, 0, 1]

{
    "config": {
        "work_dir": "/home/woody/rlvl/rlvl172v",
        "sd_ksae_dir": "/home/woody/rlvl/rlvl172v/revelio/SD-kSAE",
        "diffc_dir": "/home/woody/rlvl/rlvl172v/revelio/diffc_image_classification",
        "dataset_flag": "timm/oxford-iiit-pet",
        "target_class": 15,
        "num_classes": 37,
        "split": "test",
        "model_name": "runwayml/stable-diffusion-v1-5",
        "diffusion_timestep": 25,
        "diffusion_layer": "up_ft:1",
        "input_channels": 1280,
        "dropout_rate": 0.0,
        "prompt_type": "empty",
        "pooling_strategy": "GAP",
        "diffusion_step_type": "onestep",
        "feature_dir": "/home/woody/rlvl/rlvl172v/revelio/SD-kSAE/features/oxfordpet/SDv1-5/step25_upft1/image512",
        "diffc_checkpoint_path": "/home/woody/rlvl/rlvl172v/revelio/DiffC_outputs/image512/timm-oxford-iiit-pet/runwayml-stable-diffusion-v1-5/diffusion_step_25/layer_up_ft:1/prompt_empty/pool_GAP/dropout_0.0/best_classifier.pt",
        "ksae_checkpoint_path": "/home/woody/rlvl/rlvl172v/revelio/SD-kSAE/Checkpoints/image512/ihny7k5a/final_k_sparse_autoencoder_/home/woody/rlvl/rlvl172v/revelio/SD-kSAE/oxfordpet/SDv1-5/timestep_25/up_blocks_1/image512_10_up_blocks_1_81920.pt",
        "output_path": "/home/woody/rlvl/rlvl172v/revelio/causal_results/image512/active_oxford_upft1_ablation.json",
        "min_purity": 0.8,
        "min_valid": 10,
        "max_ablate_per_image": 5,
        "active_feature_ranking": "purity_actual_activation",
        "max_images": 64,
        "batch_size": 8,
        "random_seed": 42,
        "feature_summary_path": "/home/woody/rlvl/rlvl172v/revelio/SD-kSAE/features/oxfordpet/SDv1-5/step25_upft1/image512/feature_summary_top10.csv",
        "target_feature_ids": [
            3631,
            5705,
            6691,
            10267,
            21698,
            31010,
            32062,
            36186,
            39707,
            43153,
            56474,
            57497,
            58379,
            64354,
            67158,
            81177
        ],
        "target_class_name": "great_pyrenees"
    },
    "metrics": {
        "original": {
            "accuracy": 0.984375,
            "cross_entropy": 0.10911369969835505,
            "true_class_confidence": 0.9534241482615471,
            "target_class_confidence": 0.9534241482615471,
            "total": 64
        },
        "sae_reconstruction": {
            "accuracy": 0.953125,
            "cross_entropy": 0.1626156544080004,
            "true_class_confidence": 0.9315730780363083,
            "target_class_confidence": 0.9315730780363083,
            "total": 64
        },
        "active_targeted_ablation": {
            "accuracy": 0.984375,
            "cross_entropy": 0.10922209350974299,
            "true_class_confidence": 0.9533180296421051,
            "target_class_confidence": 0.9533180296421051,
            "total": 64
        },
        "active_random_ablation": {
            "accuracy": 0.984375,
            "cross_entropy": 0.10906193559640087,
            "true_class_confidence": 0.9534740969538689,
            "target_class_confidence": 0.9534740969538689,
            "total": 64
        }
    },
    "confidence_drop_from_original": {
        "sae_reconstruction": 0.0218510702252388,
        "active_targeted_ablation": 0.00010611861944198608,
        "active_random_ablation": -4.9948692321777344e-05
    },
    "activation_summary": {
        "total_images": 64,
        "ksae_k": 32,
        "total_active_features_seen": 2048,
        "total_target_ablated": 28,
        "total_random_ablated": 28,
        "images_with_target_features": 20,
        "fraction_images_with_target_features": 0.3125,
        "avg_target_ablated_per_image": 0.4375,
        "avg_random_ablated_per_image": 0.4375,
        "random_control": "active non-target-class features matched without replacement on absolute activation magnitude"
    },
    "treated_images_summary": {
        "total_treated_images": 20,
        "fraction_treated": 0.3125,
        "mean_targeted_confidence_drop": 0.00033954381942749026,
        "mean_random_confidence_drop": -0.0001598358154296875,
        "targeted_minus_random_drop": 0.0004993796348571778,
        "mean_targeted_minus_random_logit_drop": 0.16239395141601562,
        "median_targeted_minus_random_logit_drop": 0.15630245208740234,
        "fraction_targeted_drop_greater_than_random": 0.85
    },
    "top_target_ablated_features": [
        {
            "feature_id": 32062,
            "count": 14,
            "activation_sum": 30.958200454711914,
            "avg_activation_when_selected": 2.2113000324794223,
            "purity": 1.0,
            "majority_label": 15,
            "valid_count": 10,
            "mean_activation": 4.533022403717041,
            "sparsity": 0.016847824677824974
        },
        {
            "feature_id": 36186,
            "count": 4,
            "activation_sum": 9.597951292991638,
            "avg_activation_when_selected": 2.3994878232479095,
            "purity": 1.0,
            "majority_label": 15,
            "valid_count": 10,
            "mean_activation": 4.267705917358398,
            "sparsity": 0.01711956411600113
        },
        {
            "feature_id": 21698,
            "count": 2,
            "activation_sum": 3.4470272064208984,
            "avg_activation_when_selected": 1.7235136032104492,
            "purity": 1.0,
            "majority_label": 15,
            "valid_count": 10,
            "mean_activation": 4.153934478759766,
            "sparsity": 0.007065217010676861
        },
        {
            "feature_id": 67158,
            "count": 2,
            "activation_sum": 3.114552140235901,
            "avg_activation_when_selected": 1.5572760701179504,
            "purity": 1.0,
            "majority_label": 15,
            "valid_count": 10,
            "mean_activation": 3.835503578186035,
            "sparsity": 0.008695651777088642
        },
        {
            "feature_id": 5705,
            "count": 2,
            "activation_sum": 2.9574923515319824,
            "avg_activation_when_selected": 1.4787461757659912,
            "purity": 0.8999999761581421,
            "majority_label": 15,
            "valid_count": 10,
            "mean_activation": 5.144008636474609,
            "sparsity": 0.003804347710683942
        },
        {
            "feature_id": 64354,
            "count": 1,
            "activation_sum": 2.6023497581481934,
            "avg_activation_when_selected": 2.6023497581481934,
            "purity": 0.800000011920929,
            "majority_label": 15,
            "valid_count": 10,
            "mean_activation": 3.4144692420959473,
            "sparsity": 0.005978260654956102
        },
        {
            "feature_id": 6691,
            "count": 1,
            "activation_sum": 1.870754599571228,
            "avg_activation_when_selected": 1.870754599571228,
            "purity": 0.8999999761581421,
            "majority_label": 15,
            "valid_count": 10,
            "mean_activation": 5.529569149017334,
            "sparsity": 0.004619564861059189
        },
        {
            "feature_id": 81177,
            "count": 1,
            "activation_sum": 1.306047797203064,
            "avg_activation_when_selected": 1.306047797203064,
            "purity": 1.0,
            "majority_label": 15,
            "valid_count": 10,
            "mean_activation": 4.646207332611084,
            "sparsity": 0.004891304299235344
        },
        {
            "feature_id": 56474,
            "count": 1,
            "activation_sum": 1.2796473503112793,
            "avg_activation_when_selected": 1.2796473503112793,
            "purity": 1.0,
            "majority_label": 15,
            "valid_count": 10,
            "mean_activation": 5.474154472351074,
            "sparsity": 0.0054347822442650795
        }
    ],
    "top_random_ablated_features": [
        {
            "feature_id": 49512,
            "count": 1
        },
        {
            "feature_id": 75171,
            "count": 1
        },
        {
            "feature_id": 34003,
            "count": 1
        },
        {
            "feature_id": 39455,
            "count": 1
        },
        {
            "feature_id": 70888,
            "count": 1
        },
        {
            "feature_id": 73561,
            "count": 1
        },
        {
            "feature_id": 51899,
            "count": 1
        },
        {
            "feature_id": 7332,
            "count": 1
        },
        {
            "feature_id": 642,
            "count": 1
        },
        {
            "feature_id": 30592,
            "count": 1
        },
        {
            "feature_id": 42631,
            "count": 1
        },
        {
            "feature_id": 30281,
            "count": 1
        },
        {
            "feature_id": 44921,
            "count": 1
        },
        {
            "feature_id": 39353,
            "count": 1
        },
        {
            "feature_id": 59380,
            "count": 1
        },
        {
            "feature_id": 55650,
            "count": 1
        },
        {
            "feature_id": 382,
            "count": 1
        },
        {
            "feature_id": 59778,
            "count": 1
        },
        {
            "feature_id": 19293,
            "count": 1
        },
        {
            "feature_id": 10805,
            "count": 1
        },
        {
            "feature_id": 71193,
            "count": 1
        },
        {
            "feature_id": 66318,
            "count": 1
        },
        {
            "feature_id": 68529,
            "count": 1
        },
        {
            "feature_id": 357,
            "count": 1
        },
        {
            "feature_id": 68331,
            "count": 1
        },
        {
            "feature_id": 32890,
            "count": 1
        },
        {
            "feature_id": 24926,
            "count": 1
        },
        {
            "feature_id": 38432,
            "count": 1
        }
    ],
    "per_image_results": [
        {
            "image_index": 3,
            "true_label": 15,
            "original_confidence": 0.999860405921936,
            "targeted_confidence": 0.999860405921936,
            "random_confidence": 0.999860405921936,
            "targeted_drop": 0.0,
            "random_drop": 0.0,
            "number_target_neurons_ablated": 0,
            "number_random_neurons_ablated": 0,
            "target_neuron_ids": [],
            "random_neuron_ids": [],
            "sum_target_activation": 0.0,
            "original_true_logit": 10.857964515686035,
            "targeted_true_logit": 10.857964515686035,
            "random_true_logit": 10.857964515686035,
            "targeted_logit_drop": 0.0,
            "random_logit_drop": 0.0,
            "logit_drop_difference": 0.0
        },
        {
            "image_index": 48,
            "true_label": 15,
            "original_confidence": 0.9998910427093506,
            "targeted_confidence": 0.9998910427093506,
            "random_confidence": 0.9998910427093506,
            "targeted_drop": 0.0,
            "random_drop": 0.0,
            "number_target_neurons_ablated": 0,
            "number_random_neurons_ablated": 0,
            "target_neuron_ids": [],
            "random_neuron_ids": [],
            "sum_target_activation": 0.0,
            "original_true_logit": 9.868364334106445,
            "targeted_true_logit": 9.868364334106445,
            "random_true_logit": 9.868364334106445,
            "targeted_logit_drop": 0.0,
            "random_logit_drop": 0.0,
            "logit_drop_difference": 0.0
        },
        {
            "image_index": 86,
            "true_label": 15,
            "original_confidence": 0.9999991655349731,
            "targeted_confidence": 0.9999991655349731,
            "random_confidence": 0.9999991655349731,
            "targeted_drop": 0.0,
            "random_drop": 0.0,
            "number_target_neurons_ablated": 0,
            "number_random_neurons_ablated": 0,
            "target_neuron_ids": [],
            "random_neuron_ids": [],
            "sum_target_activation": 0.0,
            "original_true_logit": 14.229616165161133,
            "targeted_true_logit": 14.229616165161133,
            "random_true_logit": 14.229616165161133,
            "targeted_logit_drop": 0.0,
            "random_logit_drop": 0.0,
            "logit_drop_difference": 0.0
        },
        {
            "image_index": 119,
            "true_label": 15,
            "original_confidence": 0.9946247935295105,
            "targeted_confidence": 0.9946247935295105,
            "random_confidence": 0.9946247935295105,
            "targeted_drop": 0.0,
            "random_drop": 0.0,
            "number_target_neurons_ablated": 0,
            "number_random_neurons_ablated": 0,
            "target_neuron_ids": [],
            "random_neuron_ids": [],
            "sum_target_activation": 0.0,
            "original_true_logit": 7.825514316558838,
            "targeted_true_logit": 7.825514316558838,
            "random_true_logit": 7.825514316558838,
            "targeted_logit_drop": 0.0,
            "random_logit_drop": 0.0,
            "logit_drop_difference": 0.0
        },
        {
            "image_index": 134,
            "true_label": 15,
            "original_confidence": 0.9830638766288757,
            "targeted_confidence": 0.9830638766288757,
            "random_confidence": 0.9830638766288757,
            "targeted_drop": 0.0,
            "random_drop": 0.0,
            "number_target_neurons_ablated": 0,
            "number_random_neurons_ablated": 0,
            "target_neuron_ids": [],
            "random_neuron_ids": [],
            "sum_target_activation": 0.0,
            "original_true_logit": 6.144581317901611,
            "targeted_true_logit": 6.144581317901611,
            "random_true_logit": 6.144581317901611,
            "targeted_logit_drop": 0.0,
            "random_logit_drop": 0.0,
            "logit_drop_difference": 0.0
        },
        {
            "image_index": 177,
            "true_label": 15,
            "original_confidence": 0.9991752505302429,
            "targeted_confidence": 0.9988762736320496,
            "random_confidence": 0.9991555213928223,
            "targeted_drop": 0.0002989768981933594,
            "random_drop": 1.9729137420654297e-05,
            "number_target_neurons_ablated": 1,
            "number_random_neurons_ablated": 1,
            "target_neuron_ids": [
                32062
            ],
            "random_neuron_ids": [
                49512
            ],
            "sum_target_activation": 1.6618064641952515,
            "original_true_logit": 8.38302230834961,
            "targeted_true_logit": 8.065165519714355,
            "random_true_logit": 8.343131065368652,
            "targeted_logit_drop": 0.3178567886352539,
            "random_logit_drop": 0.03989124298095703,
            "logit_drop_difference": 0.2779655456542969
        },
        {
            "image_index": 203,
            "true_label": 15,
            "original_confidence": 0.8751522898674011,
            "targeted_confidence": 0.8751522898674011,
            "random_confidence": 0.8751522898674011,
            "targeted_drop": 0.0,
            "random_drop": 0.0,
            "number_target_neurons_ablated": 0,
            "number_random_neurons_ablated": 0,
            "target_neuron_ids": [],
            "random_neuron_ids": [],
            "sum_target_activation": 0.0,
            "original_true_logit": 4.669262886047363,
            "targeted_true_logit": 4.669262886047363,
            "random_true_logit": 4.669262886047363,
            "targeted_logit_drop": 0.0,
            "random_logit_drop": 0.0,
            "logit_drop_difference": 0.0
        },
        {
            "image_index": 216,
            "true_label": 15,
            "original_confidence": 0.9997407793998718,
            "targeted_confidence": 0.9997407793998718,
            "random_confidence": 0.9997407793998718,
            "targeted_drop": 0.0,
            "random_drop": 0.0,
            "number_target_neurons_ablated": 0,
            "number_random_neurons_ablated": 0,
            "target_neuron_ids": [],
            "random_neuron_ids": [],
            "sum_target_activation": 0.0,
            "original_true_logit": 7.400142669677734,
            "targeted_true_logit": 7.400142669677734,
            "random_true_logit": 7.400142669677734,
            "targeted_logit_drop": 0.0,
            "random_logit_drop": 0.0,
            "logit_drop_difference": 0.0
        },
        {
            "image_index": 231,
            "true_label": 15,
            "original_confidence": 0.8308411240577698,
            "targeted_confidence": 0.8308411240577698,
            "random_confidence": 0.8308411240577698,
            "targeted_drop": 0.0,
            "random_drop": 0.0,
            "number_target_neurons_ablated": 0,
            "number_random_neurons_ablated": 0,
            "target_neuron_ids": [],
            "random_neuron_ids": [],
            "sum_target_activation": 0.0,
            "original_true_logit": 8.766995429992676,
            "targeted_true_logit": 8.766995429992676,
            "random_true_logit": 8.766995429992676,
            "targeted_logit_drop": 0.0,
            "random_logit_drop": 0.0,
            "logit_drop_difference": 0.0
        },
        {
            "image_index": 234,
            "true_label": 15,
            "original_confidence": 0.9905213117599487,
            "targeted_confidence": 0.9905213117599487,
            "random_confidence": 0.9905213117599487,
            "targeted_drop": 0.0,
            "random_drop": 0.0,
            "number_target_neurons_ablated": 0,
            "number_random_neurons_ablated": 0,
            "target_neuron_ids": [],
            "random_neuron_ids": [],
            "sum_target_activation": 0.0,
            "original_true_logit": 7.196240425109863,
            "targeted_true_logit": 7.196240425109863,
            "random_true_logit": 7.196240425109863,
            "targeted_logit_drop": 0.0,
            "random_logit_drop": 0.0,
            "logit_drop_difference": 0.0
        },
        {
            "image_index": 289,
            "true_label": 15,
            "original_confidence": 0.9999053478240967,
            "targeted_confidence": 0.9999053478240967,
            "random_confidence": 0.9999053478240967,
            "targeted_drop": 0.0,
            "random_drop": 0.0,
            "number_target_neurons_ablated": 0,
            "number_random_neurons_ablated": 0,
            "target_neuron_ids": [],
            "random_neuron_ids": [],
            "sum_target_activation": 0.0,
            "original_true_logit": 10.152544021606445,
            "targeted_true_logit": 10.152544021606445,
            "random_true_logit": 10.152544021606445,
            "targeted_logit_drop": 0.0,
            "random_logit_drop": 0.0,
            "logit_drop_difference": 0.0
        },
        {
            "image_index": 384,
            "true_label": 15,
            "original_confidence": 0.9708305597305298,
            "targeted_confidence": 0.9708305597305298,
            "random_confidence": 0.9708305597305298,
            "targeted_drop": 0.0,
            "random_drop": 0.0,
            "number_target_neurons_ablated": 0,
            "number_random_neurons_ablated": 0,
            "target_neuron_ids": [],
            "random_neuron_ids": [],
            "sum_target_activation": 0.0,
            "original_true_logit": 4.863981246948242,
            "targeted_true_logit": 4.863981246948242,
            "random_true_logit": 4.863981246948242,
            "targeted_logit_drop": 0.0,
            "random_logit_drop": 0.0,
            "logit_drop_difference": 0.0
        },
        {
            "image_index": 398,
            "true_label": 15,
            "original_confidence": 0.999969482421875,
            "targeted_confidence": 0.9999661445617676,
            "random_confidence": 0.9999693632125854,
            "targeted_drop": 3.337860107421875e-06,
            "random_drop": 1.1920928955078125e-07,
            "number_target_neurons_ablated": 1,
            "number_random_neurons_ablated": 1,
            "target_neuron_ids": [
                32062
            ],
            "random_neuron_ids": [
                75171
            ],
            "sum_target_activation": 1.5567775964736938,
            "original_true_logit": 12.207182884216309,
            "targeted_true_logit": 12.042745590209961,
            "random_true_logit": 12.204448699951172,
            "targeted_logit_drop": 0.16443729400634766,
            "random_logit_drop": 0.0027341842651367188,
            "logit_drop_difference": 0.16170310974121094
        },
        {
            "image_index": 401,
            "true_label": 15,
            "original_confidence": 0.971341609954834,
            "targeted_confidence": 0.9699961543083191,
            "random_confidence": 0.9733310341835022,
            "targeted_drop": 0.0013454556465148926,
            "random_drop": -0.001989424228668213,
            "number_target_neurons_ablated": 1,
            "number_random_neurons_ablated": 1,
            "target_neuron_ids": [
                32062
            ],
            "random_neuron_ids": [
                34003
            ],
            "sum_target_activation": 1.1785295009613037,
            "original_true_logit": 7.429179668426514,
            "targeted_true_logit": 7.32839822769165,
            "random_true_logit": 7.356054782867432,
            "targeted_logit_drop": 0.10078144073486328,
            "random_logit_drop": 0.07312488555908203,
            "logit_drop_difference": 0.02765655517578125
        },
        {
            "image_index": 445,
            "true_label": 15,
            "original_confidence": 0.9999480247497559,
            "targeted_confidence": 0.9999269247055054,
            "random_confidence": 0.9999485015869141,
            "targeted_drop": 2.110004425048828e-05,
            "random_drop": -4.76837158203125e-07,
            "number_target_neurons_ablated": 3,
            "number_random_neurons_ablated": 3,
            "target_neuron_ids": [
                32062,
                36186,
                56474
            ],
            "random_neuron_ids": [
                39455,
                70888,
                73561
            ],
            "sum_target_activation": 5.465995788574219,
            "original_true_logit": 12.07265567779541,
            "targeted_true_logit": 11.675148010253906,
            "random_true_logit": 12.209906578063965,
            "targeted_logit_drop": 0.3975076675415039,
            "random_logit_drop": -0.1372509002685547,
            "logit_drop_difference": 0.5347585678100586
        },
        {
            "image_index": 472,
            "true_label": 15,
            "original_confidence": 0.9993591904640198,
            "targeted_confidence": 0.9993591904640198,
            "random_confidence": 0.9993591904640198,
            "targeted_drop": 0.0,
            "random_drop": 0.0,
            "number_target_neurons_ablated": 0,
            "number_random_neurons_ablated": 0,
            "target_neuron_ids": [],
            "random_neuron_ids": [],
            "sum_target_activation": 0.0,
            "original_true_logit": 8.61873722076416,
            "targeted_true_logit": 8.61873722076416,
            "random_true_logit": 8.61873722076416,
            "targeted_logit_drop": 0.0,
            "random_logit_drop": 0.0,
            "logit_drop_difference": 0.0
        },
        {
            "image_index": 473,
            "true_label": 15,
            "original_confidence": 0.7862890958786011,
            "targeted_confidence": 0.7862890958786011,
            "random_confidence": 0.7862890958786011,
            "targeted_drop": 0.0,
            "random_drop": 0.0,
            "number_target_neurons_ablated": 0,
            "number_random_neurons_ablated": 0,
            "target_neuron_ids": [],
            "random_neuron_ids": [],
            "sum_target_activation": 0.0,
            "original_true_logit": 5.0014824867248535,
            "targeted_true_logit": 5.0014824867248535,
            "random_true_logit": 5.0014824867248535,
            "targeted_logit_drop": 0.0,
            "random_logit_drop": 0.0,
            "logit_drop_difference": 0.0
        },
        {
            "image_index": 477,
            "true_label": 15,
            "original_confidence": 0.9990299940109253,
            "targeted_confidence": 0.9989677667617798,
            "random_confidence": 0.9991402626037598,
            "targeted_drop": 6.222724914550781e-05,
            "random_drop": -0.00011026859283447266,
            "number_target_neurons_ablated": 1,
            "number_random_neurons_ablated": 1,
            "target_neuron_ids": [
                32062
            ],
            "random_neuron_ids": [
                51899
            ],
            "sum_target_activation": 4.203016757965088,
            "original_true_logit": 11.154948234558105,
            "targeted_true_logit": 10.878178596496582,
            "random_true_logit": 11.177210807800293,
            "targeted_logit_drop": 0.27676963806152344,
            "random_logit_drop": -0.0222625732421875,
            "logit_drop_difference": 0.29903221130371094
        },
        {
            "image_index": 490,
            "true_label": 15,
            "original_confidence": 0.9997649788856506,
            "targeted_confidence": 0.9997623562812805,
            "random_confidence": 0.9997674822807312,
            "targeted_drop": 2.6226043701171875e-06,
            "random_drop": -2.5033950805664062e-06,
            "number_target_neurons_ablated": 1,
            "number_random_neurons_ablated": 1,
            "target_neuron_ids": [
                5705
            ],
            "random_neuron_ids": [
                7332
            ],
            "sum_target_activation": 1.4740819931030273,
            "original_true_logit": 10.762955665588379,
            "targeted_true_logit": 10.744738578796387,
            "random_true_logit": 10.734171867370605,
            "targeted_logit_drop": 0.018217086791992188,
            "random_logit_drop": 0.028783798217773438,
            "logit_drop_difference": -0.01056671142578125
        },
        {
            "image_index": 561,
            "true_label": 15,
            "original_confidence": 0.9999302625656128,
            "targeted_confidence": 0.9999302625656128,
            "random_confidence": 0.9999302625656128,
            "targeted_drop": 0.0,
            "random_drop": 0.0,
            "number_target_neurons_ablated": 0,
            "number_random_neurons_ablated": 0,
            "target_neuron_ids": [],
            "random_neuron_ids": [],
            "sum_target_activation": 0.0,
            "original_true_logit": 10.607425689697266,
            "targeted_true_logit": 10.607425689697266,
            "random_true_logit": 10.607425689697266,
            "targeted_logit_drop": 0.0,
            "random_logit_drop": 0.0,
            "logit_drop_difference": 0.0
        },
        {
            "image_index": 599,
            "true_label": 15,
            "original_confidence": 0.9991076588630676,
            "targeted_confidence": 0.9991076588630676,
            "random_confidence": 0.9991076588630676,
            "targeted_drop": 0.0,
            "random_drop": 0.0,
            "number_target_neurons_ablated": 0,
            "number_random_neurons_ablated": 0,
            "target_neuron_ids": [],
            "random_neuron_ids": [],
            "sum_target_activation": 0.0,
            "original_true_logit": 8.996397972106934,
            "targeted_true_logit": 8.996397972106934,
            "random_true_logit": 8.996397972106934,
            "targeted_logit_drop": 0.0,
            "random_logit_drop": 0.0,
            "logit_drop_difference": 0.0
        },
        {
            "image_index": 716,
            "true_label": 15,
            "original_confidence": 0.9997661709785461,
            "targeted_confidence": 0.9995970129966736,
            "random_confidence": 0.9998036026954651,
            "targeted_drop": 0.0001691579818725586,
            "random_drop": -3.743171691894531e-05,
            "number_target_neurons_ablated": 2,
            "number_random_neurons_ablated": 2,
            "target_neuron_ids": [
                6691,
                36186
            ],
            "random_neuron_ids": [
                642,
                30592
            ],
            "sum_target_activation": 5.051831245422363,
            "original_true_logit": 9.671661376953125,
            "targeted_true_logit": 9.17870044708252,
            "random_true_logit": 9.73602294921875,
            "targeted_logit_drop": 0.49296092987060547,
            "random_logit_drop": -0.064361572265625,
            "logit_drop_difference": 0.5573225021362305
        },
        {
            "image_index": 769,
            "true_label": 15,
            "original_confidence": 0.9986328482627869,
            "targeted_confidence": 0.9986328482627869,
            "random_confidence": 0.9986328482627869,
            "targeted_drop": 0.0,
            "random_drop": 0.0,
            "number_target_neurons_ablated": 0,
            "number_random_neurons_ablated": 0,
            "target_neuron_ids": [],
            "random_neuron_ids": [],
            "sum_target_activation": 0.0,
            "original_true_logit": 8.939522743225098,
            "targeted_true_logit": 8.939522743225098,
            "random_true_logit": 8.939522743225098,
            "targeted_logit_drop": 0.0,
            "random_logit_drop": 0.0,
            "logit_drop_difference": 0.0
        },
        {
            "image_index": 773,
            "true_label": 15,
            "original_confidence": 0.9984614849090576,
            "targeted_confidence": 0.9984614849090576,
            "random_confidence": 0.9984614849090576,
            "targeted_drop": 0.0,
            "random_drop": 0.0,
            "number_target_neurons_ablated": 0,
            "number_random_neurons_ablated": 0,
            "target_neuron_ids": [],
            "random_neuron_ids": [],
            "sum_target_activation": 0.0,
            "original_true_logit": 7.449709892272949,
            "targeted_true_logit": 7.449709892272949,
            "random_true_logit": 7.449709892272949,
            "targeted_logit_drop": 0.0,
            "random_logit_drop": 0.0,
            "logit_drop_difference": 0.0
        },
        {
            "image_index": 830,
            "true_label": 15,
            "original_confidence": 0.9999970197677612,
            "targeted_confidence": 0.9999970197677612,
            "random_confidence": 0.9999970197677612,
            "targeted_drop": 0.0,
            "random_drop": 0.0,
            "number_target_neurons_ablated": 0,
            "number_random_neurons_ablated": 0,
            "target_neuron_ids": [],
            "random_neuron_ids": [],
            "sum_target_activation": 0.0,
            "original_true_logit": 13.391709327697754,
            "targeted_true_logit": 13.391709327697754,
            "random_true_logit": 13.391709327697754,
            "targeted_logit_drop": 0.0,
            "random_logit_drop": 0.0,
            "logit_drop_difference": 0.0
        },
        {
            "image_index": 833,
            "true_label": 15,
            "original_confidence": 0.7070032358169556,
            "targeted_confidence": 0.7070032358169556,
            "random_confidence": 0.7070032358169556,
            "targeted_drop": 0.0,
            "random_drop": 0.0,
            "number_target_neurons_ablated": 0,
            "number_random_neurons_ablated": 0,
            "target_neuron_ids": [],
            "random_neuron_ids": [],
            "sum_target_activation": 0.0,
            "original_true_logit": 4.017534255981445,
            "targeted_true_logit": 4.017534255981445,
            "random_true_logit": 4.017534255981445,
            "targeted_logit_drop": 0.0,
            "random_logit_drop": 0.0,
            "logit_drop_difference": 0.0
        },
        {
            "image_index": 855,
            "true_label": 15,
            "original_confidence": 0.9991451501846313,
            "targeted_confidence": 0.9991451501846313,
            "random_confidence": 0.9991451501846313,
            "targeted_drop": 0.0,
            "random_drop": 0.0,
            "number_target_neurons_ablated": 0,
            "number_random_neurons_ablated": 0,
            "target_neuron_ids": [],
            "random_neuron_ids": [],
            "sum_target_activation": 0.0,
            "original_true_logit": 8.874736785888672,
            "targeted_true_logit": 8.874736785888672,
            "random_true_logit": 8.874736785888672,
            "targeted_logit_drop": 0.0,
            "random_logit_drop": 0.0,
            "logit_drop_difference": 0.0
        },
        {
            "image_index": 856,
            "true_label": 15,
            "original_confidence": 0.9984620809555054,
            "targeted_confidence": 0.9984620809555054,
            "random_confidence": 0.9984620809555054,
            "targeted_drop": 0.0,
            "random_drop": 0.0,
            "number_target_neurons_ablated": 0,
            "number_random_neurons_ablated": 0,
            "target_neuron_ids": [],
            "random_neuron_ids": [],
            "sum_target_activation": 0.0,
            "original_true_logit": 7.223965644836426,
            "targeted_true_logit": 7.223965644836426,
            "random_true_logit": 7.223965644836426,
            "targeted_logit_drop": 0.0,
            "random_logit_drop": 0.0,
            "logit_drop_difference": 0.0
        },
        {
            "image_index": 932,
            "true_label": 15,
            "original_confidence": 0.9206113815307617,
            "targeted_confidence": 0.9206113815307617,
            "random_confidence": 0.9206113815307617,
            "targeted_drop": 0.0,
            "random_drop": 0.0,
            "number_target_neurons_ablated": 0,
            "number_random_neurons_ablated": 0,
            "target_neuron_ids": [],
            "random_neuron_ids": [],
            "sum_target_activation": 0.0,
            "original_true_logit": 3.409083843231201,
            "targeted_true_logit": 3.409083843231201,
            "random_true_logit": 3.409083843231201,
            "targeted_logit_drop": 0.0,
            "random_logit_drop": 0.0,
            "logit_drop_difference": 0.0
        },
        {
            "image_index": 981,
            "true_label": 15,
            "original_confidence": 0.9782469868659973,
            "targeted_confidence": 0.9760783910751343,
            "random_confidence": 0.9792587757110596,
            "targeted_drop": 0.002168595790863037,
            "random_drop": -0.0010117888450622559,
            "number_target_neurons_ablated": 1,
            "number_random_neurons_ablated": 1,
            "target_neuron_ids": [
                21698
            ],
            "random_neuron_ids": [
                42631
            ],
            "sum_target_activation": 1.7090752124786377,
            "original_true_logit": 6.104316711425781,
            "targeted_true_logit": 5.969417095184326,
            "random_true_logit": 6.180322647094727,
            "targeted_logit_drop": 0.13489961624145508,
            "random_logit_drop": -0.07600593566894531,
            "logit_drop_difference": 0.2109055519104004
        },
        {
            "image_index": 1038,
            "true_label": 15,
            "original_confidence": 0.9976505637168884,
            "targeted_confidence": 0.9976505637168884,
            "random_confidence": 0.9976505637168884,
            "targeted_drop": 0.0,
            "random_drop": 0.0,
            "number_target_neurons_ablated": 0,
            "number_random_neurons_ablated": 0,
            "target_neuron_ids": [],
            "random_neuron_ids": [],
            "sum_target_activation": 0.0,
            "original_true_logit": 7.813696384429932,
            "targeted_true_logit": 7.813696384429932,
            "random_true_logit": 7.813696384429932,
            "targeted_logit_drop": 0.0,
            "random_logit_drop": 0.0,
            "logit_drop_difference": 0.0
        },
        {
            "image_index": 1099,
            "true_label": 15,
            "original_confidence": 0.9771450161933899,
            "targeted_confidence": 0.9771450161933899,
            "random_confidence": 0.9771450161933899,
            "targeted_drop": 0.0,
            "random_drop": 0.0,
            "number_target_neurons_ablated": 0,
            "number_random_neurons_ablated": 0,
            "target_neuron_ids": [],
            "random_neuron_ids": [],
            "sum_target_activation": 0.0,
            "original_true_logit": 6.623545169830322,
            "targeted_true_logit": 6.623545169830322,
            "random_true_logit": 6.623545169830322,
            "targeted_logit_drop": 0.0,
            "random_logit_drop": 0.0,
            "logit_drop_difference": 0.0
        },
        {
            "image_index": 1198,
            "true_label": 15,
            "original_confidence": 0.9995991587638855,
            "targeted_confidence": 0.9993007183074951,
            "random_confidence": 0.999394416809082,
            "targeted_drop": 0.00029844045639038086,
            "random_drop": 0.0002047419548034668,
            "number_target_neurons_ablated": 1,
            "number_random_neurons_ablated": 1,
            "target_neuron_ids": [
                32062
            ],
            "random_neuron_ids": [
                30281
            ],
            "sum_target_activation": 3.667185068130493,
            "original_true_logit": 9.933319091796875,
            "targeted_true_logit": 9.613651275634766,
            "random_true_logit": 9.597429275512695,
            "targeted_logit_drop": 0.3196678161621094,
            "random_logit_drop": 0.3358898162841797,
            "logit_drop_difference": -0.016222000122070312
        },
        {
            "image_index": 1202,
            "true_label": 15,
            "original_confidence": 0.985626757144928,
            "targeted_confidence": 0.985626757144928,
            "random_confidence": 0.985626757144928,
            "targeted_drop": 0.0,
            "random_drop": 0.0,
            "number_target_neurons_ablated": 0,
            "number_random_neurons_ablated": 0,
            "target_neuron_ids": [],
            "random_neuron_ids": [],
            "sum_target_activation": 0.0,
            "original_true_logit": 8.123807907104492,
            "targeted_true_logit": 8.123807907104492,
            "random_true_logit": 8.123807907104492,
            "targeted_logit_drop": 0.0,
            "random_logit_drop": 0.0,
            "logit_drop_difference": 0.0
        },
        {
            "image_index": 1288,
            "true_label": 15,
            "original_confidence": 0.9999901056289673,
            "targeted_confidence": 0.9999884366989136,
            "random_confidence": 0.9999903440475464,
            "targeted_drop": 1.6689300537109375e-06,
            "random_drop": -2.384185791015625e-07,
            "number_target_neurons_ablated": 1,
            "number_random_neurons_ablated": 1,
            "target_neuron_ids": [
                32062
            ],
            "random_neuron_ids": [
                44921
            ],
            "sum_target_activation": 2.456404685974121,
            "original_true_logit": 13.661185264587402,
            "targeted_true_logit": 13.410493850708008,
            "random_true_logit": 13.615793228149414,
            "targeted_logit_drop": 0.25069141387939453,
            "random_logit_drop": 0.04539203643798828,
            "logit_drop_difference": 0.20529937744140625
        },
        {
            "image_index": 1312,
            "true_label": 15,
            "original_confidence": 0.9999939203262329,
            "targeted_confidence": 0.999992847442627,
            "random_confidence": 0.999994158744812,
            "targeted_drop": 1.0728836059570312e-06,
            "random_drop": -2.384185791015625e-07,
            "number_target_neurons_ablated": 1,
            "number_random_neurons_ablated": 1,
            "target_neuron_ids": [
                32062
            ],
            "random_neuron_ids": [
                39353
            ],
            "sum_target_activation": 2.1991682052612305,
            "original_true_logit": 13.11681842803955,
            "targeted_true_logit": 12.936086654663086,
            "random_true_logit": 13.103511810302734,
            "targeted_logit_drop": 0.18073177337646484,
            "random_logit_drop": 0.013306617736816406,
            "logit_drop_difference": 0.16742515563964844
        },
        {
            "image_index": 1324,
            "true_label": 15,
            "original_confidence": 0.9997504353523254,
            "targeted_confidence": 0.9997504353523254,
            "random_confidence": 0.9997504353523254,
            "targeted_drop": 0.0,
            "random_drop": 0.0,
            "number_target_neurons_ablated": 0,
            "number_random_neurons_ablated": 0,
            "target_neuron_ids": [],
            "random_neuron_ids": [],
            "sum_target_activation": 0.0,
            "original_true_logit": 8.6182279586792,
            "targeted_true_logit": 8.6182279586792,
            "random_true_logit": 8.6182279586792,
            "targeted_logit_drop": 0.0,
            "random_logit_drop": 0.0,
            "logit_drop_difference": 0.0
        },
        {
            "image_index": 1365,
            "true_label": 15,
            "original_confidence": 0.9963950514793396,
            "targeted_confidence": 0.9963950514793396,
            "random_confidence": 0.9963950514793396,
            "targeted_drop": 0.0,
            "random_drop": 0.0,
            "number_target_neurons_ablated": 0,
            "number_random_neurons_ablated": 0,
            "target_neuron_ids": [],
            "random_neuron_ids": [],
            "sum_target_activation": 0.0,
            "original_true_logit": 6.532330513000488,
            "targeted_true_logit": 6.532330513000488,
            "random_true_logit": 6.532330513000488,
            "targeted_logit_drop": 0.0,
            "random_logit_drop": 0.0,
            "logit_drop_difference": 0.0
        },
        {
            "image_index": 1397,
            "true_label": 15,
            "original_confidence": 0.9997337460517883,
            "targeted_confidence": 0.9996844530105591,
            "random_confidence": 0.9997290968894958,
            "targeted_drop": 4.929304122924805e-05,
            "random_drop": 4.649162292480469e-06,
            "number_target_neurons_ablated": 1,
            "number_random_neurons_ablated": 1,
            "target_neuron_ids": [
                32062
            ],
            "random_neuron_ids": [
                59380
            ],
            "sum_target_activation": 1.3043383359909058,
            "original_true_logit": 9.80730152130127,
            "targeted_true_logit": 9.602404594421387,
            "random_true_logit": 9.75330638885498,
            "targeted_logit_drop": 0.2048969268798828,
            "random_logit_drop": 0.05399513244628906,
            "logit_drop_difference": 0.15090179443359375
        },
        {
            "image_index": 1404,
            "true_label": 15,
            "original_confidence": 0.9997444748878479,
            "targeted_confidence": 0.9997444748878479,
            "random_confidence": 0.9997444748878479,
            "targeted_drop": 0.0,
            "random_drop": 0.0,
            "number_target_neurons_ablated": 0,
            "number_random_neurons_ablated": 0,
            "target_neuron_ids": [],
            "random_neuron_ids": [],
            "sum_target_activation": 0.0,
            "original_true_logit": 9.176712989807129,
            "targeted_true_logit": 9.176712989807129,
            "random_true_logit": 9.176712989807129,
            "targeted_logit_drop": 0.0,
            "random_logit_drop": 0.0,
            "logit_drop_difference": 0.0
        },
        {
            "image_index": 1449,
            "true_label": 15,
            "original_confidence": 0.999992847442627,
            "targeted_confidence": 0.9999842643737793,
            "random_confidence": 0.9999880790710449,
            "targeted_drop": 8.58306884765625e-06,
            "random_drop": 4.76837158203125e-06,
            "number_target_neurons_ablated": 3,
            "number_random_neurons_ablated": 3,
            "target_neuron_ids": [
                5705,
                32062,
                64354
            ],
            "random_neuron_ids": [
                55650,
                382,
                59778
            ],
            "sum_target_activation": 5.951681137084961,
            "original_true_logit": 10.876776695251465,
            "targeted_true_logit": 10.234238624572754,
            "random_true_logit": 10.46100902557373,
            "targeted_logit_drop": 0.6425380706787109,
            "random_logit_drop": 0.4157676696777344,
            "logit_drop_difference": 0.22677040100097656
        },
        {
            "image_index": 1469,
            "true_label": 15,
            "original_confidence": 0.9832764863967896,
            "targeted_confidence": 0.9832764863967896,
            "random_confidence": 0.9832764863967896,
            "targeted_drop": 0.0,
            "random_drop": 0.0,
            "number_target_neurons_ablated": 0,
            "number_random_neurons_ablated": 0,
            "target_neuron_ids": [],
            "random_neuron_ids": [],
            "sum_target_activation": 0.0,
            "original_true_logit": 6.248878479003906,
            "targeted_true_logit": 6.248878479003906,
            "random_true_logit": 6.248878479003906,
            "targeted_logit_drop": 0.0,
            "random_logit_drop": 0.0,
            "logit_drop_difference": 0.0
        },
        {
            "image_index": 1592,
            "true_label": 15,
            "original_confidence": 0.008500535972416401,
            "targeted_confidence": 0.008500535972416401,
            "random_confidence": 0.008500535972416401,
            "targeted_drop": 0.0,
            "random_drop": 0.0,
            "number_target_neurons_ablated": 0,
            "number_random_neurons_ablated": 0,
            "target_neuron_ids": [],
            "random_neuron_ids": [],
            "sum_target_activation": 0.0,
            "original_true_logit": 1.9511359930038452,
            "targeted_true_logit": 1.9511359930038452,
            "random_true_logit": 1.9511359930038452,
            "targeted_logit_drop": 0.0,
            "random_logit_drop": 0.0,
            "logit_drop_difference": 0.0
        },
        {
            "image_index": 1605,
            "true_label": 15,
            "original_confidence": 0.7355568408966064,
            "targeted_confidence": 0.7355568408966064,
            "random_confidence": 0.7355568408966064,
            "targeted_drop": 0.0,
            "random_drop": 0.0,
            "number_target_neurons_ablated": 0,
            "number_random_neurons_ablated": 0,
            "target_neuron_ids": [],
            "random_neuron_ids": [],
            "sum_target_activation": 0.0,
            "original_true_logit": 2.9547512531280518,
            "targeted_true_logit": 2.9547512531280518,
            "random_true_logit": 2.9547512531280518,
            "targeted_logit_drop": 0.0,
            "random_logit_drop": 0.0,
            "logit_drop_difference": 0.0
        },
        {
            "image_index": 1612,
            "true_label": 15,
            "original_confidence": 0.9936590790748596,
            "targeted_confidence": 0.9936590790748596,
            "random_confidence": 0.9936590790748596,
            "targeted_drop": 0.0,
            "random_drop": 0.0,
            "number_target_neurons_ablated": 0,
            "number_random_neurons_ablated": 0,
            "target_neuron_ids": [],
            "random_neuron_ids": [],
            "sum_target_activation": 0.0,
            "original_true_logit": 8.480400085449219,
            "targeted_true_logit": 8.480400085449219,
            "random_true_logit": 8.480400085449219,
            "targeted_logit_drop": 0.0,
            "random_logit_drop": 0.0,
            "logit_drop_difference": 0.0
        },
        {
            "image_index": 1618,
            "true_label": 15,
            "original_confidence": 0.9988879561424255,
            "targeted_confidence": 0.9988879561424255,
            "random_confidence": 0.9988879561424255,
            "targeted_drop": 0.0,
            "random_drop": 0.0,
            "number_target_neurons_ablated": 0,
            "number_random_neurons_ablated": 0,
            "target_neuron_ids": [],
            "random_neuron_ids": [],
            "sum_target_activation": 0.0,
            "original_true_logit": 9.665352821350098,
            "targeted_true_logit": 9.665352821350098,
            "random_true_logit": 9.665352821350098,
            "targeted_logit_drop": 0.0,
            "random_logit_drop": 0.0,
            "logit_drop_difference": 0.0
        },
        {
            "image_index": 1635,
            "true_label": 15,
            "original_confidence": 0.9999929666519165,
            "targeted_confidence": 0.9999890327453613,
            "random_confidence": 0.9999903440475464,
            "targeted_drop": 3.933906555175781e-06,
            "random_drop": 2.6226043701171875e-06,
            "number_target_neurons_ablated": 3,
            "number_random_neurons_ablated": 3,
            "target_neuron_ids": [
                32062,
                36186,
                67158
            ],
            "random_neuron_ids": [
                19293,
                10805,
                71193
            ],
            "sum_target_activation": 5.5359272956848145,
            "original_true_logit": 12.088903427124023,
            "targeted_true_logit": 11.577051162719727,
            "random_true_logit": 11.758383750915527,
            "targeted_logit_drop": 0.5118522644042969,
            "random_logit_drop": 0.3305196762084961,
            "logit_drop_difference": 0.18133258819580078
        },
        {
            "image_index": 1644,
            "true_label": 15,
            "original_confidence": 0.988403856754303,
            "targeted_confidence": 0.988403856754303,
            "random_confidence": 0.988403856754303,
            "targeted_drop": 0.0,
            "random_drop": 0.0,
            "number_target_neurons_ablated": 0,
            "number_random_neurons_ablated": 0,
            "target_neuron_ids": [],
            "random_neuron_ids": [],
            "sum_target_activation": 0.0,
            "original_true_logit": 6.8342204093933105,
            "targeted_true_logit": 6.8342204093933105,
            "random_true_logit": 6.8342204093933105,
            "targeted_logit_drop": 0.0,
            "random_logit_drop": 0.0,
            "logit_drop_difference": 0.0
        },
        {
            "image_index": 1777,
            "true_label": 15,
            "original_confidence": 0.7834662199020386,
            "targeted_confidence": 0.7834662199020386,
            "random_confidence": 0.7834662199020386,
            "targeted_drop": 0.0,
            "random_drop": 0.0,
            "number_target_neurons_ablated": 0,
            "number_random_neurons_ablated": 0,
            "target_neuron_ids": [],
            "random_neuron_ids": [],
            "sum_target_activation": 0.0,
            "original_true_logit": 6.597012042999268,
            "targeted_true_logit": 6.597012042999268,
            "random_true_logit": 6.597012042999268,
            "targeted_logit_drop": 0.0,
            "random_logit_drop": 0.0,
            "logit_drop_difference": 0.0
        },
        {
            "image_index": 1798,
            "true_label": 15,
            "original_confidence": 0.9999921321868896,
            "targeted_confidence": 0.9999921321868896,
            "random_confidence": 0.9999921321868896,
            "targeted_drop": 0.0,
            "random_drop": 0.0,
            "number_target_neurons_ablated": 0,
            "number_random_neurons_ablated": 0,
            "target_neuron_ids": [],
            "random_neuron_ids": [],
            "sum_target_activation": 0.0,
            "original_true_logit": 10.762317657470703,
            "targeted_true_logit": 10.762317657470703,
            "random_true_logit": 10.762317657470703,
            "targeted_logit_drop": 0.0,
            "random_logit_drop": 0.0,
            "logit_drop_difference": 0.0
        },
        {
            "image_index": 1843,
            "true_label": 15,
            "original_confidence": 0.9388468861579895,
            "targeted_confidence": 0.9388468861579895,
            "random_confidence": 0.9388468861579895,
            "targeted_drop": 0.0,
            "random_drop": 0.0,
            "number_target_neurons_ablated": 0,
            "number_random_neurons_ablated": 0,
            "target_neuron_ids": [],
            "random_neuron_ids": [],
            "sum_target_activation": 0.0,
            "original_true_logit": 4.60032320022583,
            "targeted_true_logit": 4.60032320022583,
            "random_true_logit": 4.60032320022583,
            "targeted_logit_drop": 0.0,
            "random_logit_drop": 0.0,
            "logit_drop_difference": 0.0
        },
        {
            "image_index": 1860,
            "true_label": 15,
            "original_confidence": 0.999800980091095,
            "targeted_confidence": 0.999800980091095,
            "random_confidence": 0.999800980091095,
            "targeted_drop": 0.0,
            "random_drop": 0.0,
            "number_target_neurons_ablated": 0,
            "number_random_neurons_ablated": 0,
            "target_neuron_ids": [],
            "random_neuron_ids": [],
            "sum_target_activation": 0.0,
            "original_true_logit": 11.271122932434082,
            "targeted_true_logit": 11.271122932434082,
            "random_true_logit": 11.271122932434082,
            "targeted_logit_drop": 0.0,
            "random_logit_drop": 0.0,
            "logit_drop_difference": 0.0
        },
        {
            "image_index": 1864,
            "true_label": 15,
            "original_confidence": 0.9983207583427429,
            "targeted_confidence": 0.9983207583427429,
            "random_confidence": 0.9983207583427429,
            "targeted_drop": 0.0,
            "random_drop": 0.0,
            "number_target_neurons_ablated": 0,
            "number_random_neurons_ablated": 0,
            "target_neuron_ids": [],
            "random_neuron_ids": [],
            "sum_target_activation": 0.0,
            "original_true_logit": 9.707169532775879,
            "targeted_true_logit": 9.707169532775879,
            "random_true_logit": 9.707169532775879,
            "targeted_logit_drop": 0.0,
            "random_logit_drop": 0.0,
            "logit_drop_difference": 0.0
        },
        {
            "image_index": 1867,
            "true_label": 15,
            "original_confidence": 0.7386281490325928,
            "targeted_confidence": 0.7386281490325928,
            "random_confidence": 0.7386281490325928,
            "targeted_drop": 0.0,
            "random_drop": 0.0,
            "number_target_neurons_ablated": 0,
            "number_random_neurons_ablated": 0,
            "target_neuron_ids": [],
            "random_neuron_ids": [],
            "sum_target_activation": 0.0,
            "original_true_logit": 3.7930374145507812,
            "targeted_true_logit": 3.7930374145507812,
            "random_true_logit": 3.7930374145507812,
            "targeted_logit_drop": 0.0,
            "random_logit_drop": 0.0,
            "logit_drop_difference": 0.0
        },
        {
            "image_index": 1910,
            "true_label": 15,
            "original_confidence": 0.9999234676361084,
            "targeted_confidence": 0.9999221563339233,
            "random_confidence": 0.9999101161956787,
            "targeted_drop": 1.3113021850585938e-06,
            "random_drop": 1.33514404296875e-05,
            "number_target_neurons_ablated": 1,
            "number_random_neurons_ablated": 1,
            "target_neuron_ids": [
                32062
            ],
            "random_neuron_ids": [
                66318
            ],
            "sum_target_activation": 2.369612455368042,
            "original_true_logit": 12.094766616821289,
            "targeted_true_logit": 12.0230073928833,
            "random_true_logit": 11.821946144104004,
            "targeted_logit_drop": 0.07175922393798828,
            "random_logit_drop": 0.27282047271728516,
            "logit_drop_difference": -0.20106124877929688
        },
        {
            "image_index": 1930,
            "true_label": 15,
            "original_confidence": 0.9913058876991272,
            "targeted_confidence": 0.9913058876991272,
            "random_confidence": 0.9913058876991272,
            "targeted_drop": 0.0,
            "random_drop": 0.0,
            "number_target_neurons_ablated": 0,
            "number_random_neurons_ablated": 0,
            "target_neuron_ids": [],
            "random_neuron_ids": [],
            "sum_target_activation": 0.0,
            "original_true_logit": 7.682649612426758,
            "targeted_true_logit": 7.682649612426758,
            "random_true_logit": 7.682649612426758,
            "targeted_logit_drop": 0.0,
            "random_logit_drop": 0.0,
            "logit_drop_difference": 0.0
        },
        {
            "image_index": 1984,
            "true_label": 15,
            "original_confidence": 0.9999943971633911,
            "targeted_confidence": 0.9999943971633911,
            "random_confidence": 0.9999943971633911,
            "targeted_drop": 0.0,
            "random_drop": 0.0,
            "number_target_neurons_ablated": 0,
            "number_random_neurons_ablated": 0,
            "target_neuron_ids": [],
            "random_neuron_ids": [],
            "sum_target_activation": 0.0,
            "original_true_logit": 13.299127578735352,
            "targeted_true_logit": 13.299127578735352,
            "random_true_logit": 13.299127578735352,
            "targeted_logit_drop": 0.0,
            "random_logit_drop": 0.0,
            "logit_drop_difference": 0.0
        },
        {
            "image_index": 2010,
            "true_label": 15,
            "original_confidence": 0.9421829581260681,
            "targeted_confidence": 0.9421829581260681,
            "random_confidence": 0.9421829581260681,
            "targeted_drop": 0.0,
            "random_drop": 0.0,
            "number_target_neurons_ablated": 0,
            "number_random_neurons_ablated": 0,
            "target_neuron_ids": [],
            "random_neuron_ids": [],
            "sum_target_activation": 0.0,
            "original_true_logit": 4.691059112548828,
            "targeted_true_logit": 4.691059112548828,
            "random_true_logit": 4.691059112548828,
            "targeted_logit_drop": 0.0,
            "random_logit_drop": 0.0,
            "logit_drop_difference": 0.0
        },
        {
            "image_index": 2106,
            "true_label": 15,
            "original_confidence": 0.9706313610076904,
            "targeted_confidence": 0.9689100384712219,
            "random_confidence": 0.972030520439148,
            "targeted_drop": 0.0017213225364685059,
            "random_drop": -0.0013991594314575195,
            "number_target_neurons_ablated": 1,
            "number_random_neurons_ablated": 1,
            "target_neuron_ids": [
                67158
            ],
            "random_neuron_ids": [
                68529
            ],
            "sum_target_activation": 1.8317315578460693,
            "original_true_logit": 5.29151725769043,
            "targeted_true_logit": 5.200603485107422,
            "random_true_logit": 5.307891845703125,
            "targeted_logit_drop": 0.09091377258300781,
            "random_logit_drop": -0.016374588012695312,
            "logit_drop_difference": 0.10728836059570312
        },
        {
            "image_index": 2118,
            "true_label": 15,
            "original_confidence": 0.995497465133667,
            "targeted_confidence": 0.9954701662063599,
            "random_confidence": 0.9947680234909058,
            "targeted_drop": 2.7298927307128906e-05,
            "random_drop": 0.0007294416427612305,
            "number_target_neurons_ablated": 1,
            "number_random_neurons_ablated": 1,
            "target_neuron_ids": [
                32062
            ],
            "random_neuron_ids": [
                357
            ],
            "sum_target_activation": 2.1472389698028564,
            "original_true_logit": 8.875333786010742,
            "targeted_true_logit": 8.740312576293945,
            "random_true_logit": 8.841939926147461,
            "targeted_logit_drop": 0.13502120971679688,
            "random_logit_drop": 0.03339385986328125,
            "logit_drop_difference": 0.10162734985351562
        },
        {
            "image_index": 2125,
            "true_label": 15,
            "original_confidence": 0.9992232322692871,
            "targeted_confidence": 0.9986926913261414,
            "random_confidence": 0.9988697171211243,
            "targeted_drop": 0.000530540943145752,
            "random_drop": 0.0003535151481628418,
            "number_target_neurons_ablated": 2,
            "number_random_neurons_ablated": 2,
            "target_neuron_ids": [
                36186,
                81177
            ],
            "random_neuron_ids": [
                68331,
                32890
            ],
            "sum_target_activation": 4.08681583404541,
            "original_true_logit": 9.765013694763184,
            "targeted_true_logit": 9.30342960357666,
            "random_true_logit": 9.443288803100586,
            "targeted_logit_drop": 0.46158409118652344,
            "random_logit_drop": 0.32172489166259766,
            "logit_drop_difference": 0.13985919952392578
        },
        {
            "image_index": 2254,
            "true_label": 15,
            "original_confidence": 0.9989393353462219,
            "targeted_confidence": 0.998869001865387,
            "random_confidence": 0.9989185333251953,
            "targeted_drop": 7.033348083496094e-05,
            "random_drop": 2.0802021026611328e-05,
            "number_target_neurons_ablated": 1,
            "number_random_neurons_ablated": 1,
            "target_neuron_ids": [
                21698
            ],
            "random_neuron_ids": [
                24926
            ],
            "sum_target_activation": 1.7379519939422607,
            "original_true_logit": 7.739143371582031,
            "targeted_true_logit": 7.6373701095581055,
            "random_true_logit": 7.705040454864502,
            "targeted_logit_drop": 0.10177326202392578,
            "random_logit_drop": 0.0341029167175293,
            "logit_drop_difference": 0.06767034530639648
        },
        {
            "image_index": 2304,
            "true_label": 15,
            "original_confidence": 0.9998540878295898,
            "targeted_confidence": 0.9998540878295898,
            "random_confidence": 0.9998540878295898,
            "targeted_drop": 0.0,
            "random_drop": 0.0,
            "number_target_neurons_ablated": 0,
            "number_random_neurons_ablated": 0,
            "target_neuron_ids": [],
            "random_neuron_ids": [],
            "sum_target_activation": 0.0,
            "original_true_logit": 9.294280052185059,
            "targeted_true_logit": 9.294280052185059,
            "random_true_logit": 9.294280052185059,
            "targeted_logit_drop": 0.0,
            "random_logit_drop": 0.0,
            "logit_drop_difference": 0.0
        },
        {
            "image_index": 2336,
            "true_label": 15,
            "original_confidence": 0.9999659061431885,
            "targeted_confidence": 0.9999603033065796,
            "random_confidence": 0.9999648332595825,
            "targeted_drop": 5.602836608886719e-06,
            "random_drop": 1.0728836059570312e-06,
            "number_target_neurons_ablated": 1,
            "number_random_neurons_ablated": 1,
            "target_neuron_ids": [
                32062
            ],
            "random_neuron_ids": [
                38432
            ],
            "sum_target_activation": 1.5448529720306396,
            "original_true_logit": 11.743097305297852,
            "targeted_true_logit": 11.590434074401855,
            "random_true_logit": 11.64864444732666,
            "targeted_logit_drop": 0.1526632308959961,
            "random_logit_drop": 0.0944528579711914,
            "logit_drop_difference": 0.05821037292480469
        }
    ]
}

Saved results to: /home/woody/rlvl/rlvl172v/revelio/causal_results/image512/active_oxford_upft1_ablation_20260908_173911.json
=== JOB_STATISTICS ===
=== current date     : Tue Sep  8 05:39:13 PM CEST 2026
= Job-ID             : 1806609 on tinygpu
= Job-Name           : active_causal
= Job-Command        : /home/woody/rlvl/rlvl172v/revelio/diffc_image_classification/run_active_causal_ablation.sh
= Initial workdir    : /home/woody/rlvl/rlvl172v/revelio/diffc_image_classification
= Queue/Partition    : a100
= Slurm account      : rlvl with QOS=normal
= Requested resources:  for 00:10:00
= Elapsed runtime    : 00:00:45
= Total RAM usage    : 10.2 GiB of requested  GiB (%)   
= Node list          : tg090
= Subm/Elig/Start/End: 2026-09-08T17:33:51 / 2026-09-08T17:33:51 / 2026-09-08T17:38:28 / 2026-09-08T17:39:13
======================
=== Quota infos ======
    Path                 Used     SoftQ    HardQ    Gracetime  Filec    FileQ    FiHaQ    FileGrace    
    /home/woody           356.0G  1000.0G  1500.0G        N/A   1,249K   5,000K   7,500K        N/A    
    /home/hpc              26.8G   104.9G   209.7G        N/A   3,222      500K   1,000K        N/A    
======================
=== GPU utilization ==
gpu_name, gpu_bus_id, pid, gpu_utilization [%], mem_utilization [%], max_memory_usage [MiB], time [ms]
NVIDIA A100-SXM4-40GB, 00000000:41:00.0, 930649, 13 %, 4 %, 17118 MiB, 29871 ms
