### Starting TaskPrologue of job 1808409 on tg095 at Thu Sep 10 09:28:59 AM CEST 2026
Running on cores 32-63 with governor ondemand
Thu Sep 10 09:28:59 2026       
+-----------------------------------------------------------------------------------------+
| NVIDIA-SMI 610.57.04              KMD Version: 610.57.04     CUDA UMD Version: 13.3     |
+-----------------------------------------+------------------------+----------------------+
| GPU  Name                 Persistence-M | Bus-Id          Disp.A | Volatile Uncorr. ECC |
| Fan  Temp   Perf          Pwr:Usage/Cap |           Memory-Usage | GPU-Util  Compute M. |
|                                         |                        |               MIG M. |
|=========================================+========================+======================|
|   0  NVIDIA A100-SXM4-40GB          On  |   00000000:41:00.0 Off |                    0 |
| N/A   38C    P0             56W /  400W |       0MiB /  40960MiB |      0%      Default |
|                                         |                        |             Disabled |
+-----------------------------------------+------------------------+----------------------+

+-----------------------------------------------------------------------------------------+
| Processes:                                                                              |
|  GPU   GI   CI              PID   Type   Process name                        GPU Memory |
|        ID   ID                                                               Usage      |
|=========================================================================================|
|  No running processes found                                                             |
+-----------------------------------------------------------------------------------------+
### Finished TaskPrologue

Device: cuda
Loading feature statistics...
Loading k-SAE...
k-SAE k: 32
k-SAE n_features: 81920
Loading dataset...
Loading DiffC model...
Loaded DiffC checkpoint epoch: 88
=== JOB_STATISTICS ===
=== current date     : Thu Sep 10 09:29:59 AM CEST 2026
= Job-ID             : 1808409 on tinygpu
= Job-Name           : active_causal_combine
= Job-Command        : /home/woody/rlvl/rlvl172v/revelio/diffc_image_classification/run_combined_causal_ablation.sh
= Initial workdir    : /home/woody/rlvl/rlvl172v/revelio/diffc_image_classification
= Queue/Partition    : a100
= Slurm account      : rlvl with QOS=normal
= Requested resources:  for 01:00:00
= Elapsed runtime    : 00:01:45
= Total RAM usage    : 9.4 GiB of requested  GiB (%)   
= Node list          : tg095
= Subm/Elig/Start/End: 2026-09-10T09:28:11 / 2026-09-10T09:28:11 / 2026-09-10T09:28:14 / 2026-09-10T09:29:59
======================
=== Quota infos ======
    Path                 Used     SoftQ    HardQ    Gracetime  Filec    FileQ    FiHaQ    FileGrace    
    /home/woody           356.0G  1000.0G  1500.0G        N/A   1,250K   5,000K   7,500K        N/A    
    /home/hpc              26.8G   104.9G   209.7G        N/A   3,222      500K   1,000K        N/A    
======================
=== GPU utilization ==
gpu_name, gpu_bus_id, pid, gpu_utilization [%], mem_utilization [%], max_memory_usage [MiB], time [ms]
NVIDIA A100-SXM4-40GB, 00000000:41:00.0, 1836078, 1 %, 0 %, 8784 MiB, 29477 ms
