### Starting TaskPrologue of job 1812453 on tg092 at Mon Sep 14 12:28:33 PM CEST 2026
Running on cores 64-95 with governor ondemand
Mon Sep 14 12:28:33 2026       
+-----------------------------------------------------------------------------------------+
| NVIDIA-SMI 610.57.04              KMD Version: 610.57.04     CUDA UMD Version: 13.3     |
+-----------------------------------------+------------------------+----------------------+
| GPU  Name                 Persistence-M | Bus-Id          Disp.A | Volatile Uncorr. ECC |
| Fan  Temp   Perf          Pwr:Usage/Cap |           Memory-Usage | GPU-Util  Compute M. |
|                                         |                        |               MIG M. |
|=========================================+========================+======================|
|   0  NVIDIA A100-SXM4-40GB          On  |   00000000:81:00.0 Off |                    0 |
| N/A   34C    P0             54W /  400W |       0MiB /  40960MiB |      0%      Default |
|                                         |                        |             Disabled |
+-----------------------------------------+------------------------+----------------------+

+-----------------------------------------------------------------------------------------+
| Processes:                                                                              |
|  GPU   GI   CI              PID   Type   Process name                        GPU Memory |
|        ID   ID                                                               Usage      |
|=========================================================================================|
|  No running processes found                                                             |
+-----------------------------------------------------------------------------------------+
### Finished TaskPrologue

Device: cuda
Amplification factor: 1.25
Loading feature statistics...
Loading k-SAE...
k-SAE k: 32
k-SAE n_features: 81920
Loading dataset...
Loading DiffC model...
Loaded DiffC checkpoint epoch: 88

======================================================================
Class 0: abyssinian
Selected features: 0 | Test images: 64
Skipping class: no selected features or no test images.

======================================================================
Class 1: american_bulldog
Selected features: 7 | Test images: 64
  Batch 0: target_counts=[0, 0, 2, 0, 1, 0, 0, 0]
  Batch 1: target_counts=[1, 5, 0, 0, 0, 0, 0, 0]
  Batch 2: target_counts=[0, 5, 0, 0, 1, 0, 0, 1]
  Batch 3: target_counts=[0, 0, 0, 1, 2, 4, 1, 5]
  Batch 4: target_counts=[0, 0, 0, 5, 0, 0, 0, 1]
  Batch 5: target_counts=[0, 0, 0, 0, 0, 5, 5, 0]
  Batch 6: target_counts=[0, 0, 0, 0, 5, 0, 0, 0]
  Batch 7: target_counts=[0, 0, 1, 5, 0, 0, 1, 0]

======================================================================
Class 2: american_pit_bull_terrier
Selected features: 0 | Test images: 64
Skipping class: no selected features or no test images.

======================================================================
Class 3: basset_hound
Selected features: 0 | Test images: 64
Skipping class: no selected features or no test images.

======================================================================
Class 4: beagle
Selected features: 0 | Test images: 64
Skipping class: no selected features or no test images.

======================================================================
Class 5: bengal
Selected features: 0 | Test images: 64
Skipping class: no selected features or no test images.

======================================================================
Class 6: birman
Selected features: 0 | Test images: 64
Skipping class: no selected features or no test images.

======================================================================
Class 7: bombay
Selected features: 1 | Test images: 64
  Batch 0: target_counts=[0, 1, 0, 0, 0, 0, 0, 0]
  Batch 1: target_counts=[0, 0, 0, 0, 0, 0, 0, 0]
  Batch 2: target_counts=[0, 0, 0, 0, 0, 0, 0, 0]
  Batch 3: target_counts=[0, 0, 0, 0, 0, 0, 0, 0]
  Batch 4: target_counts=[1, 0, 1, 0, 1, 1, 0, 0]
  Batch 5: target_counts=[0, 0, 1, 1, 1, 0, 0, 1]
  Batch 6: target_counts=[0, 0, 0, 0, 0, 0, 0, 0]
  Batch 7: target_counts=[0, 0, 0, 0, 0, 1, 0, 0]

======================================================================
Class 8: boxer
Selected features: 2 | Test images: 64
  Batch 0: target_counts=[0, 0, 0, 0, 0, 0, 0, 0]
  Batch 1: target_counts=[0, 1, 0, 0, 0, 0, 0, 0]
  Batch 2: target_counts=[0, 0, 0, 0, 0, 0, 0, 0]
  Batch 3: target_counts=[0, 1, 0, 0, 0, 0, 0, 1]
  Batch 4: target_counts=[0, 0, 0, 0, 1, 0, 0, 0]
  Batch 5: target_counts=[0, 0, 0, 0, 0, 1, 0, 0]
  Batch 6: target_counts=[0, 0, 0, 0, 0, 0, 0, 0]
  Batch 7: target_counts=[0, 0, 1, 0, 1, 0, 0, 0]

======================================================================
Class 9: british_shorthair
Selected features: 6 | Test images: 64
  Batch 0: target_counts=[0, 4, 2, 3, 1, 1, 0, 0]
  Batch 1: target_counts=[3, 0, 3, 2, 0, 0, 0, 1]
  Batch 2: target_counts=[2, 1, 0, 0, 0, 0, 0, 0]
  Batch 3: target_counts=[0, 0, 1, 0, 1, 0, 1, 0]
  Batch 4: target_counts=[0, 0, 1, 1, 0, 0, 0, 0]
  Batch 5: target_counts=[0, 2, 2, 0, 1, 1, 0, 0]
  Batch 6: target_counts=[1, 0, 0, 2, 1, 2, 0, 0]
  Batch 7: target_counts=[1, 0, 2, 0, 1, 0, 0, 4]

======================================================================
Class 10: chihuahua
Selected features: 0 | Test images: 64
Skipping class: no selected features or no test images.

======================================================================
Class 11: egyptian_mau
Selected features: 1 | Test images: 64
  Batch 0: target_counts=[0, 0, 0, 1, 0, 0, 0, 0]
  Batch 1: target_counts=[0, 0, 0, 1, 0, 0, 0, 1]
  Batch 2: target_counts=[0, 0, 1, 1, 0, 0, 0, 1]
  Batch 3: target_counts=[0, 1, 0, 1, 0, 0, 0, 0]
  Batch 4: target_counts=[0, 0, 0, 0, 0, 0, 0, 0]
  Batch 5: target_counts=[0, 0, 0, 1, 0, 1, 0, 0]
  Batch 6: target_counts=[0, 0, 0, 0, 0, 0, 0, 0]
  Batch 7: target_counts=[0, 0, 1, 0, 0, 0, 0, 0]

======================================================================
Class 12: english_cocker_spaniel
Selected features: 0 | Test images: 64
Skipping class: no selected features or no test images.

======================================================================
Class 13: english_setter
Selected features: 0 | Test images: 64
Skipping class: no selected features or no test images.

======================================================================
Class 14: german_shorthaired
Selected features: 2 | Test images: 64
  Batch 0: target_counts=[0, 0, 1, 0, 0, 0, 1, 0]
  Batch 1: target_counts=[1, 0, 0, 0, 0, 0, 0, 0]
  Batch 2: target_counts=[1, 0, 0, 0, 0, 0, 0, 1]
  Batch 3: target_counts=[0, 0, 0, 0, 0, 0, 0, 0]
  Batch 4: target_counts=[0, 0, 0, 0, 0, 0, 0, 0]
  Batch 5: target_counts=[0, 0, 0, 0, 0, 1, 0, 0]
  Batch 6: target_counts=[0, 1, 0, 0, 0, 0, 0, 0]
  Batch 7: target_counts=[0, 0, 1, 0, 0, 2, 0, 0]

======================================================================
Class 15: great_pyrenees
Selected features: 16 | Test images: 64
  Batch 0: target_counts=[0, 0, 0, 0, 0, 1, 0, 0]
  Batch 1: target_counts=[0, 0, 0, 0, 1, 1, 3, 0]
  Batch 2: target_counts=[0, 1, 1, 0, 0, 2, 0, 0]
  Batch 3: target_counts=[0, 0, 0, 0, 0, 1, 0, 0]
  Batch 4: target_counts=[1, 0, 1, 1, 0, 0, 1, 0]
  Batch 5: target_counts=[3, 0, 0, 0, 0, 0, 3, 0]
  Batch 6: target_counts=[0, 0, 0, 0, 0, 0, 1, 0]
  Batch 7: target_counts=[0, 0, 1, 1, 2, 1, 0, 1]

======================================================================
Class 16: havanese
Selected features: 1 | Test images: 64
  Batch 0: target_counts=[0, 0, 0, 0, 1, 0, 0, 0]
  Batch 1: target_counts=[0, 0, 1, 0, 1, 0, 0, 0]
  Batch 2: target_counts=[0, 0, 0, 0, 0, 0, 0, 0]
  Batch 3: target_counts=[0, 0, 0, 0, 0, 0, 0, 0]
  Batch 4: target_counts=[0, 0, 0, 0, 0, 0, 0, 0]
  Batch 5: target_counts=[0, 0, 0, 0, 0, 0, 0, 0]
  Batch 6: target_counts=[0, 0, 0, 0, 1, 0, 0, 0]
  Batch 7: target_counts=[0, 1, 0, 0, 0, 0, 0, 0]

======================================================================
Class 17: japanese_chin
Selected features: 1 | Test images: 64
  Batch 0: target_counts=[0, 0, 0, 0, 0, 0, 0, 0]
  Batch 1: target_counts=[0, 0, 0, 0, 0, 0, 0, 0]
  Batch 2: target_counts=[0, 0, 0, 0, 0, 0, 0, 0]
  Batch 3: target_counts=[0, 0, 0, 0, 0, 0, 0, 0]
  Batch 4: target_counts=[0, 0, 0, 0, 0, 0, 0, 0]
  Batch 5: target_counts=[0, 0, 0, 0, 0, 0, 0, 0]
  Batch 6: target_counts=[0, 0, 0, 0, 0, 0, 0, 0]
  Batch 7: target_counts=[0, 0, 0, 0, 0, 0, 0, 0]

======================================================================
Class 18: keeshond
Selected features: 34 | Test images: 64
  Batch 0: target_counts=[4, 0, 2, 0, 2, 5, 4, 0]
  Batch 1: target_counts=[4, 2, 5, 0, 5, 0, 0, 0]
  Batch 2: target_counts=[1, 1, 1, 0, 1, 4, 0, 5]
  Batch 3: target_counts=[0, 2, 0, 1, 0, 0, 0, 1]
  Batch 4: target_counts=[0, 1, 0, 3, 1, 2, 2, 5]
  Batch 5: target_counts=[5, 0, 0, 5, 0, 4, 0, 1]
  Batch 6: target_counts=[0, 0, 4, 0, 0, 0, 0, 0]
  Batch 7: target_counts=[0, 0, 2, 4, 0, 2, 1, 0]

======================================================================
Class 19: leonberger
Selected features: 13 | Test images: 64
  Batch 0: target_counts=[0, 2, 0, 5, 0, 0, 0, 5]
  Batch 1: target_counts=[2, 5, 1, 1, 1, 4, 0, 0]
  Batch 2: target_counts=[0, 0, 0, 0, 1, 0, 0, 0]
  Batch 3: target_counts=[0, 1, 0, 1, 0, 0, 4, 5]
  Batch 4: target_counts=[0, 0, 1, 0, 0, 0, 1, 0]
  Batch 5: target_counts=[0, 2, 0, 4, 0, 0, 2, 0]
  Batch 6: target_counts=[2, 1, 5, 0, 4, 0, 5, 0]
  Batch 7: target_counts=[0, 3, 0, 0, 1, 0, 0, 0]

======================================================================
Class 20: maine_coon
Selected features: 1 | Test images: 64
  Batch 0: target_counts=[0, 0, 0, 0, 0, 0, 0, 0]
  Batch 1: target_counts=[0, 0, 0, 0, 0, 0, 0, 0]
  Batch 2: target_counts=[0, 0, 0, 0, 0, 0, 0, 0]
  Batch 3: target_counts=[0, 0, 0, 0, 0, 0, 0, 0]
  Batch 4: target_counts=[0, 0, 1, 1, 1, 0, 0, 0]
  Batch 5: target_counts=[0, 0, 0, 0, 0, 0, 0, 0]
  Batch 6: target_counts=[0, 0, 0, 0, 0, 0, 0, 0]
  Batch 7: target_counts=[0, 0, 0, 0, 1, 0, 0, 1]

======================================================================
Class 21: miniature_pinscher
Selected features: 0 | Test images: 64
Skipping class: no selected features or no test images.

======================================================================
Class 22: newfoundland
Selected features: 13 | Test images: 64
  Batch 0: target_counts=[1, 1, 0, 1, 0, 0, 1, 0]
  Batch 1: target_counts=[0, 0, 1, 0, 1, 0, 1, 0]
  Batch 2: target_counts=[1, 1, 2, 1, 0, 0, 0, 1]
  Batch 3: target_counts=[0, 0, 2, 0, 1, 0, 0, 0]
  Batch 4: target_counts=[0, 0, 1, 0, 0, 0, 1, 0]
  Batch 5: target_counts=[0, 0, 0, 1, 2, 0, 0, 0]
  Batch 6: target_counts=[2, 0, 1, 1, 1, 0, 0, 0]
  Batch 7: target_counts=[0, 0, 1, 0, 1, 0, 0, 1]

======================================================================
Class 23: persian
Selected features: 11 | Test images: 64
  Batch 0: target_counts=[4, 1, 1, 3, 4, 1, 2, 0]
  Batch 1: target_counts=[1, 2, 3, 0, 1, 1, 1, 3]
  Batch 2: target_counts=[5, 3, 3, 4, 3, 2, 2, 2]
  Batch 3: target_counts=[1, 4, 4, 0, 0, 3, 1, 3]
  Batch 4: target_counts=[0, 1, 2, 0, 1, 0, 4, 0]
  Batch 5: target_counts=[4, 2, 0, 0, 0, 4, 3, 2]
  Batch 6: target_counts=[3, 5, 0, 5, 3, 0, 1, 5]
  Batch 7: target_counts=[1, 0, 2, 2, 0, 4, 0, 0]

======================================================================
Class 24: pomeranian
Selected features: 3 | Test images: 64
  Batch 0: target_counts=[0, 1, 0, 2, 1, 0, 0, 0]
  Batch 1: target_counts=[0, 0, 0, 0, 0, 2, 0, 0]
  Batch 2: target_counts=[0, 0, 0, 0, 0, 0, 0, 0]
  Batch 3: target_counts=[0, 0, 0, 0, 0, 0, 0, 0]
  Batch 4: target_counts=[0, 0, 0, 0, 0, 0, 0, 3]
  Batch 5: target_counts=[0, 0, 0, 0, 0, 0, 0, 0]
  Batch 6: target_counts=[0, 0, 0, 0, 0, 1, 0, 0]
  Batch 7: target_counts=[0, 0, 0, 0, 0, 0, 0, 0]

======================================================================
Class 25: pug
Selected features: 2 | Test images: 64
  Batch 0: target_counts=[0, 2, 1, 0, 1, 0, 0, 1]
  Batch 1: target_counts=[0, 0, 0, 0, 1, 1, 0, 0]
  Batch 2: target_counts=[1, 1, 0, 0, 1, 0, 1, 1]
  Batch 3: target_counts=[0, 1, 1, 0, 1, 0, 0, 0]
  Batch 4: target_counts=[0, 0, 0, 1, 1, 2, 0, 1]
  Batch 5: target_counts=[0, 1, 0, 1, 0, 0, 1, 1]
  Batch 6: target_counts=[1, 1, 1, 0, 0, 1, 1, 0]
  Batch 7: target_counts=[0, 1, 1, 0, 1, 1, 0, 0]

======================================================================
Class 26: ragdoll
Selected features: 1 | Test images: 64
  Batch 0: target_counts=[0, 0, 0, 0, 0, 0, 0, 0]
  Batch 1: target_counts=[0, 0, 0, 0, 0, 0, 0, 0]
  Batch 2: target_counts=[0, 0, 0, 0, 0, 0, 0, 0]
  Batch 3: target_counts=[0, 0, 0, 0, 0, 0, 0, 0]
  Batch 4: target_counts=[0, 0, 0, 0, 0, 0, 0, 0]
  Batch 5: target_counts=[0, 0, 0, 0, 0, 0, 0, 0]
  Batch 6: target_counts=[0, 0, 0, 0, 0, 0, 0, 0]
  Batch 7: target_counts=[0, 0, 0, 0, 0, 0, 0, 0]

======================================================================
Class 27: russian_blue
Selected features: 1 | Test images: 64
  Batch 0: target_counts=[0, 0, 0, 0, 0, 0, 0, 0]
  Batch 1: target_counts=[0, 0, 0, 1, 0, 0, 0, 0]
  Batch 2: target_counts=[0, 0, 1, 0, 0, 0, 1, 0]
  Batch 3: target_counts=[1, 0, 0, 0, 0, 0, 0, 0]
  Batch 4: target_counts=[0, 1, 0, 0, 0, 0, 0, 0]
  Batch 5: target_counts=[0, 0, 0, 0, 0, 0, 0, 0]
  Batch 6: target_counts=[0, 0, 0, 0, 0, 0, 0, 1]
  Batch 7: target_counts=[0, 0, 0, 0, 0, 0, 0, 0]

======================================================================
Class 28: saint_bernard
Selected features: 0 | Test images: 64
Skipping class: no selected features or no test images.

======================================================================
Class 29: samoyed
Selected features: 8 | Test images: 64
  Batch 0: target_counts=[0, 1, 0, 0, 0, 0, 0, 0]
  Batch 1: target_counts=[0, 0, 0, 0, 0, 0, 0, 0]
  Batch 2: target_counts=[0, 0, 0, 0, 0, 0, 0, 0]
  Batch 3: target_counts=[0, 0, 0, 0, 0, 0, 0, 0]
  Batch 4: target_counts=[0, 0, 0, 0, 0, 2, 0, 0]
  Batch 5: target_counts=[0, 0, 0, 0, 0, 0, 0, 0]
  Batch 6: target_counts=[2, 0, 0, 0, 0, 0, 0, 0]
  Batch 7: target_counts=[0, 0, 0, 0, 0, 0, 0, 0]

======================================================================
Class 30: scottish_terrier
Selected features: 0 | Test images: 64
Skipping class: no selected features or no test images.

======================================================================
Class 31: shiba_inu
Selected features: 4 | Test images: 64
  Batch 0: target_counts=[2, 0, 0, 0, 0, 0, 1, 0]
  Batch 1: target_counts=[0, 0, 0, 1, 0, 0, 0, 0]
  Batch 2: target_counts=[1, 1, 1, 0, 0, 2, 0, 0]
  Batch 3: target_counts=[0, 0, 0, 0, 0, 0, 0, 3]
  Batch 4: target_counts=[0, 0, 0, 0, 1, 0, 0, 0]
  Batch 5: target_counts=[0, 0, 0, 0, 0, 0, 0, 0]
  Batch 6: target_counts=[1, 0, 0, 0, 0, 0, 0, 0]
  Batch 7: target_counts=[0, 0, 3, 1, 0, 0, 0, 0]

======================================================================
Class 32: siamese
Selected features: 0 | Test images: 64
Skipping class: no selected features or no test images.

======================================================================
Class 33: sphynx
Selected features: 20 | Test images: 64
  Batch 0: target_counts=[0, 2, 0, 0, 0, 4, 3, 0]
  Batch 1: target_counts=[1, 0, 0, 3, 1, 0, 3, 1]
  Batch 2: target_counts=[2, 1, 2, 0, 0, 5, 0, 0]
  Batch 3: target_counts=[5, 3, 0, 3, 4, 1, 0, 0]
  Batch 4: target_counts=[0, 5, 1, 0, 0, 0, 2, 0]
  Batch 5: target_counts=[5, 0, 0, 4, 0, 0, 0, 0]
  Batch 6: target_counts=[2, 5, 1, 3, 0, 3, 1, 1]
  Batch 7: target_counts=[3, 5, 0, 2, 5, 5, 5, 4]

======================================================================
Class 34: staffordshire_bull_terrier
Selected features: 1 | Test images: 64
  Batch 0: target_counts=[0, 0, 0, 0, 0, 0, 0, 0]
  Batch 1: target_counts=[0, 0, 0, 0, 0, 0, 0, 0]
  Batch 2: target_counts=[0, 0, 0, 0, 0, 0, 0, 0]
  Batch 3: target_counts=[0, 0, 0, 0, 0, 0, 0, 0]
  Batch 4: target_counts=[0, 0, 0, 0, 0, 0, 0, 0]
  Batch 5: target_counts=[0, 0, 0, 0, 0, 0, 0, 0]
  Batch 6: target_counts=[0, 0, 0, 0, 0, 0, 0, 0]
  Batch 7: target_counts=[0, 0, 0, 0, 0, 0, 0, 0]

======================================================================
Class 35: wheaten_terrier
Selected features: 21 | Test images: 64
  Batch 0: target_counts=[0, 0, 5, 0, 4, 0, 0, 0]
  Batch 1: target_counts=[0, 0, 0, 0, 0, 3, 0, 0]
  Batch 2: target_counts=[0, 0, 0, 0, 0, 0, 0, 0]
  Batch 3: target_counts=[0, 2, 0, 0, 0, 2, 5, 1]
  Batch 4: target_counts=[0, 1, 0, 0, 0, 1, 2, 1]
  Batch 5: target_counts=[1, 0, 0, 1, 0, 0, 4, 1]
  Batch 6: target_counts=[0, 5, 0, 0, 0, 2, 0, 0]
  Batch 7: target_counts=[0, 0, 1, 1, 1, 0, 2, 0]

======================================================================
Class 36: yorkshire_terrier
Selected features: 20 | Test images: 64
  Batch 0: target_counts=[1, 0, 0, 0, 0, 0, 0, 0]
  Batch 1: target_counts=[0, 1, 1, 0, 1, 0, 0, 0]
  Batch 2: target_counts=[0, 1, 0, 0, 0, 0, 0, 0]
  Batch 3: target_counts=[0, 1, 0, 0, 0, 0, 1, 1]
  Batch 4: target_counts=[0, 2, 0, 1, 1, 1, 1, 1]
  Batch 5: target_counts=[2, 0, 1, 1, 0, 0, 0, 3]
  Batch 6: target_counts=[0, 0, 1, 1, 1, 0, 0, 1]
  Batch 7: target_counts=[0, 0, 2, 1, 0, 0, 0, 0]

======================================================================
 class_id                 class_name  amplification_factor  n_selected_features  n_amplified  mean_margin_difference  median_margin_difference  ci_95_low  ci_95_high  fraction_positive   wilcoxon_p  sign_test_p
        0                 abyssinian                  1.25                    0            0                     NaN                       NaN        NaN         NaN                NaN          NaN          NaN
        1           american_bulldog                  1.25                    7           20                0.262073                  0.147644   0.154876    0.394929           1.000000 9.536743e-07 9.536743e-07
        2  american_pit_bull_terrier                  1.25                    0            0                     NaN                       NaN        NaN         NaN                NaN          NaN          NaN
        3               basset_hound                  1.25                    0            0                     NaN                       NaN        NaN         NaN                NaN          NaN          NaN
        4                     beagle                  1.25                    0            0                     NaN                       NaN        NaN         NaN                NaN          NaN          NaN
        5                     bengal                  1.25                    0            0                     NaN                       NaN        NaN         NaN                NaN          NaN          NaN
        6                     birman                  1.25                    0            0                     NaN                       NaN        NaN         NaN                NaN          NaN          NaN
        7                     bombay                  1.25                    1           10                0.078382                  0.048831   0.045990    0.113923           1.000000 9.765625e-04 9.765625e-04
        8                      boxer                  1.25                    2            7                0.088793                  0.098436   0.059900    0.113519           1.000000 7.812500e-03 7.812500e-03
        9          british_shorthair                  1.25                    6           28                0.141442                  0.122803   0.105282    0.182589           0.964286 1.117587e-08 1.080334e-07
       10                  chihuahua                  1.25                    0            0                     NaN                       NaN        NaN         NaN                NaN          NaN          NaN
       11               egyptian_mau                  1.25                    1           11                0.443472                  0.368790   0.295011    0.615608           1.000000 4.882812e-04 4.882812e-04
       12     english_cocker_spaniel                  1.25                    0            0                     NaN                       NaN        NaN         NaN                NaN          NaN          NaN
       13             english_setter                  1.25                    0            0                     NaN                       NaN        NaN         NaN                NaN          NaN          NaN
       14         german_shorthaired                  1.25                    2            9                0.222962                  0.155417   0.154617    0.302653           1.000000 1.953125e-03 1.953125e-03
       15             great_pyrenees                  1.25                   16           20                0.044226                  0.033786   0.023664    0.067157           0.900000 3.538132e-04 2.012253e-04
       16                   havanese                  1.25                    1            5                0.075436                  0.079523   0.055499    0.089040           1.000000 3.125000e-02 3.125000e-02
       17              japanese_chin                  1.25                    1            0                     NaN                       NaN        NaN         NaN                NaN          NaN          NaN
       18                   keeshond                  1.25                   34           33                0.222949                  0.118431   0.145968    0.305858           0.909091 6.239861e-08 7.005874e-07
       19                 leonberger                  1.25                   13           26                0.139112                  0.059855   0.081051    0.203893           0.923077 6.407499e-07 5.245209e-06
       20                 maine_coon                  1.25                    1            5                0.121947                  0.117985   0.052327    0.191567           1.000000 3.125000e-02 3.125000e-02
       21         miniature_pinscher                  1.25                    0            0                     NaN                       NaN        NaN         NaN                NaN          NaN          NaN
       22               newfoundland                  1.25                   13           25                0.080423                  0.036446   0.050427    0.114686           0.920000 9.834766e-07 9.715557e-06
       23                    persian                  1.25                   11           47                0.306245                  0.208359   0.231995    0.390962           0.978723 3.552714e-14 3.410605e-13
       24                 pomeranian                  1.25                    3            6                0.150584                  0.118650   0.026691    0.310528           0.833333 4.687500e-02 1.093750e-01
       25                        pug                  1.25                    2           31                0.144597                  0.113298   0.108046    0.182173           1.000000 4.656613e-10 4.656613e-10
       26                    ragdoll                  1.25                    1            0                     NaN                       NaN        NaN         NaN                NaN          NaN          NaN
       27               russian_blue                  1.25                    1            6                0.031319                  0.037697  -0.005633    0.069251           0.666667 1.093750e-01 3.437500e-01
       28              saint_bernard                  1.25                    0            0                     NaN                       NaN        NaN         NaN                NaN          NaN          NaN
       29                    samoyed                  1.25                    8            3                0.107888                  0.089194   0.038353    0.196116           1.000000 1.250000e-01 1.250000e-01
       30           scottish_terrier                  1.25                    0            0                     NaN                       NaN        NaN         NaN                NaN          NaN          NaN
       31                  shiba_inu                  1.25                    4           12                0.080608                  0.077992   0.056579    0.106009           1.000000 2.441406e-04 2.441406e-04
       32                    siamese                  1.25                    0            0                     NaN                       NaN        NaN         NaN                NaN          NaN          NaN
       33                     sphynx                  1.25                   20           36                0.210539                  0.181397   0.156363    0.273981           0.972222 4.365575e-11 5.384209e-10
       34 staffordshire_bull_terrier                  1.25                    1            0                     NaN                       NaN        NaN         NaN                NaN          NaN          NaN
       35            wheaten_terrier                  1.25                   21           21                0.100196                  0.076878   0.050934    0.155436           0.857143 3.037453e-04 7.448196e-04
       36          yorkshire_terrier                  1.25                   20           24                0.150260                  0.109722   0.101126    0.199133           0.958333 1.788139e-07 1.490116e-06

Saved run to: /home/woody/rlvl/rlvl172v/revelio/causal_results/image512/amplification/run_20260914_122924_x1.25
Summary CSV: /home/woody/rlvl/rlvl172v/revelio/causal_results/image512/amplification/run_20260914_122924_x1.25/amplification_statistical_summary.csv
Combined JSON: /home/woody/rlvl/rlvl172v/revelio/causal_results/image512/amplification/run_20260914_122924_x1.25/combined_summary.json
=== JOB_STATISTICS ===
=== current date     : Mon Sep 14 12:31:11 PM CEST 2026
= Job-ID             : 1812453 on tinygpu
= Job-Name           : active_causal_amplification
= Job-Command        : /home/woody/rlvl/rlvl172v/revelio/diffc_image_classification/run_combined_causal_amplification.sh
= Initial workdir    : /home/woody/rlvl/rlvl172v/revelio/diffc_image_classification
= Queue/Partition    : a100
= Slurm account      : rlvl with QOS=normal
= Requested resources:  for 01:00:00
= Elapsed runtime    : 00:02:38
= Total RAM usage    : 10.4 GiB of requested  GiB (%)   
= Node list          : tg092
= Subm/Elig/Start/End: 2026-09-14T12:27:56 / 2026-09-14T12:27:56 / 2026-09-14T12:28:33 / 2026-09-14T12:31:11
======================
=== Quota infos ======
    Path                 Used     SoftQ    HardQ    Gracetime  Filec    FileQ    FiHaQ    FileGrace    
    /home/woody           356.0G  1000.0G  1500.0G        N/A   1,250K   5,000K   7,500K        N/A    
    /home/hpc              26.8G   104.9G   209.7G        N/A   3,222      500K   1,000K        N/A    
======================
=== GPU utilization ==
gpu_name, gpu_bus_id, pid, gpu_utilization [%], mem_utilization [%], max_memory_usage [MiB], time [ms]
NVIDIA A100-SXM4-40GB, 00000000:81:00.0, 1090639, 62 %, 24 %, 17118 MiB, 133116 ms
