### Starting TaskPrologue of job 1806715 on tg095 at Tue Sep  8 08:31:15 PM CEST 2026
Running on cores 0-31 with governor ondemand
Tue Sep  8 20:31:15 2026       
+-----------------------------------------------------------------------------------------+
| NVIDIA-SMI 610.57.04              KMD Version: 610.57.04     CUDA UMD Version: 13.3     |
+-----------------------------------------+------------------------+----------------------+
| GPU  Name                 Persistence-M | Bus-Id          Disp.A | Volatile Uncorr. ECC |
| Fan  Temp   Perf          Pwr:Usage/Cap |           Memory-Usage | GPU-Util  Compute M. |
|                                         |                        |               MIG M. |
|=========================================+========================+======================|
|   0  NVIDIA A100-SXM4-40GB          On  |   00000000:01:00.0 Off |                    0 |
| N/A   51C    P0             78W /  400W |       0MiB /  40960MiB |      0%      Default |
|                                         |                        |             Disabled |
+-----------------------------------------+------------------------+----------------------+

+-----------------------------------------------------------------------------------------+
| Processes:                                                                              |
|  GPU   GI   CI              PID   Type   Process name                        GPU Memory |
|        ID   ID                                                               Usage      |
|=========================================================================================|
|  No running processes found                                                             |
+-----------------------------------------------------------------------------------------+
### Finished TaskPrologue

Automatically selected 20 features for class 33
Feature IDs: [8907, 15094, 21950, 23286, 24846, 31224, 32240, 32829, 32868, 39936, 59333, 65596, 67040, 67663, 69669, 71786, 75142, 77271, 78929, 79280]
Device: cuda

Loading feature statistics...
Loading k-SAE...
k-SAE k: 32
k-SAE n_features: 81920

Loading dataset...
Target class: 33 sphynx
Selected target-class images: 64
First indices: [11, 20, 44, 143, 151, 161, 192, 246, 355, 422, 463, 593, 616, 629, 687, 743, 763, 788, 845, 858]

Loading DiffC model...
Loaded DiffC checkpoint epoch: 88
Loaded DiffC checkpoint test accuracy: 0.8828018533660398
Batch 0: target_counts=[0, 2, 0, 0, 0, 4, 3, 0]
Batch 1: target_counts=[1, 0, 0, 3, 1, 0, 3, 1]
Batch 2: target_counts=[2, 1, 2, 0, 0, 5, 0, 0]
Batch 3: target_counts=[5, 3, 0, 3, 4, 1, 0, 0]
Batch 4: target_counts=[0, 5, 1, 0, 0, 0, 2, 0]
Batch 5: target_counts=[5, 0, 0, 4, 0, 0, 0, 0]
Batch 6: target_counts=[2, 5, 1, 3, 0, 3, 1, 1]
Batch 7: target_counts=[3, 5, 0, 2, 5, 5, 5, 4]

{
    "config": {
        "work_dir": "/home/woody/rlvl/rlvl172v",
        "sd_ksae_dir": "/home/woody/rlvl/rlvl172v/revelio/SD-kSAE",
        "diffc_dir": "/home/woody/rlvl/rlvl172v/revelio/diffc_image_classification",
        "dataset_flag": "timm/oxford-iiit-pet",
        "target_class": 33,
        "num_classes": 37,
        "split": "test",
        "model_name": "runwayml/stable-diffusion-v1-5",
        "diffusion_timestep": 25,
        "diffusion_layer": "up_ft:1",
        "input_channels": 1280,
        "dropout_rate": 0.0,
        "prompt_type": "empty",
        "pooling_strategy": "GAP",
        "diffusion_step_type": "onestep",
        "feature_dir": "/home/woody/rlvl/rlvl172v/revelio/SD-kSAE/features/oxfordpet/SDv1-5/step25_upft1/image512",
        "diffc_checkpoint_path": "/home/woody/rlvl/rlvl172v/revelio/DiffC_outputs/image512/timm-oxford-iiit-pet/runwayml-stable-diffusion-v1-5/diffusion_step_25/layer_up_ft:1/prompt_empty/pool_GAP/dropout_0.0/best_classifier.pt",
        "ksae_checkpoint_path": "/home/woody/rlvl/rlvl172v/revelio/SD-kSAE/Checkpoints/image512/ihny7k5a/final_k_sparse_autoencoder_/home/woody/rlvl/rlvl172v/revelio/SD-kSAE/oxfordpet/SDv1-5/timestep_25/up_blocks_1/image512_10_up_blocks_1_81920.pt",
        "output_path": "/home/woody/rlvl/rlvl172v/revelio/causal_results/image512/active_oxford_upft1_ablation.json",
        "min_purity": 0.8,
        "min_valid": 10,
        "max_ablate_per_image": 5,
        "active_feature_ranking": "purity_actual_activation",
        "max_images": 64,
        "batch_size": 8,
        "random_seed": 42,
        "feature_summary_path": "/home/woody/rlvl/rlvl172v/revelio/SD-kSAE/features/oxfordpet/SDv1-5/step25_upft1/image512/feature_summary_top10.csv",
        "target_feature_ids": [
            8907,
            15094,
            21950,
            23286,
            24846,
            31224,
            32240,
            32829,
            32868,
            39936,
            59333,
            65596,
            67040,
            67663,
            69669,
            71786,
            75142,
            77271,
            78929,
            79280
        ],
        "target_class_name": "sphynx"
    },
    "metrics": {
        "original": {
            "accuracy": 0.859375,
            "cross_entropy": 0.6163471558356832,
            "true_class_confidence": 0.8599630892276764,
            "target_class_confidence": 0.8599630892276764,
            "total": 64
        },
        "sae_reconstruction": {
            "accuracy": 0.8125,
            "cross_entropy": 1.07994251139462,
            "true_class_confidence": 0.7456852421164513,
            "target_class_confidence": 0.7456852421164513,
            "total": 64
        },
        "active_targeted_ablation": {
            "accuracy": 0.859375,
            "cross_entropy": 0.6164476669546275,
            "true_class_confidence": 0.8598640188574791,
            "target_class_confidence": 0.8598640188574791,
            "total": 64
        },
        "active_random_ablation": {
            "accuracy": 0.859375,
            "cross_entropy": 0.6164576572627993,
            "true_class_confidence": 0.8598560690879822,
            "target_class_confidence": 0.8598560690879822,
            "total": 64
        }
    },
    "confidence_drop_from_original": {
        "sae_reconstruction": 0.11427784711122513,
        "active_targeted_ablation": 9.907037019729614e-05,
        "active_random_ablation": 0.00010702013969421387
    },
    "activation_summary": {
        "total_images": 64,
        "ksae_k": 32,
        "total_active_features_seen": 2048,
        "total_target_ablated": 106,
        "total_random_ablated": 106,
        "images_with_target_features": 36,
        "fraction_images_with_target_features": 0.5625,
        "avg_target_ablated_per_image": 1.65625,
        "avg_random_ablated_per_image": 1.65625,
        "random_control": "active non-target-class features matched without replacement on absolute activation magnitude"
    },
    "treated_images_summary": {
        "total_treated_images": 36,
        "fraction_treated": 0.5625,
        "mean_targeted_confidence_drop": 0.00017616815037197538,
        "mean_random_confidence_drop": 0.00019028617276085747,
        "targeted_minus_random_drop": -1.4118022388882092e-05,
        "mean_targeted_minus_random_logit_drop": 0.7018591430452135,
        "median_targeted_minus_random_logit_drop": 0.5627727508544922,
        "fraction_targeted_drop_greater_than_random": 1.0,
        "mean_targeted_minus_random_margin_drop": 0.8498988444658203,
        "median_targeted_minus_random_margin_drop": 0.6864584013819695,
        "fraction_targeted_margin_drop_greater_than_random": 0.9722222222222222
    },
    "top_target_ablated_features": [
        {
            "feature_id": 31224,
            "count": 12,
            "activation_sum": 30.425878167152405,
            "avg_activation_when_selected": 2.5354898472627005,
            "purity": 0.8999999761581421,
            "majority_label": 33,
            "valid_count": 10,
            "mean_activation": 3.7517220973968506,
            "sparsity": 0.008967391215264797
        },
        {
            "feature_id": 23286,
            "count": 11,
            "activation_sum": 26.35912048816681,
            "avg_activation_when_selected": 2.396283680742437,
            "purity": 1.0,
            "majority_label": 33,
            "valid_count": 10,
            "mean_activation": 3.101555585861206,
            "sparsity": 0.009510869160294533
        },
        {
            "feature_id": 77271,
            "count": 10,
            "activation_sum": 25.699838042259216,
            "avg_activation_when_selected": 2.5699838042259215,
            "purity": 1.0,
            "majority_label": 33,
            "valid_count": 10,
            "mean_activation": 4.471407413482666,
            "sparsity": 0.004076086916029453
        },
        {
            "feature_id": 75142,
            "count": 10,
            "activation_sum": 20.694550812244415,
            "avg_activation_when_selected": 2.0694550812244414,
            "purity": 1.0,
            "majority_label": 33,
            "valid_count": 10,
            "mean_activation": 3.56121826171875,
            "sparsity": 0.010597825981676579
        },
        {
            "feature_id": 65596,
            "count": 8,
            "activation_sum": 21.409522771835327,
            "avg_activation_when_selected": 2.676190346479416,
            "purity": 1.0,
            "majority_label": 33,
            "valid_count": 10,
            "mean_activation": 4.0940375328063965,
            "sparsity": 0.004891304299235344
        },
        {
            "feature_id": 24846,
            "count": 8,
            "activation_sum": 17.03477254509926,
            "avg_activation_when_selected": 2.1293465681374073,
            "purity": 1.0,
            "majority_label": 33,
            "valid_count": 10,
            "mean_activation": 3.090937852859497,
            "sparsity": 0.009239129722118378
        },
        {
            "feature_id": 78929,
            "count": 8,
            "activation_sum": 16.40888011455536,
            "avg_activation_when_selected": 2.05111001431942,
            "purity": 1.0,
            "majority_label": 33,
            "valid_count": 10,
            "mean_activation": 3.9447765350341797,
            "sparsity": 0.004619564861059189
        },
        {
            "feature_id": 32868,
            "count": 7,
            "activation_sum": 23.28329825401306,
            "avg_activation_when_selected": 3.326185464859009,
            "purity": 0.800000011920929,
            "majority_label": 33,
            "valid_count": 10,
            "mean_activation": 3.870133638381958,
            "sparsity": 0.008423912338912487
        },
        {
            "feature_id": 8907,
            "count": 5,
            "activation_sum": 8.528700590133667,
            "avg_activation_when_selected": 1.7057401180267333,
            "purity": 1.0,
            "majority_label": 33,
            "valid_count": 10,
            "mean_activation": 4.893234729766846,
            "sparsity": 0.002989130327478051
        },
        {
            "feature_id": 32240,
            "count": 4,
            "activation_sum": 7.565983295440674,
            "avg_activation_when_selected": 1.8914958238601685,
            "purity": 1.0,
            "majority_label": 33,
            "valid_count": 10,
            "mean_activation": 4.596047878265381,
            "sparsity": 0.002989130327478051
        },
        {
            "feature_id": 69669,
            "count": 4,
            "activation_sum": 7.550196290016174,
            "avg_activation_when_selected": 1.8875490725040436,
            "purity": 1.0,
            "majority_label": 33,
            "valid_count": 10,
            "mean_activation": 4.425901412963867,
            "sparsity": 0.002989130327478051
        },
        {
            "feature_id": 32829,
            "count": 3,
            "activation_sum": 6.796066045761108,
            "avg_activation_when_selected": 2.265355348587036,
            "purity": 0.8999999761581421,
            "majority_label": 33,
            "valid_count": 10,
            "mean_activation": 4.830930709838867,
            "sparsity": 0.0027173911221325397
        },
        {
            "feature_id": 71786,
            "count": 3,
            "activation_sum": 6.235040187835693,
            "avg_activation_when_selected": 2.0783467292785645,
            "purity": 0.800000011920929,
            "majority_label": 33,
            "valid_count": 10,
            "mean_activation": 4.051054000854492,
            "sparsity": 0.002989130327478051
        },
        {
            "feature_id": 79280,
            "count": 3,
            "activation_sum": 5.240626275539398,
            "avg_activation_when_selected": 1.7468754251797993,
            "purity": 0.8999999761581421,
            "majority_label": 33,
            "valid_count": 10,
            "mean_activation": 2.684331178665161,
            "sparsity": 0.007608695421367884
        },
        {
            "feature_id": 67663,
            "count": 3,
            "activation_sum": 4.843154788017273,
            "avg_activation_when_selected": 1.614384929339091,
            "purity": 0.8999999761581421,
            "majority_label": 33,
            "valid_count": 10,
            "mean_activation": 4.293364524841309,
            "sparsity": 0.004076086916029453
        },
        {
            "feature_id": 21950,
            "count": 2,
            "activation_sum": 5.5795910358428955,
            "avg_activation_when_selected": 2.7897955179214478,
            "purity": 0.800000011920929,
            "majority_label": 33,
            "valid_count": 10,
            "mean_activation": 3.0860488414764404,
            "sparsity": 0.00624999962747097
        },
        {
            "feature_id": 67040,
            "count": 2,
            "activation_sum": 5.287113904953003,
            "avg_activation_when_selected": 2.6435569524765015,
            "purity": 0.8999999761581421,
            "majority_label": 33,
            "valid_count": 10,
            "mean_activation": 2.4310576915740967,
            "sparsity": 0.00624999962747097
        },
        {
            "feature_id": 39936,
            "count": 2,
            "activation_sum": 2.625136911869049,
            "avg_activation_when_selected": 1.3125684559345245,
            "purity": 0.8999999761581421,
            "majority_label": 33,
            "valid_count": 10,
            "mean_activation": 4.856817245483398,
            "sparsity": 0.0027173911221325397
        },
        {
            "feature_id": 59333,
            "count": 1,
            "activation_sum": 2.025005340576172,
            "avg_activation_when_selected": 2.025005340576172,
            "purity": 0.800000011920929,
            "majority_label": 33,
            "valid_count": 10,
            "mean_activation": 3.285386562347412,
            "sparsity": 0.002989130327478051
        }
    ],
    "top_random_ablated_features": [
        {
            "feature_id": 45057,
            "count": 2
        },
        {
            "feature_id": 76166,
            "count": 2
        },
        {
            "feature_id": 258,
            "count": 2
        },
        {
            "feature_id": 45172,
            "count": 2
        },
        {
            "feature_id": 81611,
            "count": 1
        },
        {
            "feature_id": 1944,
            "count": 1
        },
        {
            "feature_id": 10595,
            "count": 1
        },
        {
            "feature_id": 7655,
            "count": 1
        },
        {
            "feature_id": 73365,
            "count": 1
        },
        {
            "feature_id": 27757,
            "count": 1
        },
        {
            "feature_id": 446,
            "count": 1
        },
        {
            "feature_id": 62144,
            "count": 1
        },
        {
            "feature_id": 2238,
            "count": 1
        },
        {
            "feature_id": 50453,
            "count": 1
        },
        {
            "feature_id": 32809,
            "count": 1
        },
        {
            "feature_id": 22245,
            "count": 1
        },
        {
            "feature_id": 10480,
            "count": 1
        },
        {
            "feature_id": 1790,
            "count": 1
        },
        {
            "feature_id": 19951,
            "count": 1
        },
        {
            "feature_id": 27667,
            "count": 1
        },
        {
            "feature_id": 55791,
            "count": 1
        },
        {
            "feature_id": 59751,
            "count": 1
        },
        {
            "feature_id": 25650,
            "count": 1
        },
        {
            "feature_id": 61143,
            "count": 1
        },
        {
            "feature_id": 47226,
            "count": 1
        },
        {
            "feature_id": 21037,
            "count": 1
        },
        {
            "feature_id": 36588,
            "count": 1
        },
        {
            "feature_id": 26898,
            "count": 1
        },
        {
            "feature_id": 58443,
            "count": 1
        },
        {
            "feature_id": 67328,
            "count": 1
        },
        {
            "feature_id": 71326,
            "count": 1
        },
        {
            "feature_id": 5557,
            "count": 1
        },
        {
            "feature_id": 25558,
            "count": 1
        },
        {
            "feature_id": 47388,
            "count": 1
        },
        {
            "feature_id": 34108,
            "count": 1
        },
        {
            "feature_id": 86,
            "count": 1
        },
        {
            "feature_id": 45477,
            "count": 1
        },
        {
            "feature_id": 40454,
            "count": 1
        },
        {
            "feature_id": 22874,
            "count": 1
        },
        {
            "feature_id": 20495,
            "count": 1
        },
        {
            "feature_id": 33241,
            "count": 1
        },
        {
            "feature_id": 1252,
            "count": 1
        },
        {
            "feature_id": 2397,
            "count": 1
        },
        {
            "feature_id": 38751,
            "count": 1
        },
        {
            "feature_id": 71791,
            "count": 1
        },
        {
            "feature_id": 15775,
            "count": 1
        },
        {
            "feature_id": 10624,
            "count": 1
        },
        {
            "feature_id": 4538,
            "count": 1
        },
        {
            "feature_id": 9898,
            "count": 1
        },
        {
            "feature_id": 1097,
            "count": 1
        }
    ],
    "per_image_results": [
        {
            "image_index": 11,
            "true_label": 33,
            "original_confidence": 0.9973324537277222,
            "targeted_confidence": 0.9973324537277222,
            "random_confidence": 0.9973324537277222,
            "targeted_drop": 0.0,
            "random_drop": 0.0,
            "number_target_neurons_ablated": 0,
            "number_random_neurons_ablated": 0,
            "target_neuron_ids": [],
            "random_neuron_ids": [],
            "sum_target_activation": 0.0,
            "original_true_logit": 7.835110187530518,
            "targeted_true_logit": 7.835110187530518,
            "random_true_logit": 7.835110187530518,
            "targeted_logit_drop": 0.0,
            "random_logit_drop": 0.0,
            "logit_drop_difference": 0.0,
            "original_margin": 6.002548456192017,
            "targeted_margin": 6.002548456192017,
            "random_margin": 6.002548456192017,
            "targeted_margin_drop": 0.0,
            "random_margin_drop": 0.0,
            "margin_drop_difference": 0.0
        },
        {
            "image_index": 20,
            "true_label": 33,
            "original_confidence": 0.9999986886978149,
            "targeted_confidence": 0.9999977350234985,
            "random_confidence": 0.9999986886978149,
            "targeted_drop": 9.5367431640625e-07,
            "random_drop": 0.0,
            "number_target_neurons_ablated": 2,
            "number_random_neurons_ablated": 2,
            "target_neuron_ids": [
                8907,
                69669
            ],
            "random_neuron_ids": [
                81611,
                1944
            ],
            "sum_target_activation": 3.215704917907715,
            "original_true_logit": 13.670862197875977,
            "targeted_true_logit": 13.262280464172363,
            "random_true_logit": 13.710532188415527,
            "targeted_logit_drop": 0.4085817337036133,
            "random_logit_drop": -0.03966999053955078,
            "logit_drop_difference": 0.44825172424316406,
            "original_margin": 13.864286616444588,
            "targeted_margin": 13.311826962977648,
            "random_margin": 13.851109877228737,
            "targeted_margin_drop": 0.5524596534669399,
            "random_margin_drop": 0.01317673921585083,
            "margin_drop_difference": 0.5392829142510891
        },
        {
            "image_index": 44,
            "true_label": 33,
            "original_confidence": 0.21250192821025848,
            "targeted_confidence": 0.21250192821025848,
            "random_confidence": 0.21250192821025848,
            "targeted_drop": 0.0,
            "random_drop": 0.0,
            "number_target_neurons_ablated": 0,
            "number_random_neurons_ablated": 0,
            "target_neuron_ids": [],
            "random_neuron_ids": [],
            "sum_target_activation": 0.0,
            "original_true_logit": 0.11259995400905609,
            "targeted_true_logit": 0.11259995400905609,
            "random_true_logit": 0.11259995400905609,
            "targeted_logit_drop": 0.0,
            "random_logit_drop": 0.0,
            "logit_drop_difference": 0.0,
            "original_margin": -0.20636628568172455,
            "targeted_margin": -0.20636628568172455,
            "random_margin": -0.20636628568172455,
            "targeted_margin_drop": 0.0,
            "random_margin_drop": 0.0,
            "margin_drop_difference": 0.0
        },
        {
            "image_index": 143,
            "true_label": 33,
            "original_confidence": 0.9998990297317505,
            "targeted_confidence": 0.9998990297317505,
            "random_confidence": 0.9998990297317505,
            "targeted_drop": 0.0,
            "random_drop": 0.0,
            "number_target_neurons_ablated": 0,
            "number_random_neurons_ablated": 0,
            "target_neuron_ids": [],
            "random_neuron_ids": [],
            "sum_target_activation": 0.0,
            "original_true_logit": 8.68503475189209,
            "targeted_true_logit": 8.68503475189209,
            "random_true_logit": 8.68503475189209,
            "targeted_logit_drop": 0.0,
            "random_logit_drop": 0.0,
            "logit_drop_difference": 0.0,
            "original_margin": 10.3245290517807,
            "targeted_margin": 10.3245290517807,
            "random_margin": 10.3245290517807,
            "targeted_margin_drop": 0.0,
            "random_margin_drop": 0.0,
            "margin_drop_difference": 0.0
        },
        {
            "image_index": 151,
            "true_label": 33,
            "original_confidence": 0.0006310015451163054,
            "targeted_confidence": 0.0006310015451163054,
            "random_confidence": 0.0006310015451163054,
            "targeted_drop": 0.0,
            "random_drop": 0.0,
            "number_target_neurons_ablated": 0,
            "number_random_neurons_ablated": 0,
            "target_neuron_ids": [],
            "random_neuron_ids": [],
            "sum_target_activation": 0.0,
            "original_true_logit": -2.348724842071533,
            "targeted_true_logit": -2.348724842071533,
            "random_true_logit": -2.348724842071533,
            "targeted_logit_drop": 0.0,
            "random_logit_drop": 0.0,
            "logit_drop_difference": 0.0,
            "original_margin": -7.362231254577637,
            "targeted_margin": -7.362231254577637,
            "random_margin": -7.362231254577637,
            "targeted_margin_drop": 0.0,
            "random_margin_drop": 0.0,
            "margin_drop_difference": 0.0
        },
        {
            "image_index": 161,
            "true_label": 33,
            "original_confidence": 0.999998927116394,
            "targeted_confidence": 0.999996542930603,
            "random_confidence": 0.9999991655349731,
            "targeted_drop": 2.384185791015625e-06,
            "random_drop": -2.384185791015625e-07,
            "number_target_neurons_ablated": 4,
            "number_random_neurons_ablated": 4,
            "target_neuron_ids": [
                24846,
                31224,
                59333,
                65596
            ],
            "random_neuron_ids": [
                10595,
                7655,
                73365,
                27757
            ],
            "sum_target_activation": 9.814716339111328,
            "original_true_logit": 14.380921363830566,
            "targeted_true_logit": 13.357720375061035,
            "random_true_logit": 14.581902503967285,
            "targeted_logit_drop": 1.0232009887695312,
            "random_logit_drop": -0.20098114013671875,
            "logit_drop_difference": 1.22418212890625,
            "original_margin": 14.389710414223373,
            "targeted_margin": 13.171882897615433,
            "random_margin": 14.592163699679077,
            "targeted_margin_drop": 1.2178275166079402,
            "random_margin_drop": -0.20245328545570374,
            "margin_drop_difference": 1.420280802063644
        },
        {
            "image_index": 192,
            "true_label": 33,
            "original_confidence": 1.0,
            "targeted_confidence": 1.0,
            "random_confidence": 1.0,
            "targeted_drop": 0.0,
            "random_drop": 0.0,
            "number_target_neurons_ablated": 3,
            "number_random_neurons_ablated": 3,
            "target_neuron_ids": [
                31224,
                32868,
                65596
            ],
            "random_neuron_ids": [
                446,
                62144,
                2238
            ],
            "sum_target_activation": 7.3535308837890625,
            "original_true_logit": 17.147663116455078,
            "targeted_true_logit": 16.128297805786133,
            "random_true_logit": 17.468095779418945,
            "targeted_logit_drop": 1.0193653106689453,
            "random_logit_drop": -0.3204326629638672,
            "logit_drop_difference": 1.3397979736328125,
            "original_margin": 20.00796103477478,
            "targeted_margin": 19.196651458740234,
            "random_margin": 20.488495588302612,
            "targeted_margin_drop": 0.8113095760345459,
            "random_margin_drop": -0.48053455352783203,
            "margin_drop_difference": 1.291844129562378
        },
        {
            "image_index": 246,
            "true_label": 33,
            "original_confidence": 0.9989539384841919,
            "targeted_confidence": 0.9989539384841919,
            "random_confidence": 0.9989539384841919,
            "targeted_drop": 0.0,
            "random_drop": 0.0,
            "number_target_neurons_ablated": 0,
            "number_random_neurons_ablated": 0,
            "target_neuron_ids": [],
            "random_neuron_ids": [],
            "sum_target_activation": 0.0,
            "original_true_logit": 8.601510047912598,
            "targeted_true_logit": 8.601510047912598,
            "random_true_logit": 8.601510047912598,
            "targeted_logit_drop": 0.0,
            "random_logit_drop": 0.0,
            "logit_drop_difference": 0.0,
            "original_margin": 6.92878532409668,
            "targeted_margin": 6.92878532409668,
            "random_margin": 6.92878532409668,
            "targeted_margin_drop": 0.0,
            "random_margin_drop": 0.0,
            "margin_drop_difference": 0.0
        },
        {
            "image_index": 355,
            "true_label": 33,
            "original_confidence": 0.999998927116394,
            "targeted_confidence": 0.9999988079071045,
            "random_confidence": 0.999998927116394,
            "targeted_drop": 1.1920928955078125e-07,
            "random_drop": 0.0,
            "number_target_neurons_ablated": 1,
            "number_random_neurons_ablated": 1,
            "target_neuron_ids": [
                79280
            ],
            "random_neuron_ids": [
                50453
            ],
            "sum_target_activation": 0.879465639591217,
            "original_true_logit": 12.79226303100586,
            "targeted_true_logit": 12.667521476745605,
            "random_true_logit": 12.805253028869629,
            "targeted_logit_drop": 0.1247415542602539,
            "random_logit_drop": -0.012989997863769531,
            "logit_drop_difference": 0.13773155212402344,
            "original_margin": 15.445056915283203,
            "targeted_margin": 15.290625095367432,
            "random_margin": 15.382787942886353,
            "targeted_margin_drop": 0.15443181991577148,
            "random_margin_drop": 0.062268972396850586,
            "margin_drop_difference": 0.0921628475189209
        },
        {
            "image_index": 422,
            "true_label": 33,
            "original_confidence": 0.9999387264251709,
            "targeted_confidence": 0.9999387264251709,
            "random_confidence": 0.9999387264251709,
            "targeted_drop": 0.0,
            "random_drop": 0.0,
            "number_target_neurons_ablated": 0,
            "number_random_neurons_ablated": 0,
            "target_neuron_ids": [],
            "random_neuron_ids": [],
            "sum_target_activation": 0.0,
            "original_true_logit": 8.944751739501953,
            "targeted_true_logit": 8.944751739501953,
            "random_true_logit": 8.944751739501953,
            "targeted_logit_drop": 0.0,
            "random_logit_drop": 0.0,
            "logit_drop_difference": 0.0,
            "original_margin": 11.28728723526001,
            "targeted_margin": 11.28728723526001,
            "random_margin": 11.28728723526001,
            "targeted_margin_drop": 0.0,
            "random_margin_drop": 0.0,
            "margin_drop_difference": 0.0
        },
        {
            "image_index": 463,
            "true_label": 33,
            "original_confidence": 0.9988935589790344,
            "targeted_confidence": 0.9988935589790344,
            "random_confidence": 0.9988935589790344,
            "targeted_drop": 0.0,
            "random_drop": 0.0,
            "number_target_neurons_ablated": 0,
            "number_random_neurons_ablated": 0,
            "target_neuron_ids": [],
            "random_neuron_ids": [],
            "sum_target_activation": 0.0,
            "original_true_logit": 6.770431995391846,
            "targeted_true_logit": 6.770431995391846,
            "random_true_logit": 6.770431995391846,
            "targeted_logit_drop": 0.0,
            "random_logit_drop": 0.0,
            "logit_drop_difference": 0.0,
            "original_margin": 8.353145122528076,
            "targeted_margin": 8.353145122528076,
            "random_margin": 8.353145122528076,
            "targeted_margin_drop": 0.0,
            "random_margin_drop": 0.0,
            "margin_drop_difference": 0.0
        },
        {
            "image_index": 593,
            "true_label": 33,
            "original_confidence": 0.9999997615814209,
            "targeted_confidence": 0.9999995231628418,
            "random_confidence": 0.9999998807907104,
            "targeted_drop": 2.384185791015625e-07,
            "random_drop": -1.1920928955078125e-07,
            "number_target_neurons_ablated": 3,
            "number_random_neurons_ablated": 3,
            "target_neuron_ids": [
                23286,
                32868,
                69669
            ],
            "random_neuron_ids": [
                32809,
                22245,
                10480
            ],
            "sum_target_activation": 8.407828330993652,
            "original_true_logit": 14.907444953918457,
            "targeted_true_logit": 13.937806129455566,
            "random_true_logit": 14.890438079833984,
            "targeted_logit_drop": 0.9696388244628906,
            "random_logit_drop": 0.017006874084472656,
            "logit_drop_difference": 0.952631950378418,
            "original_margin": 16.631998419761658,
            "targeted_margin": 15.54617440700531,
            "random_margin": 16.721851468086243,
            "targeted_margin_drop": 1.0858240127563477,
            "random_margin_drop": -0.08985304832458496,
            "margin_drop_difference": 1.1756770610809326
        },
        {
            "image_index": 616,
            "true_label": 33,
            "original_confidence": 0.9999556541442871,
            "targeted_confidence": 0.9999465942382812,
            "random_confidence": 0.9999589920043945,
            "targeted_drop": 9.059906005859375e-06,
            "random_drop": -3.337860107421875e-06,
            "number_target_neurons_ablated": 1,
            "number_random_neurons_ablated": 1,
            "target_neuron_ids": [
                31224
            ],
            "random_neuron_ids": [
                1790
            ],
            "sum_target_activation": 1.6966748237609863,
            "original_true_logit": 10.9528169631958,
            "targeted_true_logit": 10.814629554748535,
            "random_true_logit": 10.999883651733398,
            "targeted_logit_drop": 0.13818740844726562,
            "random_logit_drop": -0.047066688537597656,
            "logit_drop_difference": 0.18525409698486328,
            "original_margin": 10.49704173207283,
            "targeted_margin": 10.274332463741302,
            "random_margin": 10.571439355611801,
            "targeted_margin_drop": 0.2227092683315277,
            "random_margin_drop": -0.07439762353897095,
            "margin_drop_difference": 0.29710689187049866
        },
        {
            "image_index": 629,
            "true_label": 33,
            "original_confidence": 0.9992808699607849,
            "targeted_confidence": 0.9992808699607849,
            "random_confidence": 0.9992808699607849,
            "targeted_drop": 0.0,
            "random_drop": 0.0,
            "number_target_neurons_ablated": 0,
            "number_random_neurons_ablated": 0,
            "target_neuron_ids": [],
            "random_neuron_ids": [],
            "sum_target_activation": 0.0,
            "original_true_logit": 7.913867950439453,
            "targeted_true_logit": 7.913867950439453,
            "random_true_logit": 7.913867950439453,
            "targeted_logit_drop": 0.0,
            "random_logit_drop": 0.0,
            "logit_drop_difference": 0.0,
            "original_margin": 8.504169881343842,
            "targeted_margin": 8.504169881343842,
            "random_margin": 8.504169881343842,
            "targeted_margin_drop": 0.0,
            "random_margin_drop": 0.0,
            "margin_drop_difference": 0.0
        },
        {
            "image_index": 687,
            "true_label": 33,
            "original_confidence": 0.999998927116394,
            "targeted_confidence": 0.9999972581863403,
            "random_confidence": 0.999998927116394,
            "targeted_drop": 1.6689300537109375e-06,
            "random_drop": 0.0,
            "number_target_neurons_ablated": 3,
            "number_random_neurons_ablated": 3,
            "target_neuron_ids": [
                23286,
                31224,
                75142
            ],
            "random_neuron_ids": [
                19951,
                27667,
                55791
            ],
            "sum_target_activation": 7.5283966064453125,
            "original_true_logit": 13.264552116394043,
            "targeted_true_logit": 12.321819305419922,
            "random_true_logit": 13.196992874145508,
            "targeted_logit_drop": 0.9427328109741211,
            "random_logit_drop": 0.06755924224853516,
            "logit_drop_difference": 0.8751735687255859,
            "original_margin": 15.03764283657074,
            "targeted_margin": 14.06631851196289,
            "random_margin": 15.21096920967102,
            "targeted_margin_drop": 0.9713243246078491,
            "random_margin_drop": -0.17332637310028076,
            "margin_drop_difference": 1.1446506977081299
        },
        {
            "image_index": 743,
            "true_label": 33,
            "original_confidence": 0.9999997615814209,
            "targeted_confidence": 0.9999997615814209,
            "random_confidence": 0.9999997615814209,
            "targeted_drop": 0.0,
            "random_drop": 0.0,
            "number_target_neurons_ablated": 1,
            "number_random_neurons_ablated": 1,
            "target_neuron_ids": [
                31224
            ],
            "random_neuron_ids": [
                59751
            ],
            "sum_target_activation": 3.228605031967163,
            "original_true_logit": 14.63321304321289,
            "targeted_true_logit": 14.232961654663086,
            "random_true_logit": 14.606193542480469,
            "targeted_logit_drop": 0.4002513885498047,
            "random_logit_drop": 0.027019500732421875,
            "logit_drop_difference": 0.3732318878173828,
            "original_margin": 16.549362063407898,
            "targeted_margin": 16.03470242023468,
            "random_margin": 16.577989101409912,
            "targeted_margin_drop": 0.5146596431732178,
            "random_margin_drop": -0.02862703800201416,
            "margin_drop_difference": 0.5432866811752319
        },
        {
            "image_index": 763,
            "true_label": 33,
            "original_confidence": 0.999994158744812,
            "targeted_confidence": 0.9999871253967285,
            "random_confidence": 0.9999960660934448,
            "targeted_drop": 7.033348083496094e-06,
            "random_drop": -1.9073486328125e-06,
            "number_target_neurons_ablated": 2,
            "number_random_neurons_ablated": 2,
            "target_neuron_ids": [
                31224,
                75142
            ],
            "random_neuron_ids": [
                25650,
                61143
            ],
            "sum_target_activation": 5.243966102600098,
            "original_true_logit": 11.399665832519531,
            "targeted_true_logit": 10.53597354888916,
            "random_true_logit": 11.718088150024414,
            "targeted_logit_drop": 0.8636922836303711,
            "random_logit_drop": -0.3184223175048828,
            "logit_drop_difference": 1.182114601135254,
            "original_margin": 12.606401920318604,
            "targeted_margin": 11.931441307067871,
            "random_margin": 13.101012825965881,
            "targeted_margin_drop": 0.6749606132507324,
            "random_margin_drop": -0.49461090564727783,
            "margin_drop_difference": 1.1695715188980103
        },
        {
            "image_index": 788,
            "true_label": 33,
            "original_confidence": 0.9918197393417358,
            "targeted_confidence": 0.989471971988678,
            "random_confidence": 0.9897412061691284,
            "targeted_drop": 0.0023477673530578613,
            "random_drop": 0.002078533172607422,
            "number_target_neurons_ablated": 1,
            "number_random_neurons_ablated": 1,
            "target_neuron_ids": [
                32829
            ],
            "random_neuron_ids": [
                47226
            ],
            "sum_target_activation": 2.7284438610076904,
            "original_true_logit": 8.185625076293945,
            "targeted_true_logit": 7.793975353240967,
            "random_true_logit": 8.028376579284668,
            "targeted_logit_drop": 0.3916497230529785,
            "random_logit_drop": 0.15724849700927734,
            "logit_drop_difference": 0.23440122604370117,
            "original_margin": 4.8441338539123535,
            "targeted_margin": 4.596394777297974,
            "random_margin": 4.612873792648315,
            "targeted_margin_drop": 0.24773907661437988,
            "random_margin_drop": 0.23126006126403809,
            "margin_drop_difference": 0.016479015350341797
        },
        {
            "image_index": 845,
            "true_label": 33,
            "original_confidence": 0.9999970197677612,
            "targeted_confidence": 0.9999949932098389,
            "random_confidence": 0.9999967813491821,
            "targeted_drop": 2.0265579223632812e-06,
            "random_drop": 2.384185791015625e-07,
            "number_target_neurons_ablated": 2,
            "number_random_neurons_ablated": 2,
            "target_neuron_ids": [
                32868,
                69669
            ],
            "random_neuron_ids": [
                21037,
                36588
            ],
            "sum_target_activation": 5.7335405349731445,
            "original_true_logit": 12.269597053527832,
            "targeted_true_logit": 11.788904190063477,
            "random_true_logit": 12.233546257019043,
            "targeted_logit_drop": 0.48069286346435547,
            "random_logit_drop": 0.03605079650878906,
            "logit_drop_difference": 0.4446420669555664,
            "original_margin": 13.547577738761902,
            "targeted_margin": 13.044535517692566,
            "random_margin": 13.532970309257507,
            "targeted_margin_drop": 0.5030422210693359,
            "random_margin_drop": 0.014607429504394531,
            "margin_drop_difference": 0.4884347915649414
        },
        {
            "image_index": 858,
            "true_label": 33,
            "original_confidence": 0.05313832312822342,
            "targeted_confidence": 0.05313832312822342,
            "random_confidence": 0.05313832312822342,
            "targeted_drop": 0.0,
            "random_drop": 0.0,
            "number_target_neurons_ablated": 0,
            "number_random_neurons_ablated": 0,
            "target_neuron_ids": [],
            "random_neuron_ids": [],
            "sum_target_activation": 0.0,
            "original_true_logit": -1.235922932624817,
            "targeted_true_logit": -1.235922932624817,
            "random_true_logit": -1.235922932624817,
            "targeted_logit_drop": 0.0,
            "random_logit_drop": 0.0,
            "logit_drop_difference": 0.0,
            "original_margin": -2.6995062828063965,
            "targeted_margin": -2.6995062828063965,
            "random_margin": -2.6995062828063965,
            "targeted_margin_drop": 0.0,
            "random_margin_drop": 0.0,
            "margin_drop_difference": 0.0
        },
        {
            "image_index": 868,
            "true_label": 33,
            "original_confidence": 0.3584786057472229,
            "targeted_confidence": 0.3584786057472229,
            "random_confidence": 0.3584786057472229,
            "targeted_drop": 0.0,
            "random_drop": 0.0,
            "number_target_neurons_ablated": 0,
            "number_random_neurons_ablated": 0,
            "target_neuron_ids": [],
            "random_neuron_ids": [],
            "sum_target_activation": 0.0,
            "original_true_logit": 3.369528293609619,
            "targeted_true_logit": 3.369528293609619,
            "random_true_logit": 3.369528293609619,
            "targeted_logit_drop": 0.0,
            "random_logit_drop": 0.0,
            "logit_drop_difference": 0.0,
            "original_margin": -0.5673792362213135,
            "targeted_margin": -0.5673792362213135,
            "random_margin": -0.5673792362213135,
            "targeted_margin_drop": 0.0,
            "random_margin_drop": 0.0,
            "margin_drop_difference": 0.0
        },
        {
            "image_index": 976,
            "true_label": 33,
            "original_confidence": 0.9999998807907104,
            "targeted_confidence": 0.9999942779541016,
            "random_confidence": 0.9999998807907104,
            "targeted_drop": 5.602836608886719e-06,
            "random_drop": 0.0,
            "number_target_neurons_ablated": 5,
            "number_random_neurons_ablated": 5,
            "target_neuron_ids": [
                23286,
                32868,
                24846,
                32240,
                79280
            ],
            "random_neuron_ids": [
                26898,
                45057,
                58443,
                67328,
                71326
            ],
            "sum_target_activation": 18.745586395263672,
            "original_true_logit": 16.81540298461914,
            "targeted_true_logit": 14.238861083984375,
            "random_true_logit": 16.592592239379883,
            "targeted_logit_drop": 2.5765419006347656,
            "random_logit_drop": 0.2228107452392578,
            "logit_drop_difference": 2.353731155395508,
            "original_margin": 15.728042483329773,
            "targeted_margin": 12.149335861206055,
            "random_margin": 15.937873363494873,
            "targeted_margin_drop": 3.5787066221237183,
            "random_margin_drop": -0.2098308801651001,
            "margin_drop_difference": 3.7885375022888184
        },
        {
            "image_index": 1015,
            "true_label": 33,
            "original_confidence": 0.998794674873352,
            "targeted_confidence": 0.998794674873352,
            "random_confidence": 0.998794674873352,
            "targeted_drop": 0.0,
            "random_drop": 0.0,
            "number_target_neurons_ablated": 0,
            "number_random_neurons_ablated": 0,
            "target_neuron_ids": [],
            "random_neuron_ids": [],
            "sum_target_activation": 0.0,
            "original_true_logit": 9.233824729919434,
            "targeted_true_logit": 9.233824729919434,
            "random_true_logit": 9.233824729919434,
            "targeted_logit_drop": 0.0,
            "random_logit_drop": 0.0,
            "logit_drop_difference": 0.0,
            "original_margin": 7.164954423904419,
            "targeted_margin": 7.164954423904419,
            "random_margin": 7.164954423904419,
            "targeted_margin_drop": 0.0,
            "random_margin_drop": 0.0,
            "margin_drop_difference": 0.0
        },
        {
            "image_index": 1097,
            "true_label": 33,
            "original_confidence": 0.999244213104248,
            "targeted_confidence": 0.999244213104248,
            "random_confidence": 0.999244213104248,
            "targeted_drop": 0.0,
            "random_drop": 0.0,
            "number_target_neurons_ablated": 0,
            "number_random_neurons_ablated": 0,
            "target_neuron_ids": [],
            "random_neuron_ids": [],
            "sum_target_activation": 0.0,
            "original_true_logit": 7.36137580871582,
            "targeted_true_logit": 7.36137580871582,
            "random_true_logit": 7.36137580871582,
            "targeted_logit_drop": 0.0,
            "random_logit_drop": 0.0,
            "logit_drop_difference": 0.0,
            "original_margin": 8.052406907081604,
            "targeted_margin": 8.052406907081604,
            "random_margin": 8.052406907081604,
            "targeted_margin_drop": 0.0,
            "random_margin_drop": 0.0,
            "margin_drop_difference": 0.0
        },
        {
            "image_index": 1147,
            "true_label": 33,
            "original_confidence": 0.9999984502792358,
            "targeted_confidence": 0.999983549118042,
            "random_confidence": 0.9999939203262329,
            "targeted_drop": 1.4901161193847656e-05,
            "random_drop": 4.5299530029296875e-06,
            "number_target_neurons_ablated": 5,
            "number_random_neurons_ablated": 5,
            "target_neuron_ids": [
                77271,
                75142,
                24846,
                78929,
                23286
            ],
            "random_neuron_ids": [
                5557,
                25558,
                47388,
                34108,
                86
            ],
            "sum_target_activation": 17.434484481811523,
            "original_true_logit": 13.145442962646484,
            "targeted_true_logit": 10.980775833129883,
            "random_true_logit": 11.84953498840332,
            "targeted_logit_drop": 2.1646671295166016,
            "random_logit_drop": 1.295907974243164,
            "logit_drop_difference": 0.8687591552734375,
            "original_margin": 13.602004617452621,
            "targeted_margin": 11.300249367952347,
            "random_margin": 12.374696969985962,
            "targeted_margin_drop": 2.3017552495002747,
            "random_margin_drop": 1.2273076474666595,
            "margin_drop_difference": 1.0744476020336151
        },
        {
            "image_index": 1182,
            "true_label": 33,
            "original_confidence": 0.9999890327453613,
            "targeted_confidence": 0.9999743700027466,
            "random_confidence": 0.9999872446060181,
            "targeted_drop": 1.4662742614746094e-05,
            "random_drop": 1.7881393432617188e-06,
            "number_target_neurons_ablated": 3,
            "number_random_neurons_ablated": 3,
            "target_neuron_ids": [
                31224,
                32829,
                67040
            ],
            "random_neuron_ids": [
                45477,
                40454,
                22874
            ],
            "sum_target_activation": 7.218796730041504,
            "original_true_logit": 11.549227714538574,
            "targeted_true_logit": 10.786320686340332,
            "random_true_logit": 11.467495918273926,
            "targeted_logit_drop": 0.7629070281982422,
            "random_logit_drop": 0.08173179626464844,
            "logit_drop_difference": 0.6811752319335938,
            "original_margin": 12.214018106460571,
            "targeted_margin": 11.230821520090103,
            "random_margin": 11.91446629166603,
            "targeted_margin_drop": 0.9831965863704681,
            "random_margin_drop": 0.2995518147945404,
            "margin_drop_difference": 0.6836447715759277
        },
        {
            "image_index": 1185,
            "true_label": 33,
            "original_confidence": 0.002083710627630353,
            "targeted_confidence": 0.002083710627630353,
            "random_confidence": 0.002083710627630353,
            "targeted_drop": 0.0,
            "random_drop": 0.0,
            "number_target_neurons_ablated": 0,
            "number_random_neurons_ablated": 0,
            "target_neuron_ids": [],
            "random_neuron_ids": [],
            "sum_target_activation": 0.0,
            "original_true_logit": -0.5321951508522034,
            "targeted_true_logit": -0.5321951508522034,
            "random_true_logit": -0.5321951508522034,
            "targeted_logit_drop": 0.0,
            "random_logit_drop": 0.0,
            "logit_drop_difference": 0.0,
            "original_margin": -6.167426645755768,
            "targeted_margin": -6.167426645755768,
            "random_margin": -6.167426645755768,
            "targeted_margin_drop": 0.0,
            "random_margin_drop": 0.0,
            "margin_drop_difference": 0.0
        },
        {
            "image_index": 1377,
            "true_label": 33,
            "original_confidence": 0.9999959468841553,
            "targeted_confidence": 0.9999912977218628,
            "random_confidence": 0.9999945163726807,
            "targeted_drop": 4.649162292480469e-06,
            "random_drop": 1.430511474609375e-06,
            "number_target_neurons_ablated": 3,
            "number_random_neurons_ablated": 3,
            "target_neuron_ids": [
                23286,
                67040,
                79280
            ],
            "random_neuron_ids": [
                76166,
                20495,
                33241
            ],
            "sum_target_activation": 5.525700569152832,
            "original_true_logit": 12.983381271362305,
            "targeted_true_logit": 12.241216659545898,
            "random_true_logit": 12.765803337097168,
            "targeted_logit_drop": 0.7421646118164062,
            "random_logit_drop": 0.21757793426513672,
            "logit_drop_difference": 0.5245866775512695,
            "original_margin": 13.255416572093964,
            "targeted_margin": 12.282932419329882,
            "random_margin": 12.796221930533648,
            "targeted_margin_drop": 0.972484152764082,
            "random_margin_drop": 0.4591946415603161,
            "margin_drop_difference": 0.5132895112037659
        },
        {
            "image_index": 1384,
            "true_label": 33,
            "original_confidence": 0.9972905516624451,
            "targeted_confidence": 0.9952924251556396,
            "random_confidence": 0.9973316192626953,
            "targeted_drop": 0.00199812650680542,
            "random_drop": -4.106760025024414e-05,
            "number_target_neurons_ablated": 4,
            "number_random_neurons_ablated": 4,
            "target_neuron_ids": [
                24846,
                39936,
                75142,
                78929
            ],
            "random_neuron_ids": [
                1252,
                2397,
                38751,
                258
            ],
            "sum_target_activation": 2.368128776550293,
            "original_true_logit": 6.8455328941345215,
            "targeted_true_logit": 6.477502346038818,
            "random_true_logit": 6.858575344085693,
            "targeted_logit_drop": 0.3680305480957031,
            "random_logit_drop": -0.013042449951171875,
            "logit_drop_difference": 0.381072998046875,
            "original_margin": 6.042485237121582,
            "targeted_margin": 5.4592509269714355,
            "random_margin": 6.053364157676697,
            "targeted_margin_drop": 0.5832343101501465,
            "random_margin_drop": -0.010878920555114746,
            "margin_drop_difference": 0.5941132307052612
        },
        {
            "image_index": 1390,
            "true_label": 33,
            "original_confidence": 0.9999942779541016,
            "targeted_confidence": 0.999992847442627,
            "random_confidence": 0.9999940395355225,
            "targeted_drop": 1.430511474609375e-06,
            "random_drop": 2.384185791015625e-07,
            "number_target_neurons_ablated": 1,
            "number_random_neurons_ablated": 1,
            "target_neuron_ids": [
                75142
            ],
            "random_neuron_ids": [
                71791
            ],
            "sum_target_activation": 1.3998030424118042,
            "original_true_logit": 12.744266510009766,
            "targeted_true_logit": 12.541129112243652,
            "random_true_logit": 12.764059066772461,
            "targeted_logit_drop": 0.20313739776611328,
            "random_logit_drop": -0.019792556762695312,
            "logit_drop_difference": 0.2229299545288086,
            "original_margin": 12.244262456893921,
            "targeted_margin": 12.009535729885101,
            "random_margin": 12.183272242546082,
            "targeted_margin_drop": 0.23472672700881958,
            "random_margin_drop": 0.060990214347839355,
            "margin_drop_difference": 0.17373651266098022
        },
        {
            "image_index": 1418,
            "true_label": 33,
            "original_confidence": 0.001339628710411489,
            "targeted_confidence": 0.001339628710411489,
            "random_confidence": 0.001339628710411489,
            "targeted_drop": 0.0,
            "random_drop": 0.0,
            "number_target_neurons_ablated": 0,
            "number_random_neurons_ablated": 0,
            "target_neuron_ids": [],
            "random_neuron_ids": [],
            "sum_target_activation": 0.0,
            "original_true_logit": -1.9197559356689453,
            "targeted_true_logit": -1.9197559356689453,
            "random_true_logit": -1.9197559356689453,
            "targeted_logit_drop": 0.0,
            "random_logit_drop": 0.0,
            "logit_drop_difference": 0.0,
            "original_margin": -6.590202331542969,
            "targeted_margin": -6.590202331542969,
            "random_margin": -6.590202331542969,
            "targeted_margin_drop": 0.0,
            "random_margin_drop": 0.0,
            "margin_drop_difference": 0.0
        },
        {
            "image_index": 1526,
            "true_label": 33,
            "original_confidence": 0.9459892511367798,
            "targeted_confidence": 0.9459892511367798,
            "random_confidence": 0.9459892511367798,
            "targeted_drop": 0.0,
            "random_drop": 0.0,
            "number_target_neurons_ablated": 0,
            "number_random_neurons_ablated": 0,
            "target_neuron_ids": [],
            "random_neuron_ids": [],
            "sum_target_activation": 0.0,
            "original_true_logit": 3.9846181869506836,
            "targeted_true_logit": 3.9846181869506836,
            "random_true_logit": 3.9846181869506836,
            "targeted_logit_drop": 0.0,
            "random_logit_drop": 0.0,
            "logit_drop_difference": 0.0,
            "original_margin": 3.3264432549476624,
            "targeted_margin": 3.3264432549476624,
            "random_margin": 3.3264432549476624,
            "targeted_margin_drop": 0.0,
            "random_margin_drop": 0.0,
            "margin_drop_difference": 0.0
        },
        {
            "image_index": 1542,
            "true_label": 33,
            "original_confidence": 0.7308228015899658,
            "targeted_confidence": 0.7308228015899658,
            "random_confidence": 0.7308228015899658,
            "targeted_drop": 0.0,
            "random_drop": 0.0,
            "number_target_neurons_ablated": 0,
            "number_random_neurons_ablated": 0,
            "target_neuron_ids": [],
            "random_neuron_ids": [],
            "sum_target_activation": 0.0,
            "original_true_logit": 4.5807647705078125,
            "targeted_true_logit": 4.5807647705078125,
            "random_true_logit": 4.5807647705078125,
            "targeted_logit_drop": 0.0,
            "random_logit_drop": 0.0,
            "logit_drop_difference": 0.0,
            "original_margin": 1.1999454498291016,
            "targeted_margin": 1.1999454498291016,
            "random_margin": 1.1999454498291016,
            "targeted_margin_drop": 0.0,
            "random_margin_drop": 0.0,
            "margin_drop_difference": 0.0
        },
        {
            "image_index": 1557,
            "true_label": 33,
            "original_confidence": 0.9999998807907104,
            "targeted_confidence": 0.9999995231628418,
            "random_confidence": 0.9999998807907104,
            "targeted_drop": 3.5762786865234375e-07,
            "random_drop": 0.0,
            "number_target_neurons_ablated": 5,
            "number_random_neurons_ablated": 5,
            "target_neuron_ids": [
                77271,
                24846,
                67663,
                32868,
                71786
            ],
            "random_neuron_ids": [
                15775,
                10624,
                4538,
                9898,
                1097
            ],
            "sum_target_activation": 10.10722827911377,
            "original_true_logit": 15.376389503479004,
            "targeted_true_logit": 14.41999626159668,
            "random_true_logit": 15.097260475158691,
            "targeted_logit_drop": 0.9563932418823242,
            "random_logit_drop": 0.2791290283203125,
            "logit_drop_difference": 0.6772642135620117,
            "original_margin": 16.0563485622406,
            "targeted_margin": 14.719305366277695,
            "random_margin": 15.889819860458374,
            "targeted_margin_drop": 1.3370431959629059,
            "random_margin_drop": 0.16652870178222656,
            "margin_drop_difference": 1.1705144941806793
        },
        {
            "image_index": 1576,
            "true_label": 33,
            "original_confidence": 0.9996318817138672,
            "targeted_confidence": 0.9995185136795044,
            "random_confidence": 0.9996067881584167,
            "targeted_drop": 0.00011336803436279297,
            "random_drop": 2.5093555450439453e-05,
            "number_target_neurons_ablated": 1,
            "number_random_neurons_ablated": 1,
            "target_neuron_ids": [
                31224
            ],
            "random_neuron_ids": [
                15538
            ],
            "sum_target_activation": 1.6437115669250488,
            "original_true_logit": 10.155750274658203,
            "targeted_true_logit": 9.94668960571289,
            "random_true_logit": 10.097256660461426,
            "targeted_logit_drop": 0.2090606689453125,
            "random_logit_drop": 0.058493614196777344,
            "logit_drop_difference": 0.15056705474853516,
            "original_margin": 7.981656312942505,
            "targeted_margin": 7.708453416824341,
            "random_margin": 7.915140628814697,
            "targeted_margin_drop": 0.27320289611816406,
            "random_margin_drop": 0.06651568412780762,
            "margin_drop_difference": 0.20668721199035645
        },
        {
            "image_index": 1578,
            "true_label": 33,
            "original_confidence": 0.9886499643325806,
            "targeted_confidence": 0.9886499643325806,
            "random_confidence": 0.9886499643325806,
            "targeted_drop": 0.0,
            "random_drop": 0.0,
            "number_target_neurons_ablated": 0,
            "number_random_neurons_ablated": 0,
            "target_neuron_ids": [],
            "random_neuron_ids": [],
            "sum_target_activation": 0.0,
            "original_true_logit": 5.045723915100098,
            "targeted_true_logit": 5.045723915100098,
            "random_true_logit": 5.045723915100098,
            "targeted_logit_drop": 0.0,
            "random_logit_drop": 0.0,
            "logit_drop_difference": 0.0,
            "original_margin": 4.822997555136681,
            "targeted_margin": 4.822997555136681,
            "random_margin": 4.822997555136681,
            "targeted_margin_drop": 0.0,
            "random_margin_drop": 0.0,
            "margin_drop_difference": 0.0
        },
        {
            "image_index": 1681,
            "true_label": 33,
            "original_confidence": 0.9996781349182129,
            "targeted_confidence": 0.9996781349182129,
            "random_confidence": 0.9996781349182129,
            "targeted_drop": 0.0,
            "random_drop": 0.0,
            "number_target_neurons_ablated": 0,
            "number_random_neurons_ablated": 0,
            "target_neuron_ids": [],
            "random_neuron_ids": [],
            "sum_target_activation": 0.0,
            "original_true_logit": 9.900895118713379,
            "targeted_true_logit": 9.900895118713379,
            "random_true_logit": 9.900895118713379,
            "targeted_logit_drop": 0.0,
            "random_logit_drop": 0.0,
            "logit_drop_difference": 0.0,
            "original_margin": 8.553399324417114,
            "targeted_margin": 8.553399324417114,
            "random_margin": 8.553399324417114,
            "targeted_margin_drop": 0.0,
            "random_margin_drop": 0.0,
            "margin_drop_difference": 0.0
        },
        {
            "image_index": 1808,
            "true_label": 33,
            "original_confidence": 0.6916423439979553,
            "targeted_confidence": 0.6916423439979553,
            "random_confidence": 0.6916423439979553,
            "targeted_drop": 0.0,
            "random_drop": 0.0,
            "number_target_neurons_ablated": 0,
            "number_random_neurons_ablated": 0,
            "target_neuron_ids": [],
            "random_neuron_ids": [],
            "sum_target_activation": 0.0,
            "original_true_logit": 6.571622371673584,
            "targeted_true_logit": 6.571622371673584,
            "random_true_logit": 6.571622371673584,
            "targeted_logit_drop": 0.0,
            "random_logit_drop": 0.0,
            "logit_drop_difference": 0.0,
            "original_margin": 0.8138427734375,
            "targeted_margin": 0.8138427734375,
            "random_margin": 0.8138427734375,
            "targeted_margin_drop": 0.0,
            "random_margin_drop": 0.0,
            "margin_drop_difference": 0.0
        },
        {
            "image_index": 1818,
            "true_label": 33,
            "original_confidence": 1.0,
            "targeted_confidence": 1.0,
            "random_confidence": 1.0,
            "targeted_drop": 0.0,
            "random_drop": 0.0,
            "number_target_neurons_ablated": 2,
            "number_random_neurons_ablated": 2,
            "target_neuron_ids": [
                31224,
                32240
            ],
            "random_neuron_ids": [
                78147,
                76096
            ],
            "sum_target_activation": 4.547068119049072,
            "original_true_logit": 16.26043701171875,
            "targeted_true_logit": 15.772635459899902,
            "random_true_logit": 16.328096389770508,
            "targeted_logit_drop": 0.48780155181884766,
            "random_logit_drop": -0.06765937805175781,
            "logit_drop_difference": 0.5554609298706055,
            "original_margin": 17.588136196136475,
            "targeted_margin": 17.122181296348572,
            "random_margin": 17.73073101043701,
            "targeted_margin_drop": 0.46595489978790283,
            "random_margin_drop": -0.1425948143005371,
            "margin_drop_difference": 0.6085497140884399
        },
        {
            "image_index": 1834,
            "true_label": 33,
            "original_confidence": 0.9999957084655762,
            "targeted_confidence": 0.9999957084655762,
            "random_confidence": 0.9999957084655762,
            "targeted_drop": 0.0,
            "random_drop": 0.0,
            "number_target_neurons_ablated": 0,
            "number_random_neurons_ablated": 0,
            "target_neuron_ids": [],
            "random_neuron_ids": [],
            "sum_target_activation": 0.0,
            "original_true_logit": 12.439679145812988,
            "targeted_true_logit": 12.439679145812988,
            "random_true_logit": 12.439679145812988,
            "targeted_logit_drop": 0.0,
            "random_logit_drop": 0.0,
            "logit_drop_difference": 0.0,
            "original_margin": 13.456870079040527,
            "targeted_margin": 13.456870079040527,
            "random_margin": 13.456870079040527,
            "targeted_margin_drop": 0.0,
            "random_margin_drop": 0.0,
            "margin_drop_difference": 0.0
        },
        {
            "image_index": 1848,
            "true_label": 33,
            "original_confidence": 0.9999995231628418,
            "targeted_confidence": 0.9999974966049194,
            "random_confidence": 0.9999995231628418,
            "targeted_drop": 2.0265579223632812e-06,
            "random_drop": 0.0,
            "number_target_neurons_ablated": 5,
            "number_random_neurons_ablated": 5,
            "target_neuron_ids": [
                65596,
                31224,
                21950,
                32829,
                39936
            ],
            "random_neuron_ids": [
                1745,
                37797,
                62656,
                34805,
                46998
            ],
            "sum_target_activation": 12.250311851501465,
            "original_true_logit": 13.985074043273926,
            "targeted_true_logit": 12.33111572265625,
            "random_true_logit": 13.874539375305176,
            "targeted_logit_drop": 1.6539583206176758,
            "random_logit_drop": 0.11053466796875,
            "logit_drop_difference": 1.5434236526489258,
            "original_margin": 14.949378907680511,
            "targeted_margin": 13.557432413101196,
            "random_margin": 14.955993890762329,
            "targeted_margin_drop": 1.3919464945793152,
            "random_margin_drop": -0.006614983081817627,
            "margin_drop_difference": 1.3985614776611328
        },
        {
            "image_index": 1908,
            "true_label": 33,
            "original_confidence": 0.8519106507301331,
            "targeted_confidence": 0.8519106507301331,
            "random_confidence": 0.8519106507301331,
            "targeted_drop": 0.0,
            "random_drop": 0.0,
            "number_target_neurons_ablated": 0,
            "number_random_neurons_ablated": 0,
            "target_neuron_ids": [],
            "random_neuron_ids": [],
            "sum_target_activation": 0.0,
            "original_true_logit": 2.9281527996063232,
            "targeted_true_logit": 2.9281527996063232,
            "random_true_logit": 2.9281527996063232,
            "targeted_logit_drop": 0.0,
            "random_logit_drop": 0.0,
            "logit_drop_difference": 0.0,
            "original_margin": 2.4122856855392456,
            "targeted_margin": 2.4122856855392456,
            "random_margin": 2.4122856855392456,
            "targeted_margin_drop": 0.0,
            "random_margin_drop": 0.0,
            "margin_drop_difference": 0.0
        },
        {
            "image_index": 1938,
            "true_label": 33,
            "original_confidence": 0.0003206799738109112,
            "targeted_confidence": 0.0003206799738109112,
            "random_confidence": 0.0003206799738109112,
            "targeted_drop": 0.0,
            "random_drop": 0.0,
            "number_target_neurons_ablated": 0,
            "number_random_neurons_ablated": 0,
            "target_neuron_ids": [],
            "random_neuron_ids": [],
            "sum_target_activation": 0.0,
            "original_true_logit": -2.1184470653533936,
            "targeted_true_logit": -2.1184470653533936,
            "random_true_logit": -2.1184470653533936,
            "targeted_logit_drop": 0.0,
            "random_logit_drop": 0.0,
            "logit_drop_difference": 0.0,
            "original_margin": -8.031620264053345,
            "targeted_margin": -8.031620264053345,
            "random_margin": -8.031620264053345,
            "targeted_margin_drop": 0.0,
            "random_margin_drop": 0.0,
            "margin_drop_difference": 0.0
        },
        {
            "image_index": 1940,
            "true_label": 33,
            "original_confidence": 0.9999992847442627,
            "targeted_confidence": 0.9999982118606567,
            "random_confidence": 0.9999994039535522,
            "targeted_drop": 1.0728836059570312e-06,
            "random_drop": -1.1920928955078125e-07,
            "number_target_neurons_ablated": 4,
            "number_random_neurons_ablated": 4,
            "target_neuron_ids": [
                23286,
                75142,
                77271,
                78929
            ],
            "random_neuron_ids": [
                258,
                34758,
                45172,
                13517
            ],
            "sum_target_activation": 8.947328567504883,
            "original_true_logit": 14.51745891571045,
            "targeted_true_logit": 13.601985931396484,
            "random_true_logit": 14.396039962768555,
            "targeted_logit_drop": 0.9154729843139648,
            "random_logit_drop": 0.12141895294189453,
            "logit_drop_difference": 0.7940540313720703,
            "original_margin": 14.667847901582718,
            "targeted_margin": 13.730512365698814,
            "random_margin": 14.724824637174606,
            "targeted_margin_drop": 0.9373355358839035,
            "random_margin_drop": -0.05697673559188843,
            "margin_drop_difference": 0.9943122714757919
        },
        {
            "image_index": 1947,
            "true_label": 33,
            "original_confidence": 0.9999924898147583,
            "targeted_confidence": 0.9999924898147583,
            "random_confidence": 0.9999924898147583,
            "targeted_drop": 0.0,
            "random_drop": 0.0,
            "number_target_neurons_ablated": 0,
            "number_random_neurons_ablated": 0,
            "target_neuron_ids": [],
            "random_neuron_ids": [],
            "sum_target_activation": 0.0,
            "original_true_logit": 12.914815902709961,
            "targeted_true_logit": 12.914815902709961,
            "random_true_logit": 12.914815902709961,
            "targeted_logit_drop": 0.0,
            "random_logit_drop": 0.0,
            "logit_drop_difference": 0.0,
            "original_margin": 11.969316482543945,
            "targeted_margin": 11.969316482543945,
            "random_margin": 11.969316482543945,
            "targeted_margin_drop": 0.0,
            "random_margin_drop": 0.0,
            "margin_drop_difference": 0.0
        },
        {
            "image_index": 1954,
            "true_label": 33,
            "original_confidence": 0.9999988079071045,
            "targeted_confidence": 0.9999988079071045,
            "random_confidence": 0.9999988079071045,
            "targeted_drop": 0.0,
            "random_drop": 0.0,
            "number_target_neurons_ablated": 0,
            "number_random_neurons_ablated": 0,
            "target_neuron_ids": [],
            "random_neuron_ids": [],
            "sum_target_activation": 0.0,
            "original_true_logit": 12.760757446289062,
            "targeted_true_logit": 12.760757446289062,
            "random_true_logit": 12.760757446289062,
            "targeted_logit_drop": 0.0,
            "random_logit_drop": 0.0,
            "logit_drop_difference": 0.0,
            "original_margin": 14.762263774871826,
            "targeted_margin": 14.762263774871826,
            "random_margin": 14.762263774871826,
            "targeted_margin_drop": 0.0,
            "random_margin_drop": 0.0,
            "margin_drop_difference": 0.0
        },
        {
            "image_index": 1988,
            "true_label": 33,
            "original_confidence": 0.9999986886978149,
            "targeted_confidence": 0.9999986886978149,
            "random_confidence": 0.9999986886978149,
            "targeted_drop": 0.0,
            "random_drop": 0.0,
            "number_target_neurons_ablated": 0,
            "number_random_neurons_ablated": 0,
            "target_neuron_ids": [],
            "random_neuron_ids": [],
            "sum_target_activation": 0.0,
            "original_true_logit": 14.711129188537598,
            "targeted_true_logit": 14.711129188537598,
            "random_true_logit": 14.711129188537598,
            "targeted_logit_drop": 0.0,
            "random_logit_drop": 0.0,
            "logit_drop_difference": 0.0,
            "original_margin": 13.657999634742737,
            "targeted_margin": 13.657999634742737,
            "random_margin": 13.657999634742737,
            "targeted_margin_drop": 0.0,
            "random_margin_drop": 0.0,
            "margin_drop_difference": 0.0
        },
        {
            "image_index": 2019,
            "true_label": 33,
            "original_confidence": 0.987621009349823,
            "targeted_confidence": 0.987621009349823,
            "random_confidence": 0.987621009349823,
            "targeted_drop": 0.0,
            "random_drop": 0.0,
            "number_target_neurons_ablated": 0,
            "number_random_neurons_ablated": 0,
            "target_neuron_ids": [],
            "random_neuron_ids": [],
            "sum_target_activation": 0.0,
            "original_true_logit": 4.872663497924805,
            "targeted_true_logit": 4.872663497924805,
            "random_true_logit": 4.872663497924805,
            "targeted_logit_drop": 0.0,
            "random_logit_drop": 0.0,
            "logit_drop_difference": 0.0,
            "original_margin": 5.106691971421242,
            "targeted_margin": 5.106691971421242,
            "random_margin": 5.106691971421242,
            "targeted_margin_drop": 0.0,
            "random_margin_drop": 0.0,
            "margin_drop_difference": 0.0
        },
        {
            "image_index": 2024,
            "true_label": 33,
            "original_confidence": 0.999996542930603,
            "targeted_confidence": 0.9999943971633911,
            "random_confidence": 0.999995231628418,
            "targeted_drop": 2.1457672119140625e-06,
            "random_drop": 1.3113021850585938e-06,
            "number_target_neurons_ablated": 2,
            "number_random_neurons_ablated": 2,
            "target_neuron_ids": [
                65596,
                78929
            ],
            "random_neuron_ids": [
                14990,
                4527
            ],
            "sum_target_activation": 4.865575313568115,
            "original_true_logit": 12.771339416503906,
            "targeted_true_logit": 12.35837459564209,
            "random_true_logit": 12.452716827392578,
            "targeted_logit_drop": 0.4129648208618164,
            "random_logit_drop": 0.3186225891113281,
            "logit_drop_difference": 0.09434223175048828,
            "original_margin": 13.886602640151978,
            "targeted_margin": 13.324181497097015,
            "random_margin": 13.713364958763123,
            "targeted_margin_drop": 0.5624211430549622,
            "random_margin_drop": 0.17323768138885498,
            "margin_drop_difference": 0.3891834616661072
        },
        {
            "image_index": 2030,
            "true_label": 33,
            "original_confidence": 0.9999960660934448,
            "targeted_confidence": 0.999972939491272,
            "random_confidence": 0.9999939203262329,
            "targeted_drop": 2.3126602172851562e-05,
            "random_drop": 2.1457672119140625e-06,
            "number_target_neurons_ablated": 5,
            "number_random_neurons_ablated": 5,
            "target_neuron_ids": [
                65596,
                31224,
                75142,
                78929,
                77271
            ],
            "random_neuron_ids": [
                60656,
                79654,
                16427,
                13039,
                45786
            ],
            "sum_target_activation": 13.14837646484375,
            "original_true_logit": 12.273359298706055,
            "targeted_true_logit": 10.485282897949219,
            "random_true_logit": 11.953463554382324,
            "targeted_logit_drop": 1.788076400756836,
            "random_logit_drop": 0.31989574432373047,
            "logit_drop_difference": 1.4681806564331055,
            "original_margin": 13.116540849208832,
            "targeted_margin": 11.045885562896729,
            "random_margin": 12.549587845802307,
            "targeted_margin_drop": 2.0706552863121033,
            "random_margin_drop": 0.5669530034065247,
            "margin_drop_difference": 1.5037022829055786
        },
        {
            "image_index": 2035,
            "true_label": 33,
            "original_confidence": 0.9999158382415771,
            "targeted_confidence": 0.9999043941497803,
            "random_confidence": 0.9999150037765503,
            "targeted_drop": 1.1444091796875e-05,
            "random_drop": 8.344650268554688e-07,
            "number_target_neurons_ablated": 1,
            "number_random_neurons_ablated": 1,
            "target_neuron_ids": [
                31224
            ],
            "random_neuron_ids": [
                21627
            ],
            "sum_target_activation": 1.7923475503921509,
            "original_true_logit": 9.851051330566406,
            "targeted_true_logit": 9.718842506408691,
            "random_true_logit": 9.836841583251953,
            "targeted_logit_drop": 0.13220882415771484,
            "random_logit_drop": 0.014209747314453125,
            "logit_drop_difference": 0.11799907684326172,
            "original_margin": 10.287527114152908,
            "targeted_margin": 10.165527433156967,
            "random_margin": 10.271285235881805,
            "targeted_margin_drop": 0.12199968099594116,
            "random_margin_drop": 0.016241878271102905,
            "margin_drop_difference": 0.10575780272483826
        },
        {
            "image_index": 2070,
            "true_label": 33,
            "original_confidence": 1.0,
            "targeted_confidence": 0.9999998807907104,
            "random_confidence": 1.0,
            "targeted_drop": 1.1920928955078125e-07,
            "random_drop": 0.0,
            "number_target_neurons_ablated": 3,
            "number_random_neurons_ablated": 3,
            "target_neuron_ids": [
                23286,
                65596,
                78929
            ],
            "random_neuron_ids": [
                46050,
                338,
                12169
            ],
            "sum_target_activation": 5.819581031799316,
            "original_true_logit": 17.10675811767578,
            "targeted_true_logit": 16.391462326049805,
            "random_true_logit": 16.952621459960938,
            "targeted_logit_drop": 0.7152957916259766,
            "random_logit_drop": 0.15413665771484375,
            "logit_drop_difference": 0.5611591339111328,
            "original_margin": 17.358995467424393,
            "targeted_margin": 16.399288641288877,
            "random_margin": 17.215909481048584,
            "targeted_margin_drop": 0.9597068261355162,
            "random_margin_drop": 0.14308598637580872,
            "margin_drop_difference": 0.8166208397597075
        },
        {
            "image_index": 2082,
            "true_label": 33,
            "original_confidence": 0.23326893150806427,
            "targeted_confidence": 0.23326893150806427,
            "random_confidence": 0.23326893150806427,
            "targeted_drop": 0.0,
            "random_drop": 0.0,
            "number_target_neurons_ablated": 0,
            "number_random_neurons_ablated": 0,
            "target_neuron_ids": [],
            "random_neuron_ids": [],
            "sum_target_activation": 0.0,
            "original_true_logit": 1.3553016185760498,
            "targeted_true_logit": 1.3553016185760498,
            "random_true_logit": 1.3553016185760498,
            "targeted_logit_drop": 0.0,
            "random_logit_drop": 0.0,
            "logit_drop_difference": 0.0,
            "original_margin": -0.7354097366333008,
            "targeted_margin": -0.7354097366333008,
            "random_margin": -0.7354097366333008,
            "targeted_margin_drop": 0.0,
            "random_margin_drop": 0.0,
            "margin_drop_difference": 0.0
        },
        {
            "image_index": 2090,
            "true_label": 33,
            "original_confidence": 0.9999996423721313,
            "targeted_confidence": 0.9999991655349731,
            "random_confidence": 0.9999996423721313,
            "targeted_drop": 4.76837158203125e-07,
            "random_drop": 0.0,
            "number_target_neurons_ablated": 3,
            "number_random_neurons_ablated": 3,
            "target_neuron_ids": [
                8907,
                65596,
                78929
            ],
            "random_neuron_ids": [
                66469,
                836,
                55951
            ],
            "sum_target_activation": 4.102890968322754,
            "original_true_logit": 14.943181991577148,
            "targeted_true_logit": 14.255749702453613,
            "random_true_logit": 14.85530948638916,
            "targeted_logit_drop": 0.6874322891235352,
            "random_logit_drop": 0.08787250518798828,
            "logit_drop_difference": 0.5995597839355469,
            "original_margin": 15.166656851768494,
            "targeted_margin": 14.331522032618523,
            "random_margin": 14.94600036740303,
            "targeted_margin_drop": 0.835134819149971,
            "random_margin_drop": 0.22065648436546326,
            "margin_drop_difference": 0.6144783347845078
        },
        {
            "image_index": 2130,
            "true_label": 33,
            "original_confidence": 0.9999972581863403,
            "targeted_confidence": 0.9999969005584717,
            "random_confidence": 0.999997615814209,
            "targeted_drop": 3.5762786865234375e-07,
            "random_drop": -3.5762786865234375e-07,
            "number_target_neurons_ablated": 1,
            "number_random_neurons_ablated": 1,
            "target_neuron_ids": [
                32240
            ],
            "random_neuron_ids": [
                33314
            ],
            "sum_target_activation": 1.3363691568374634,
            "original_true_logit": 14.174254417419434,
            "targeted_true_logit": 14.03084945678711,
            "random_true_logit": 14.30710220336914,
            "targeted_logit_drop": 0.14340496063232422,
            "random_logit_drop": -0.13284778594970703,
            "logit_drop_difference": 0.27625274658203125,
            "original_margin": 12.893524289131165,
            "targeted_margin": 12.784946918487549,
            "random_margin": 13.017318367958069,
            "targeted_margin_drop": 0.10857737064361572,
            "random_margin_drop": -0.1237940788269043,
            "margin_drop_difference": 0.23237144947052002
        },
        {
            "image_index": 2148,
            "true_label": 33,
            "original_confidence": 0.9618069529533386,
            "targeted_confidence": 0.9603316187858582,
            "random_confidence": 0.9570474624633789,
            "targeted_drop": 0.0014753341674804688,
            "random_drop": 0.004759490489959717,
            "number_target_neurons_ablated": 1,
            "number_random_neurons_ablated": 1,
            "target_neuron_ids": [
                77271
            ],
            "random_neuron_ids": [
                78504
            ],
            "sum_target_activation": 1.6074732542037964,
            "original_true_logit": 7.911547660827637,
            "targeted_true_logit": 7.80341100692749,
            "random_true_logit": 7.933786869049072,
            "targeted_logit_drop": 0.10813665390014648,
            "random_logit_drop": -0.022239208221435547,
            "logit_drop_difference": 0.13037586212158203,
            "original_margin": 3.237722396850586,
            "targeted_margin": 3.1998167037963867,
            "random_margin": 3.113156318664551,
            "targeted_margin_drop": 0.03790569305419922,
            "random_margin_drop": 0.12456607818603516,
            "margin_drop_difference": -0.08666038513183594
        },
        {
            "image_index": 2226,
            "true_label": 33,
            "original_confidence": 0.999996542930603,
            "targeted_confidence": 0.999993085861206,
            "random_confidence": 0.9999964237213135,
            "targeted_drop": 3.4570693969726562e-06,
            "random_drop": 1.1920928955078125e-07,
            "number_target_neurons_ablated": 3,
            "number_random_neurons_ablated": 3,
            "target_neuron_ids": [
                23286,
                75142,
                77271
            ],
            "random_neuron_ids": [
                60187,
                27094,
                73761
            ],
            "sum_target_activation": 5.333982467651367,
            "original_true_logit": 13.239827156066895,
            "targeted_true_logit": 12.591145515441895,
            "random_true_logit": 13.1510648727417,
            "targeted_logit_drop": 0.648681640625,
            "random_logit_drop": 0.08876228332519531,
            "logit_drop_difference": 0.5599193572998047,
            "original_margin": 13.564233154058456,
            "targeted_margin": 12.784810945391655,
            "random_margin": 13.474082976579666,
            "targeted_margin_drop": 0.7794222086668015,
            "random_margin_drop": 0.09015017747879028,
            "margin_drop_difference": 0.6892720311880112
        },
        {
            "image_index": 2302,
            "true_label": 33,
            "original_confidence": 1.0,
            "targeted_confidence": 1.0,
            "random_confidence": 1.0,
            "targeted_drop": 0.0,
            "random_drop": 0.0,
            "number_target_neurons_ablated": 5,
            "number_random_neurons_ablated": 5,
            "target_neuron_ids": [
                78929,
                65596,
                32240,
                75142,
                8907
            ],
            "random_neuron_ids": [
                76166,
                35328,
                53591,
                8674,
                7764
            ],
            "sum_target_activation": 13.142744064331055,
            "original_true_logit": 20.33746337890625,
            "targeted_true_logit": 18.63413429260254,
            "random_true_logit": 19.19852066040039,
            "targeted_logit_drop": 1.703329086303711,
            "random_logit_drop": 1.1389427185058594,
            "logit_drop_difference": 0.5643863677978516,
            "original_margin": 22.862303972244263,
            "targeted_margin": 21.15667724609375,
            "random_margin": 21.87833833694458,
            "targeted_margin_drop": 1.7056267261505127,
            "random_margin_drop": 0.9839656352996826,
            "margin_drop_difference": 0.7216610908508301
        },
        {
            "image_index": 2345,
            "true_label": 33,
            "original_confidence": 0.036940716207027435,
            "targeted_confidence": 0.036940716207027435,
            "random_confidence": 0.036940716207027435,
            "targeted_drop": 0.0,
            "random_drop": 0.0,
            "number_target_neurons_ablated": 0,
            "number_random_neurons_ablated": 0,
            "target_neuron_ids": [],
            "random_neuron_ids": [],
            "sum_target_activation": 0.0,
            "original_true_logit": 1.3632595539093018,
            "targeted_true_logit": 1.3632595539093018,
            "random_true_logit": 1.3632595539093018,
            "targeted_logit_drop": 0.0,
            "random_logit_drop": 0.0,
            "logit_drop_difference": 0.0,
            "original_margin": -3.253725290298462,
            "targeted_margin": -3.253725290298462,
            "random_margin": -3.253725290298462,
            "targeted_margin_drop": 0.0,
            "random_margin_drop": 0.0,
            "margin_drop_difference": 0.0
        },
        {
            "image_index": 2402,
            "true_label": 33,
            "original_confidence": 0.9999762773513794,
            "targeted_confidence": 0.999966025352478,
            "random_confidence": 0.9999784231185913,
            "targeted_drop": 1.0251998901367188e-05,
            "random_drop": -2.1457672119140625e-06,
            "number_target_neurons_ablated": 2,
            "number_random_neurons_ablated": 2,
            "target_neuron_ids": [
                24846,
                67663
            ],
            "random_neuron_ids": [
                2579,
                49174
            ],
            "sum_target_activation": 3.1387526988983154,
            "original_true_logit": 10.491974830627441,
            "targeted_true_logit": 10.11025333404541,
            "random_true_logit": 10.599774360656738,
            "targeted_logit_drop": 0.38172149658203125,
            "random_logit_drop": -0.10779953002929688,
            "logit_drop_difference": 0.4895210266113281,
            "original_margin": 11.652179837226868,
            "targeted_margin": 11.285322785377502,
            "random_margin": 11.62034010887146,
            "targeted_margin_drop": 0.36685705184936523,
            "random_margin_drop": 0.031839728355407715,
            "margin_drop_difference": 0.3350173234939575
        },
        {
            "image_index": 2450,
            "true_label": 33,
            "original_confidence": 0.9999536275863647,
            "targeted_confidence": 0.9996719360351562,
            "random_confidence": 0.9999297857284546,
            "targeted_drop": 0.0002816915512084961,
            "random_drop": 2.384185791015625e-05,
            "number_target_neurons_ablated": 5,
            "number_random_neurons_ablated": 5,
            "target_neuron_ids": [
                8907,
                21950,
                32868,
                69669,
                77271
            ],
            "random_neuron_ids": [
                16725,
                68275,
                64230,
                13494,
                54505
            ],
            "sum_target_activation": 12.542669296264648,
            "original_true_logit": 13.40332317352295,
            "targeted_true_logit": 11.477802276611328,
            "random_true_logit": 12.495393753051758,
            "targeted_logit_drop": 1.925520896911621,
            "random_logit_drop": 0.9079294204711914,
            "logit_drop_difference": 1.0175914764404297,
            "original_margin": 9.985913753509521,
            "targeted_margin": 8.031356811523438,
            "random_margin": 9.57873272895813,
            "targeted_margin_drop": 1.954556941986084,
            "random_margin_drop": 0.4071810245513916,
            "margin_drop_difference": 1.5473759174346924
        },
        {
            "image_index": 2456,
            "true_label": 33,
            "original_confidence": 1.0,
            "targeted_confidence": 1.0,
            "random_confidence": 1.0,
            "targeted_drop": 0.0,
            "random_drop": 0.0,
            "number_target_neurons_ablated": 5,
            "number_random_neurons_ablated": 5,
            "target_neuron_ids": [
                23286,
                67663,
                71786,
                75142,
                77271
            ],
            "random_neuron_ids": [
                45172,
                28985,
                45057,
                29664,
                37608
            ],
            "sum_target_activation": 10.815118789672852,
            "original_true_logit": 18.024658203125,
            "targeted_true_logit": 16.76780891418457,
            "random_true_logit": 17.536611557006836,
            "targeted_logit_drop": 1.2568492889404297,
            "random_logit_drop": 0.48804664611816406,
            "logit_drop_difference": 0.7688026428222656,
            "original_margin": 19.40559232234955,
            "targeted_margin": 17.953776836395264,
            "random_margin": 19.254048824310303,
            "targeted_margin_drop": 1.4518154859542847,
            "random_margin_drop": 0.1515434980392456,
            "margin_drop_difference": 1.300271987915039
        },
        {
            "image_index": 2478,
            "true_label": 33,
            "original_confidence": 0.999998927116394,
            "targeted_confidence": 0.9999927282333374,
            "random_confidence": 0.999998927116394,
            "targeted_drop": 6.198883056640625e-06,
            "random_drop": 0.0,
            "number_target_neurons_ablated": 5,
            "number_random_neurons_ablated": 5,
            "target_neuron_ids": [
                8907,
                23286,
                24846,
                71786,
                77271
            ],
            "random_neuron_ids": [
                14369,
                72624,
                52790,
                63890,
                19474
            ],
            "sum_target_activation": 12.281941413879395,
            "original_true_logit": 14.877717971801758,
            "targeted_true_logit": 13.278619766235352,
            "random_true_logit": 14.949246406555176,
            "targeted_logit_drop": 1.5990982055664062,
            "random_logit_drop": -0.07152843475341797,
            "logit_drop_difference": 1.6706266403198242,
            "original_margin": 14.365127384662628,
            "targeted_margin": 12.36588430404663,
            "random_margin": 14.523166745901108,
            "targeted_margin_drop": 1.9992430806159973,
            "random_margin_drop": -0.15803936123847961,
            "margin_drop_difference": 2.157282441854477
        },
        {
            "image_index": 2527,
            "true_label": 33,
            "original_confidence": 1.0,
            "targeted_confidence": 1.0,
            "random_confidence": 1.0,
            "targeted_drop": 0.0,
            "random_drop": 0.0,
            "number_target_neurons_ablated": 4,
            "number_random_neurons_ablated": 4,
            "target_neuron_ids": [
                23286,
                24846,
                32868,
                77271
            ],
            "random_neuron_ids": [
                56270,
                66577,
                64217,
                16541
            ],
            "sum_target_activation": 7.645630836486816,
            "original_true_logit": 16.121641159057617,
            "targeted_true_logit": 15.299851417541504,
            "random_true_logit": 16.097625732421875,
            "targeted_logit_drop": 0.8217897415161133,
            "random_logit_drop": 0.024015426635742188,
            "logit_drop_difference": 0.7977743148803711,
            "original_margin": 19.102503061294556,
            "targeted_margin": 18.253475427627563,
            "random_margin": 19.138327598571777,
            "targeted_margin_drop": 0.8490276336669922,
            "random_margin_drop": -0.03582453727722168,
            "margin_drop_difference": 0.8848521709442139
        }
    ]
}

Saved results to: /home/woody/rlvl/rlvl172v/revelio/causal_results/image512/active_oxford_upft1_ablation_20260908_203155.json
=== JOB_STATISTICS ===
=== current date     : Tue Sep  8 08:31:57 PM CEST 2026
= Job-ID             : 1806715 on tinygpu
= Job-Name           : active_causal
= Job-Command        : /home/woody/rlvl/rlvl172v/revelio/diffc_image_classification/run_active_causal_ablation.sh
= Initial workdir    : /home/woody/rlvl/rlvl172v/revelio/diffc_image_classification
= Queue/Partition    : a100
= Slurm account      : rlvl with QOS=normal
= Requested resources:  for 00:05:00
= Elapsed runtime    : 00:00:43
= Total RAM usage    : 10.2 GiB of requested  GiB (%)   
= Node list          : tg095
= Subm/Elig/Start/End: 2026-09-08T20:19:35 / 2026-09-08T20:19:35 / 2026-09-08T20:31:14 / 2026-09-08T20:31:57
======================
=== Quota infos ======
    Path                 Used     SoftQ    HardQ    Gracetime  Filec    FileQ    FiHaQ    FileGrace    
    /home/woody           356.0G  1000.0G  1500.0G        N/A   1,249K   5,000K   7,500K        N/A    
    /home/hpc              26.8G   104.9G   209.7G        N/A   3,222      500K   1,000K        N/A    
======================
=== GPU utilization ==
gpu_name, gpu_bus_id, pid, gpu_utilization [%], mem_utilization [%], max_memory_usage [MiB], time [ms]
NVIDIA A100-SXM4-40GB, 00000000:01:00.0, 1529224, 13 %, 4 %, 17118 MiB, 28742 ms
