### Starting TaskPrologue of job 1818622 on tg094 at Mon Sep 21 11:11:50 PM CEST 2026
Running on cores 96-127 with governor ondemand
Mon Sep 21 23:11:50 2026       
+-----------------------------------------------------------------------------------------+
| NVIDIA-SMI 615.71.09              KMD Version: 615.71.09     CUDA UMD Version: 13.4     |
+-----------------------------------------+------------------------+----------------------+
| GPU  Name                 Persistence-M | Bus-Id          Disp.A | Volatile Uncorr. ECC |
| Fan  Temp   Perf          Pwr:Usage/Cap |           Memory-Usage | GPU-Util  Compute M. |
|                                         |                        |               MIG M. |
|=========================================+========================+======================|
|   0  NVIDIA A100-SXM4-40GB          On  |   00000000:C1:00.0 Off |                    0 |
| N/A   34C    P0             54W /  400W |       0MiB /  40960MiB |      0%      Default |
|                                         |                        |             Disabled |
+-----------------------------------------+------------------------+----------------------+

+-----------------------------------------------------------------------------------------+
| Processes:                                                                              |
|  GPU   GI   CI              PID   Type   Process name                        GPU Memory |
|        ID   ID                                                               Usage      |
|=========================================================================================|
|  No running processes found                                                             |
+-----------------------------------------------------------------------------------------+
### Finished TaskPrologue

Job ID: 1818622
Node: tg094
Python: /home/woody/rlvl/rlvl172v/conda_envs/revelio/bin/python
Starting up_ft:1 training
Mon Sep 21 23:11:52 2026       
+-----------------------------------------------------------------------------------------+
| NVIDIA-SMI 615.71.09              KMD Version: 615.71.09     CUDA UMD Version: 13.4     |
+-----------------------------------------+------------------------+----------------------+
| GPU  Name                 Persistence-M | Bus-Id          Disp.A | Volatile Uncorr. ECC |
| Fan  Temp   Perf          Pwr:Usage/Cap |           Memory-Usage | GPU-Util  Compute M. |
|                                         |                        |               MIG M. |
|=========================================+========================+======================|
|   0  NVIDIA A100-SXM4-40GB          On  |   00000000:C1:00.0 Off |                    0 |
| N/A   35C    P0             74W /  400W |       0MiB /  40960MiB |      0%      Default |
|                                         |                        |             Disabled |
+-----------------------------------------+------------------------+----------------------+

+-----------------------------------------------------------------------------------------+
| Processes:                                                                              |
|  GPU   GI   CI              PID   Type   Process name                        GPU Memory |
|        ID   ID                                                               Usage      |
|=========================================================================================|
|  No running processes found                                                             |
+-----------------------------------------------------------------------------------------+
up_ft:1 training finished
=== JOB_STATISTICS ===
=== current date     : Tue Sep 22 02:55:28 AM CEST 2026
= Job-ID             : 1818622 on tinygpu
= Job-Name           : diffc_pet_upft1
= Job-Command        : /home/woody/rlvl/rlvl172v/revelio/diffc_image_classification/train_t25_upft1_oxfordpet.sh
= Initial workdir    : /home/woody/rlvl/rlvl172v/revelio/diffc_image_classification
= Queue/Partition    : a100
= Slurm account      : rlvl with QOS=normal
= Requested resources:  for 16:00:00
= Elapsed runtime    : 03:43:45
= Total RAM usage    : 10.4 GiB of requested  GiB (%)   
= Node list          : tg094
= Subm/Elig/Start/End: 2026-09-21T18:00:14 / 2026-09-21T18:00:14 / 2026-09-21T23:11:42 / 2026-09-22T02:55:27
======================
=== Quota infos ======
    Path                 Used     SoftQ    HardQ    Gracetime  Filec    FileQ    FiHaQ    FileGrace    
    /home/woody           426.7G  1000.0G  1500.0G        N/A   1,251K   5,000K   7,500K        N/A    
    /home/hpc              28.9G   104.9G   209.7G        N/A   3,229      500K   1,000K        N/A    
======================
=== GPU utilization ==
gpu_name, gpu_bus_id, pid, gpu_utilization [%], mem_utilization [%], max_memory_usage [MiB], time [ms]
NVIDIA A100-SXM4-40GB, 00000000:C1:00.0, 20064, 83 %, 34 %, 37034 MiB, 13397520 ms
