### Starting TaskPrologue of job 1818620 on tg093 at Mon Sep 21 07:04:34 PM CEST 2026
Running on cores 0-31 with governor ondemand
Mon Sep 21 19:04:34 2026       
+-----------------------------------------------------------------------------------------+
| NVIDIA-SMI 615.71.09              KMD Version: 615.71.09     CUDA UMD Version: 13.4     |
+-----------------------------------------+------------------------+----------------------+
| GPU  Name                 Persistence-M | Bus-Id          Disp.A | Volatile Uncorr. ECC |
| Fan  Temp   Perf          Pwr:Usage/Cap |           Memory-Usage | GPU-Util  Compute M. |
|                                         |                        |               MIG M. |
|=========================================+========================+======================|
|   0  NVIDIA A100-SXM4-40GB          On  |   00000000:41:00.0 Off |                    0 |
| N/A   44C    P0             56W /  400W |       0MiB /  40960MiB |      0%      Default |
|                                         |                        |             Disabled |
+-----------------------------------------+------------------------+----------------------+

+-----------------------------------------------------------------------------------------+
| Processes:                                                                              |
|  GPU   GI   CI              PID   Type   Process name                        GPU Memory |
|        ID   ID                                                               Usage      |
|=========================================================================================|
|  No running processes found                                                             |
+-----------------------------------------------------------------------------------------+
### Finished TaskPrologue

Job ID: 1818620
Node: tg093
Python: /home/woody/rlvl/rlvl172v/conda_envs/revelio/bin/python
Starting bottleneck:0 training
Mon Sep 21 19:04:36 2026       
+-----------------------------------------------------------------------------------------+
| NVIDIA-SMI 615.71.09              KMD Version: 615.71.09     CUDA UMD Version: 13.4     |
+-----------------------------------------+------------------------+----------------------+
| GPU  Name                 Persistence-M | Bus-Id          Disp.A | Volatile Uncorr. ECC |
| Fan  Temp   Perf          Pwr:Usage/Cap |           Memory-Usage | GPU-Util  Compute M. |
|                                         |                        |               MIG M. |
|=========================================+========================+======================|
|   0  NVIDIA A100-SXM4-40GB          On  |   00000000:41:00.0 Off |                    0 |
| N/A   44C    P0             62W /  400W |       0MiB /  40960MiB |      0%      Default |
|                                         |                        |             Disabled |
+-----------------------------------------+------------------------+----------------------+

+-----------------------------------------------------------------------------------------+
| Processes:                                                                              |
|  GPU   GI   CI              PID   Type   Process name                        GPU Memory |
|        ID   ID                                                               Usage      |
|=========================================================================================|
|  No running processes found                                                             |
+-----------------------------------------------------------------------------------------+
Bottleneck training finished
=== JOB_STATISTICS ===
=== current date     : Mon Sep 21 10:49:36 PM CEST 2026
= Job-ID             : 1818620 on tinygpu
= Job-Name           : diffc_pet_bottleneck
= Job-Command        : /home/woody/rlvl/rlvl172v/revelio/diffc_image_classification/train_t25_mid_oxfordpet.sh
= Initial workdir    : /home/woody/rlvl/rlvl172v/revelio/diffc_image_classification
= Queue/Partition    : a100
= Slurm account      : rlvl with QOS=normal
= Requested resources:  for 16:00:00
= Elapsed runtime    : 03:45:04
= Total RAM usage    : 10.6 GiB of requested  GiB (%)   
= Node list          : tg093
= Subm/Elig/Start/End: 2026-09-21T17:59:57 / 2026-09-21T17:59:57 / 2026-09-21T19:04:32 / 2026-09-21T22:49:36
======================
=== Quota infos ======
    Path                 Used     SoftQ    HardQ    Gracetime  Filec    FileQ    FiHaQ    FileGrace    
    /home/hpc              28.9G   104.9G   209.7G        N/A   3,229      500K   1,000K        N/A    
    /home/woody           410.9G  1000.0G  1500.0G        N/A   1,251K   5,000K   7,500K        N/A    
======================
=== GPU utilization ==
gpu_name, gpu_bus_id, pid, gpu_utilization [%], mem_utilization [%], max_memory_usage [MiB], time [ms]
NVIDIA A100-SXM4-40GB, 00000000:41:00.0, 2131431, 83 %, 33 %, 37034 MiB, 13486755 ms
