### Starting TaskPrologue of job 1814635 on tg097 at Wed Sep 16 02:07:55 PM CEST 2026
Running on cores 32-63 with governor ondemand
Wed Sep 16 14:07:55 2026       
+-----------------------------------------------------------------------------------------+
| NVIDIA-SMI 610.57.04              KMD Version: 610.57.04     CUDA UMD Version: 13.3     |
+-----------------------------------------+------------------------+----------------------+
| GPU  Name                 Persistence-M | Bus-Id          Disp.A | Volatile Uncorr. ECC |
| Fan  Temp   Perf          Pwr:Usage/Cap |           Memory-Usage | GPU-Util  Compute M. |
|                                         |                        |               MIG M. |
|=========================================+========================+======================|
|   0  NVIDIA A100-SXM4-40GB          On  |   00000000:41:00.0 Off |                    0 |
| N/A   47C    P0             89W /  400W |       0MiB /  40960MiB |      0%      Default |
|                                         |                        |             Disabled |
+-----------------------------------------+------------------------+----------------------+

+-----------------------------------------------------------------------------------------+
| Processes:                                                                              |
|  GPU   GI   CI              PID   Type   Process name                        GPU Memory |
|        ID   ID                                                               Usage      |
|=========================================================================================|
|  No running processes found                                                             |
+-----------------------------------------------------------------------------------------+
### Finished TaskPrologue

Job ID: 1814635
Node: tg097
Python: /home/woody/rlvl/rlvl172v/conda_envs/revelio/bin/python
Starting up_ft:1 training
Wed Sep 16 14:07:57 2026       
+-----------------------------------------------------------------------------------------+
| NVIDIA-SMI 610.57.04              KMD Version: 610.57.04     CUDA UMD Version: 13.3     |
+-----------------------------------------+------------------------+----------------------+
| GPU  Name                 Persistence-M | Bus-Id          Disp.A | Volatile Uncorr. ECC |
| Fan  Temp   Perf          Pwr:Usage/Cap |           Memory-Usage | GPU-Util  Compute M. |
|                                         |                        |               MIG M. |
|=========================================+========================+======================|
|   0  NVIDIA A100-SXM4-40GB          On  |   00000000:41:00.0 Off |                    0 |
| N/A   47C    P0             89W /  400W |       0MiB /  40960MiB |      0%      Default |
|                                         |                        |             Disabled |
+-----------------------------------------+------------------------+----------------------+

+-----------------------------------------------------------------------------------------+
| Processes:                                                                              |
|  GPU   GI   CI              PID   Type   Process name                        GPU Memory |
|        ID   ID                                                               Usage      |
|=========================================================================================|
|  No running processes found                                                             |
+-----------------------------------------------------------------------------------------+
up_ft:1 training finished
=== JOB_STATISTICS ===
=== current date     : Thu Sep 17 12:55:33 AM CEST 2026
= Job-ID             : 1814635 on tinygpu
= Job-Name           : diffc_pet_upft1
= Job-Command        : /home/woody/rlvl/rlvl172v/revelio/diffc_image_classification/train_t25_upft1_oxford_SD2.sh
= Initial workdir    : /home/woody/rlvl/rlvl172v/revelio/diffc_image_classification
= Queue/Partition    : a100
= Slurm account      : rlvl with QOS=normal
= Requested resources:  for 16:00:00
= Elapsed runtime    : 10:47:39
= Total RAM usage    : 11.3 GiB of requested  GiB (%)   
= Node list          : tg097
= Subm/Elig/Start/End: 2026-09-16T14:07:00 / 2026-09-16T14:07:00 / 2026-09-16T14:07:54 / 2026-09-17T00:55:33
======================
=== Quota infos ======
    Path                 Used     SoftQ    HardQ    Gracetime  Filec    FileQ    FiHaQ    FileGrace    
    /home/woody           372.4G  1000.0G  1500.0G        N/A   1,250K   5,000K   7,500K        N/A    
    /home/hpc              28.9G   104.9G   209.7G        N/A   3,229      500K   1,000K        N/A    
======================
=== GPU utilization ==
gpu_name, gpu_bus_id, pid, gpu_utilization [%], mem_utilization [%], max_memory_usage [MiB], time [ms]
NVIDIA A100-SXM4-40GB, 00000000:41:00.0, 2425668, 83 %, 34 %, 37070 MiB, 38842407 ms
