### Starting TaskPrologue of job 1818621 on tg097 at Mon Sep 21 07:06:06 PM CEST 2026
Running on cores 96-127 with governor ondemand
Mon Sep 21 19:06:06 2026       
+-----------------------------------------------------------------------------------------+
| NVIDIA-SMI 610.57.04              KMD Version: 610.57.04     CUDA UMD Version: 13.3     |
+-----------------------------------------+------------------------+----------------------+
| GPU  Name                 Persistence-M | Bus-Id          Disp.A | Volatile Uncorr. ECC |
| Fan  Temp   Perf          Pwr:Usage/Cap |           Memory-Usage | GPU-Util  Compute M. |
|                                         |                        |               MIG M. |
|=========================================+========================+======================|
|   0  NVIDIA A100-SXM4-40GB          On  |   00000000:C1:00.0 Off |                    0 |
| N/A   41C    P0             57W /  400W |       0MiB /  40960MiB |      0%      Default |
|                                         |                        |             Disabled |
+-----------------------------------------+------------------------+----------------------+

+-----------------------------------------------------------------------------------------+
| Processes:                                                                              |
|  GPU   GI   CI              PID   Type   Process name                        GPU Memory |
|        ID   ID                                                               Usage      |
|=========================================================================================|
|  No running processes found                                                             |
+-----------------------------------------------------------------------------------------+
### Finished TaskPrologue

Job ID: 1818621
Node: tg097
Python: /home/woody/rlvl/rlvl172v/conda_envs/revelio/bin/python
Starting up_ft:0 training
Mon Sep 21 19:06:08 2026       
+-----------------------------------------------------------------------------------------+
| NVIDIA-SMI 610.57.04              KMD Version: 610.57.04     CUDA UMD Version: 13.3     |
+-----------------------------------------+------------------------+----------------------+
| GPU  Name                 Persistence-M | Bus-Id          Disp.A | Volatile Uncorr. ECC |
| Fan  Temp   Perf          Pwr:Usage/Cap |           Memory-Usage | GPU-Util  Compute M. |
|                                         |                        |               MIG M. |
|=========================================+========================+======================|
|   0  NVIDIA A100-SXM4-40GB          On  |   00000000:C1:00.0 Off |                    0 |
| N/A   41C    P0             68W /  400W |       0MiB /  40960MiB |      0%      Default |
|                                         |                        |             Disabled |
+-----------------------------------------+------------------------+----------------------+

+-----------------------------------------------------------------------------------------+
| Processes:                                                                              |
|  GPU   GI   CI              PID   Type   Process name                        GPU Memory |
|        ID   ID                                                               Usage      |
|=========================================================================================|
|  No running processes found                                                             |
+-----------------------------------------------------------------------------------------+
up_ft:0 training finished
=== JOB_STATISTICS ===
=== current date     : Mon Sep 21 10:49:53 PM CEST 2026
= Job-ID             : 1818621 on tinygpu
= Job-Name           : diffc_pet_upft0
= Job-Command        : /home/woody/rlvl/rlvl172v/revelio/diffc_image_classification/train_t25_upft0_oxfordpet.sh
= Initial workdir    : /home/woody/rlvl/rlvl172v/revelio/diffc_image_classification
= Queue/Partition    : a100
= Slurm account      : rlvl with QOS=normal
= Requested resources:  for 16:00:00
= Elapsed runtime    : 03:43:48
= Total RAM usage    : 10.5 GiB of requested  GiB (%)   
= Node list          : tg097
= Subm/Elig/Start/End: 2026-09-21T18:00:10 / 2026-09-21T18:00:10 / 2026-09-21T19:06:05 / 2026-09-21T22:49:53
======================
=== Quota infos ======
    Path                 Used     SoftQ    HardQ    Gracetime  Filec    FileQ    FiHaQ    FileGrace    
    /home/woody           414.8G  1000.0G  1500.0G        N/A   1,251K   5,000K   7,500K        N/A    
    /home/hpc              28.9G   104.9G   209.7G        N/A   3,229      500K   1,000K        N/A    
======================
=== GPU utilization ==
gpu_name, gpu_bus_id, pid, gpu_utilization [%], mem_utilization [%], max_memory_usage [MiB], time [ms]
NVIDIA A100-SXM4-40GB, 00000000:C1:00.0, 3923935, 83 %, 34 %, 37034 MiB, 13415056 ms
