### Starting TaskPrologue of job 1813668 on tg092 at Tue Sep 15 12:22:30 PM CEST 2026
Running on cores 32-63 with governor ondemand
Tue Sep 15 12:22:30 2026       
+-----------------------------------------------------------------------------------------+
| NVIDIA-SMI 615.71.09              KMD Version: 615.71.09     CUDA UMD Version: 13.4     |
+-----------------------------------------+------------------------+----------------------+
| GPU  Name                 Persistence-M | Bus-Id          Disp.A | Volatile Uncorr. ECC |
| Fan  Temp   Perf          Pwr:Usage/Cap |           Memory-Usage | GPU-Util  Compute M. |
|                                         |                        |               MIG M. |
|=========================================+========================+======================|
|   0  NVIDIA A100-SXM4-40GB          On  |   00000000:81:00.0 Off |                    0 |
| N/A   42C    P0             57W /  400W |       0MiB /  40960MiB |      0%      Default |
|                                         |                        |             Disabled |
+-----------------------------------------+------------------------+----------------------+

+-----------------------------------------------------------------------------------------+
| Processes:                                                                              |
|  GPU   GI   CI              PID   Type   Process name                        GPU Memory |
|        ID   ID                                                               Usage      |
|=========================================================================================|
|  No running processes found                                                             |
+-----------------------------------------------------------------------------------------+
### Finished TaskPrologue

Device: cuda | dtype: torch.float16
Loading normal Stable Diffusion pipeline...
Hook module: up_ft:1 | CrossAttnUpBlock2D
Loading k-SAE and feature statistics...
Target class 18: 34 qualifying features
Eligible insertion-control pool: 190 features
Loading dataset...
Target: keeshond | Source: pug | images: [1713, 1697, 3368, 565, 2341]
Finished index=1713 label=pug baseline_mse=0.005083
Finished index=1697 label=pug baseline_mse=0.001244
Finished index=3368 label=pug baseline_mse=0.001673
Finished index=565 label=pug baseline_mse=0.006676
Finished index=2341 label=pug baseline_mse=0.001162
Saved: /home/woody/rlvl/rlvl172v/revelio/qualitative_interventions/keeshond_from_pug2/summary.json
=== JOB_STATISTICS ===
=== current date     : Tue Sep 15 12:23:05 PM CEST 2026
= Job-ID             : 1813668 on tinygpu
= Job-Name           : qualitative_sae_intervention
= Job-Command        : /home/woody/rlvl/rlvl172v/revelio/diffc_image_classification/run_qualitative_sae_intervention.sh
= Initial workdir    : /home/woody/rlvl/rlvl172v/revelio/diffc_image_classification
= Queue/Partition    : a100
= Slurm account      : rlvl with QOS=normal
= Requested resources:  for 00:05:00
= Elapsed runtime    : 00:00:38
= Total RAM usage    : 7.9 GiB of requested  GiB (%)   
= Node list          : tg092
= Subm/Elig/Start/End: 2026-09-15T12:14:12 / 2026-09-15T12:14:12 / 2026-09-15T12:22:27 / 2026-09-15T12:23:05
======================
=== Quota infos ======
    Path                 Used     SoftQ    HardQ    Gracetime  Filec    FileQ    FiHaQ    FileGrace    
    /home/hpc              26.8G   104.9G   209.7G        N/A   3,222      500K   1,000K        N/A    
    /home/woody           356.0G  1000.0G  1500.0G        N/A   1,250K   5,000K   7,500K        N/A    
======================
=== GPU utilization ==
gpu_name, gpu_bus_id, pid, gpu_utilization [%], mem_utilization [%], max_memory_usage [MiB], time [ms]
NVIDIA A100-SXM4-40GB, 00000000:81:00.0, 172104, 11 %, 2 %, 4356 MiB, 23669 ms
