/home/woody/rlvl/rlvl172v/conda_envs/revelio/lib/python3.10/site-packages/xformers/ops/fmha/flash.py:211: FutureWarning: `torch.library.impl_abstract` was renamed to `torch.library.register_fake`. Please use that instead; we will remove `torch.library.impl_abstract` in a future version of PyTorch.
  @torch.library.impl_abstract("xformers_flash::flash_fwd")
/home/woody/rlvl/rlvl172v/conda_envs/revelio/lib/python3.10/site-packages/xformers/ops/fmha/flash.py:344: FutureWarning: `torch.library.impl_abstract` was renamed to `torch.library.register_fake`. Please use that instead; we will remove `torch.library.impl_abstract` in a future version of PyTorch.
  @torch.library.impl_abstract("xformers_flash::flash_bwd")
2026-09-15 12:22:43 PID=172104 __init__.py:49 setup_logging() INFO → 'standard' logger initialized.
2026-09-15 12:22:43 PID=172104 config.py:58 <module>() INFO → PyTorch version 2.4.0 available.
Couldn't connect to the Hub: Cannot reach https://huggingface.co/api/models/runwayml/stable-diffusion-v1-5: offline mode is enabled. To disable it, please unset the `HF_HUB_OFFLINE` environment variable..
Will try to load from local cache.
Loading pipeline components...:   0%|          | 0/6 [00:00<?, ?it/s]Loading pipeline components...:  17%|█▋        | 1/6 [00:04<00:21,  4.34s/it]/home/woody/rlvl/rlvl172v/conda_envs/revelio/lib/python3.10/site-packages/transformers/tokenization_utils_base.py:1601: FutureWarning: `clean_up_tokenization_spaces` was not set. It will be set to `True` by default. This behavior will be depracted in transformers v4.45, and will be then set to `False` by default. For more details check this issue: https://github.com/huggingface/transformers/issues/31884
  warnings.warn(
Loading pipeline components...:  33%|███▎      | 2/6 [00:04<00:07,  1.86s/it]Loading pipeline components...:  67%|██████▋   | 4/6 [00:05<00:01,  1.01it/s]Loading pipeline components...:  83%|████████▎ | 5/6 [00:06<00:00,  1.13it/s]Loading pipeline components...: 100%|██████████| 6/6 [00:06<00:00,  1.01s/it]
/home/woody/rlvl/rlvl172v/revelio/diffc_image_classification/run_qualitative_sae_intervention.py:38: FutureWarning: You are using `torch.load` with `weights_only=False` (the current default value), which uses the default pickle module implicitly. It is possible to construct malicious pickle data which will execute arbitrary code during unpickling (See https://github.com/pytorch/pytorch/blob/main/SECURITY.md#untrusted-models for more details). In a future release, the default value for `weights_only` will be flipped to `True`. This limits the functions that could be executed during unpickling. Arbitrary objects will no longer be allowed to be loaded via this mode unless they are explicitly allowlisted by the user via `torch.serialization.add_safe_globals`. We recommend you start setting `weights_only=True` for any use case where you don't have full control of the loaded file. Please open an issue on GitHub for any issues related to this experimental feature.
  return torch.load(path, map_location=device)
/home/woody/rlvl/rlvl172v/revelio/diffc_image_classification/run_qualitative_sae_intervention.py:53: FutureWarning: You are using `torch.load` with `weights_only=False` (the current default value), which uses the default pickle module implicitly. It is possible to construct malicious pickle data which will execute arbitrary code during unpickling (See https://github.com/pytorch/pytorch/blob/main/SECURITY.md#untrusted-models for more details). In a future release, the default value for `weights_only` will be flipped to `True`. This limits the functions that could be executed during unpickling. Arbitrary objects will no longer be allowed to be loaded via this mode unless they are explicitly allowlisted by the user via `torch.serialization.add_safe_globals`. We recommend you start setting `weights_only=True` for any use case where you don't have full control of the loaded file. Please open an issue on GitHub for any issues related to this experimental feature.
  checkpoint = torch.load(checkpoint_path, map_location=device)
/home/woody/rlvl/rlvl172v/revelio/diffc_image_classification/run_qualitative_sae_intervention.py:91: FutureWarning: You are using `torch.load` with `weights_only=False` (the current default value), which uses the default pickle module implicitly. It is possible to construct malicious pickle data which will execute arbitrary code during unpickling (See https://github.com/pytorch/pytorch/blob/main/SECURITY.md#untrusted-models for more details). In a future release, the default value for `weights_only` will be flipped to `True`. This limits the functions that could be executed during unpickling. Arbitrary objects will no longer be allowed to be loaded via this mode unless they are explicitly allowlisted by the user via `torch.serialization.add_safe_globals`. We recommend you start setting `weights_only=True` for any use case where you don't have full control of the loaded file. Please open an issue on GitHub for any issues related to this experimental feature.
  cache = torch.load(path, map_location="cpu")
2026-09-15 12:22:53 PID=172104 dataset.py:85 load_huggingface_dataset() INFO → Loading dataset timm/oxford-iiit-pet with split test
Using the latest cached version of the dataset since timm/oxford-iiit-pet couldn't be found on the Hugging Face Hub (offline mode is enabled).
2026-09-15 12:22:53 PID=172104 load.py:1637 get_module() WARNING → Using the latest cached version of the dataset since timm/oxford-iiit-pet couldn't be found on the Hugging Face Hub (offline mode is enabled).
Found the latest cached dataset configuration 'default' at /home/woody/rlvl/rlvl172v/hf_cache/datasets/timm___oxford-iiit-pet/default/0.0.0/089695c834a7deb60505b7cc506672db1c31a6aa (last modified on Tue Jun  2 19:57:42 2026).
2026-09-15 12:22:53 PID=172104 cache.py:95 _find_hash_in_cache() WARNING → Found the latest cached dataset configuration 'default' at /home/woody/rlvl/rlvl172v/hf_cache/datasets/timm___oxford-iiit-pet/default/0.0.0/089695c834a7deb60505b7cc506672db1c31a6aa (last modified on Tue Jun  2 19:57:42 2026).
2026-09-15 12:22:53 PID=172104 dataset.py:88 load_huggingface_dataset() INFO → Dataset loaded: 3669 samples
