2026-09-14 15:57:24 PID=1613349 __init__.py:49 setup_logging() INFO → 'standard' logger initialized.
2026-09-14 15:57:25 PID=1613349 config.py:58 <module>() INFO → PyTorch version 2.4.0 available.
/home/woody/rlvl/rlvl172v/revelio/diffc_image_classification/run_sufficiency_dose_response.py:24: FutureWarning: You are using `torch.load` with `weights_only=False` (the current default value), which uses the default pickle module implicitly. It is possible to construct malicious pickle data which will execute arbitrary code during unpickling (See https://github.com/pytorch/pytorch/blob/main/SECURITY.md#untrusted-models for more details). In a future release, the default value for `weights_only` will be flipped to `True`. This limits the functions that could be executed during unpickling. Arbitrary objects will no longer be allowed to be loaded via this mode unless they are explicitly allowlisted by the user via `torch.serialization.add_safe_globals`. We recommend you start setting `weights_only=True` for any use case where you don't have full control of the loaded file. Please open an issue on GitHub for any issues related to this experimental feature.
  return torch.load(path, map_location=device)
/home/woody/rlvl/rlvl172v/revelio/diffc_image_classification/run_sufficiency_dose_response.py:39: FutureWarning: You are using `torch.load` with `weights_only=False` (the current default value), which uses the default pickle module implicitly. It is possible to construct malicious pickle data which will execute arbitrary code during unpickling (See https://github.com/pytorch/pytorch/blob/main/SECURITY.md#untrusted-models for more details). In a future release, the default value for `weights_only` will be flipped to `True`. This limits the functions that could be executed during unpickling. Arbitrary objects will no longer be allowed to be loaded via this mode unless they are explicitly allowlisted by the user via `torch.serialization.add_safe_globals`. We recommend you start setting `weights_only=True` for any use case where you don't have full control of the loaded file. Please open an issue on GitHub for any issues related to this experimental feature.
  checkpoint = torch.load(checkpoint_path, map_location=device)
/home/woody/rlvl/rlvl172v/conda_envs/revelio/lib/python3.10/site-packages/xformers/ops/fmha/flash.py:211: FutureWarning: `torch.library.impl_abstract` was renamed to `torch.library.register_fake`. Please use that instead; we will remove `torch.library.impl_abstract` in a future version of PyTorch.
  @torch.library.impl_abstract("xformers_flash::flash_fwd")
/home/woody/rlvl/rlvl172v/conda_envs/revelio/lib/python3.10/site-packages/xformers/ops/fmha/flash.py:344: FutureWarning: `torch.library.impl_abstract` was renamed to `torch.library.register_fake`. Please use that instead; we will remove `torch.library.impl_abstract` in a future version of PyTorch.
  @torch.library.impl_abstract("xformers_flash::flash_bwd")
2026-09-14 15:57:35 PID=1613349 base_encoder.py:44 __init__() WARNING → Unfreezing MM Vision Tower: False
Couldn't connect to the Hub: Cannot reach https://huggingface.co/api/models/runwayml/stable-diffusion-v1-5: offline mode is enabled. To disable it, please unset the `HF_HUB_OFFLINE` environment variable..
Will try to load from local cache.
Loading pipeline components...:   0%|          | 0/6 [00:00<?, ?it/s]Loading pipeline components...:  17%|█▋        | 1/6 [00:00<00:00,  6.21it/s]Loading pipeline components...:  33%|███▎      | 2/6 [00:00<00:01,  3.94it/s]/home/woody/rlvl/rlvl172v/conda_envs/revelio/lib/python3.10/site-packages/transformers/tokenization_utils_base.py:1601: FutureWarning: `clean_up_tokenization_spaces` was not set. It will be set to `True` by default. This behavior will be depracted in transformers v4.45, and will be then set to `False` by default. For more details check this issue: https://github.com/huggingface/transformers/issues/31884
  warnings.warn(
Loading pipeline components...: 100%|██████████| 6/6 [00:00<00:00, 11.26it/s]Loading pipeline components...: 100%|██████████| 6/6 [00:00<00:00,  9.39it/s]
You have disabled the safety checker for <class 'feature_models.diffusion_features.OneStepSDPipeline'> by passing `safety_checker=None`. Ensure that you abide to the conditions of the Stable Diffusion license and do not expose unfiltered results in services or applications open to the public. Both the diffusers team and Hugging Face strongly recommend to keep the safety filter enabled in all public facing circumstances, disabling it only for use-cases that involve analyzing network behavior or auditing its results. For more information, please have a look at https://github.com/huggingface/diffusers/pull/254 .
/home/woody/rlvl/rlvl172v/revelio/diffc_image_classification/run_sufficiency_dose_response.py:564: FutureWarning: You are using `torch.load` with `weights_only=False` (the current default value), which uses the default pickle module implicitly. It is possible to construct malicious pickle data which will execute arbitrary code during unpickling (See https://github.com/pytorch/pytorch/blob/main/SECURITY.md#untrusted-models for more details). In a future release, the default value for `weights_only` will be flipped to `True`. This limits the functions that could be executed during unpickling. Arbitrary objects will no longer be allowed to be loaded via this mode unless they are explicitly allowlisted by the user via `torch.serialization.add_safe_globals`. We recommend you start setting `weights_only=True` for any use case where you don't have full control of the loaded file. Please open an issue on GitHub for any issues related to this experimental feature.
  checkpoint = torch.load(cfg["diffc_checkpoint_path"], map_location=device)
2026-09-14 15:58:03 PID=1613349 dataset.py:85 load_huggingface_dataset() INFO → Loading dataset timm/oxford-iiit-pet with split train
Using the latest cached version of the dataset since timm/oxford-iiit-pet couldn't be found on the Hugging Face Hub (offline mode is enabled).
2026-09-14 15:58:03 PID=1613349 load.py:1637 get_module() WARNING → Using the latest cached version of the dataset since timm/oxford-iiit-pet couldn't be found on the Hugging Face Hub (offline mode is enabled).
Found the latest cached dataset configuration 'default' at /home/woody/rlvl/rlvl172v/hf_cache/datasets/timm___oxford-iiit-pet/default/0.0.0/089695c834a7deb60505b7cc506672db1c31a6aa (last modified on Tue Jun  2 19:57:42 2026).
2026-09-14 15:58:03 PID=1613349 cache.py:95 _find_hash_in_cache() WARNING → Found the latest cached dataset configuration 'default' at /home/woody/rlvl/rlvl172v/hf_cache/datasets/timm___oxford-iiit-pet/default/0.0.0/089695c834a7deb60505b7cc506672db1c31a6aa (last modified on Tue Jun  2 19:57:42 2026).
2026-09-14 15:58:03 PID=1613349 dataset.py:88 load_huggingface_dataset() INFO → Dataset loaded: 3680 samples
2026-09-14 15:58:03 PID=1613349 dataset.py:85 load_huggingface_dataset() INFO → Loading dataset timm/oxford-iiit-pet with split test
Using the latest cached version of the dataset since timm/oxford-iiit-pet couldn't be found on the Hugging Face Hub (offline mode is enabled).
2026-09-14 15:58:03 PID=1613349 load.py:1637 get_module() WARNING → Using the latest cached version of the dataset since timm/oxford-iiit-pet couldn't be found on the Hugging Face Hub (offline mode is enabled).
Found the latest cached dataset configuration 'default' at /home/woody/rlvl/rlvl172v/hf_cache/datasets/timm___oxford-iiit-pet/default/0.0.0/089695c834a7deb60505b7cc506672db1c31a6aa (last modified on Tue Jun  2 19:57:42 2026).
2026-09-14 15:58:03 PID=1613349 cache.py:95 _find_hash_in_cache() WARNING → Found the latest cached dataset configuration 'default' at /home/woody/rlvl/rlvl172v/hf_cache/datasets/timm___oxford-iiit-pet/default/0.0.0/089695c834a7deb60505b7cc506672db1c31a6aa (last modified on Tue Jun  2 19:57:42 2026).
2026-09-14 15:58:03 PID=1613349 dataset.py:88 load_huggingface_dataset() INFO → Dataset loaded: 3669 samples
/home/woody/rlvl/rlvl172v/revelio/diffc_image_classification/run_sufficiency_dose_response.py:87: FutureWarning: You are using `torch.load` with `weights_only=False` (the current default value), which uses the default pickle module implicitly. It is possible to construct malicious pickle data which will execute arbitrary code during unpickling (See https://github.com/pytorch/pytorch/blob/main/SECURITY.md#untrusted-models for more details). In a future release, the default value for `weights_only` will be flipped to `True`. This limits the functions that could be executed during unpickling. Arbitrary objects will no longer be allowed to be loaded via this mode unless they are explicitly allowlisted by the user via `torch.serialization.add_safe_globals`. We recommend you start setting `weights_only=True` for any use case where you don't have full control of the loaded file. Please open an issue on GitHub for any issues related to this experimental feature.
  cache = torch.load(cache_path, map_location="cpu")
/home/woody/rlvl/rlvl172v/revelio/diffc_image_classification/run_sufficiency_dose_response.py:703: FutureWarning: Setting an item of incompatible dtype is deprecated and will raise an error in a future version of pandas. Value '[None, 3.574978658487911e-05, None, None, None, None, None, 0.0004392748108835228, 1.4857135725649622e-11, 2.2993208676455532e-11, None, 1.2251342928493005e-11, None, None, 1.1780834570518393e-11, 6.401236647183401e-11, 1.1780834570518393e-11, 0.5551104108349065, 0.00023612480731825407, 0.00023612480731825407, 5.206260722385401e-07, None, 4.102111780048125e-11, 1.2251342928493005e-11, 7.955305067953085e-10, 1.873375385602922e-07, 7.000686814312158e-08, 6.809641424233756e-05, None, 0.6028815185208065, None, 0.006141123715164721, None, 1.1780834570518393e-11, 1.220421150851472e-06, 1.1780834570518393e-11, 1.1780834570518393e-11]' has dtype incompatible with float64, please explicitly cast to a compatible dtype first.
  summary_df.loc[mask, "wilcoxon_fdr_within_scale"] = benjamini_hochberg(
